../Algorithm+Sensors/BNO055/bno055.c:19:26:BNO_WriteReg	32	static
../Algorithm+Sensors/BNO055/bno055.c:25:16:BNO_ReadReg	40	static
../Algorithm+Sensors/BNO055/bno055.c:32:26:BNO_WriteMulti	48	static
../Algorithm+Sensors/BNO055/bno055.c:40:26:BNO_ReadMulti	48	static
../Algorithm+Sensors/BNO055/bno055.c:45:13:BNO_SetPage	16	static
../Algorithm+Sensors/BNO055/bno055.c:69:20:BNO_Delay	16	static
../Algorithm+Sensors/BNO055/bno055.c:84:14:BNO055_Init	32	static
../Algorithm+Sensors/BNO055/bno055.c:256:14:BNO055_ReadAccel	24	static
../Algorithm+Sensors/BNO055/bno055.c:273:14:BNO055_ReadGyro	24	static
../Algorithm+Sensors/BNO055/bno055.c:291:14:BNO055_ReadMag	24	static
../Algorithm+Sensors/BNO055/bno055.c:311:14:BNO055_ReadEuler	24	static
../Algorithm+Sensors/BNO055/bno055.c:329:14:BNO055_ReadQuaternion	24	static
../Algorithm+Sensors/BNO055/bno055.c:348:14:BNO055_ReadCalibration	24	static
../Algorithm+Sensors/BNO055/bno055.c:361:14:BNO055_ReadEuler_DMA	24	static
../Algorithm+Sensors/BNO055/bno055.c:370:14:BNO055_ReadAccel_DMA	24	static
../Algorithm+Sensors/BNO055/bno055.c:379:14:BNO055_ReadGyro_DMA	24	static
../Algorithm+Sensors/BNO055/bno055.c:388:14:BNO055_ReadMag_DMA	24	static
../Algorithm+Sensors/BNO055/bno055.c:397:14:BNO055_ReadQuaternion_DMA	24	static
../Algorithm+Sensors/BNO055/bno055.c:408:6:BNO055_ParseEulerBuffer	32	static
../Algorithm+Sensors/BNO055/bno055.c:425:6:BNO055_ParseAccelBuffer	32	static
../Algorithm+Sensors/BNO055/bno055.c:442:6:BNO055_ParseGyroBuffer	32	static
