../Core/Src/main.c:95:5:main	16	static
../Core/Src/main.c:159:6:SystemClock_Config	88	static
../Core/Src/main.c:206:13:MX_I2C1_Init	8	static
../Core/Src/main.c:240:13:MX_I2C3_Init	8	static
../Core/Src/main.c:274:13:MX_UART4_Init	8	static
../Core/Src/main.c:307:13:MX_USART3_UART_Init	8	static
../Core/Src/main.c:338:13:MX_DMA_Init	16	static
../Core/Src/main.c:365:13:MX_GPIO_Init	56	static
../Core/Src/main.c:596:6:HAL_UART_RxCpltCallback	16	static
../Core/Src/main.c:625:6:HAL_TIM_PeriodElapsedCallback	16	static
../Core/Src/main.c:643:6:Error_Handler	4	static
