../Tasks/tasks_app.c:69:6:System_Tasks_Init	16	static
../Tasks/tasks_app.c:123:6:BT_ISR_Data_Handler	24	static,ignoring_inline_asm
../Tasks/tasks_app.c:137:13:vBTTask	32	static
../Tasks/tasks_app.c:184:13:vBNOTask	120	static
../Tasks/tasks_app.c:242:13:vMS5837Task	40	static
../Tasks/tasks_app.c:303:13:vPitchPidTask	16	static
../Tasks/tasks_app.c:313:13:vYawRollPidTask	16	static
../Tasks/tasks_app.c:323:6:vApplicationStackOverflowHook	16	static
../Tasks/tasks_app.c:340:6:Callback_BNO_DMA_Rx	16	static,ignoring_inline_asm
../Tasks/tasks_app.c:347:6:Callback_BNO_Error	16	static,ignoring_inline_asm
../Tasks/tasks_app.c:355:6:My_RTOS_Delay_Func	40	static
../Tasks/tasks_app.c:369:6:HAL_I2C_MemRxCpltCallback	16	static
../Tasks/tasks_app.c:380:6:HAL_I2C_MasterRxCpltCallback	16	static
../Tasks/tasks_app.c:389:6:HAL_I2C_MasterTxCpltCallback	16	static
../Tasks/tasks_app.c:398:6:HAL_I2C_ErrorCallback	16	static
../Tasks/tasks_app.c:413:6:MS5837_DMA_Callback	16	static,ignoring_inline_asm
../Tasks/tasks_app.c:420:6:MS5837_DMA_Error_Callback	8	static
