17:47:35 **** Build of configuration Debug for project underwater_rocket ****
make -j20 all 
arm-none-eabi-gcc "../Thirdparty/SEGGER/SEGGER/Syscalls/SEGGER_RTT_Syscalls_GCC.c" -mcpu=cortex-m4 -std=gnu11 -g3 -DDEBUG -DUSE_HAL_DRIVER -DSTM32F407xx -c -I../Core/Inc -I"C:/Users/husey/OneDrive/Masaüstü/Underwater_rocket/RTOS_workspace/underwater_rocket/Tasks" -I"C:/Users/husey/OneDrive/Masaüstü/Underwater_rocket/RTOS_workspace/underwater_rocket/Algorithm+Sensors/BLUETHOOTH" -I"C:/Users/husey/OneDrive/Masaüstü/Underwater_rocket/RTOS_workspace/underwater_rocket/Algorithm+Sensors/BNO055" -I"C:/Users/husey/OneDrive/Masaüstü/Underwater_rocket/RTOS_workspace/underwater_rocket/Algorithm+Sensors/MAESTRO" -I"C:/Users/husey/OneDrive/Masaüstü/Underwater_rocket/RTOS_workspace/underwater_rocket/Algorithm+Sensors/MS5837" -I"C:/Users/husey/OneDrive/Masaüstü/Underwater_rocket/RTOS_workspace/underwater_rocket/Algorithm+Sensors/PID" -I"C:/Users/husey/OneDrive/Masaüstü/Underwater_rocket/RTOS_workspace/underwater_rocket/Thirdparty/SEGGER/Config" -I"C:/Users/husey/OneDrive/Masaüstü/Underwater_rocket/RTOS_workspace/underwater_rocket/Thirdparty/SEGGER/OS" -I"C:/Users/husey/OneDrive/Masaüstü/Underwater_rocket/RTOS_workspace/underwater_rocket/Thirdparty/SEGGER/SEGGER" -I"C:/Users/husey/OneDrive/Masaüstü/Underwater_rocket/RTOS_workspace/underwater_rocket/Thirdparty/FreeRTOS" -I"C:/Users/husey/OneDrive/Masaüstü/Underwater_rocket/RTOS_workspace/underwater_rocket/Thirdparty/FreeRTOS/include" -I"C:/Users/husey/OneDrive/Masaüstü/Underwater_rocket/RTOS_workspace/underwater_rocket/Thirdparty/FreeRTOS/portable/GCC/ARM_CM4F" -I../Drivers/STM32F4xx_HAL_Driver/Inc -I../Drivers/STM32F4xx_HAL_Driver/Inc/Legacy -I../Drivers/CMSIS/Device/ST/STM32F4xx/Include -I../Drivers/CMSIS/Include -O0 -ffunction-sections -fdata-sections -Wall -fstack-usage -fcyclomatic-complexity -MMD -MP -MF"Thirdparty/SEGGER/SEGGER/Syscalls/SEGGER_RTT_Syscalls_GCC.d" -MT"Thirdparty/SEGGER/SEGGER/Syscalls/SEGGER_RTT_Syscalls_GCC.o" --specs=nano.specs -mfpu=fpv4-sp-d16 -mfloat-abi=hard -mthumb -o "Thirdparty/SEGGER/SEGGER/Syscalls/SEGGER_RTT_Syscalls_GCC.o"
arm-none-eabi-gcc "../Thirdparty/SEGGER/SEGGER/SEGGER_RTT.c" -mcpu=cortex-m4 -std=gnu11 -g3 -DDEBUG -DUSE_HAL_DRIVER -DSTM32F407xx -c -I../Core/Inc -I"C:/Users/husey/OneDrive/Masaüstü/Underwater_rocket/RTOS_workspace/underwater_rocket/Tasks" -I"C:/Users/husey/OneDrive/Masaüstü/Underwater_rocket/RTOS_workspace/underwater_rocket/Algorithm+Sensors/BLUETHOOTH" -I"C:/Users/husey/OneDrive/Masaüstü/Underwater_rocket/RTOS_workspace/underwater_rocket/Algorithm+Sensors/BNO055" -I"C:/Users/husey/OneDrive/Masaüstü/Underwater_rocket/RTOS_workspace/underwater_rocket/Algorithm+Sensors/MAESTRO" -I"C:/Users/husey/OneDrive/Masaüstü/Underwater_rocket/RTOS_workspace/underwater_rocket/Algorithm+Sensors/MS5837" -I"C:/Users/husey/OneDrive/Masaüstü/Underwater_rocket/RTOS_workspace/underwater_rocket/Algorithm+Sensors/PID" -I"C:/Users/husey/OneDrive/Masaüstü/Underwater_rocket/RTOS_workspace/underwater_rocket/Thirdparty/SEGGER/Config" -I"C:/Users/husey/OneDrive/Masaüstü/Underwater_rocket/RTOS_workspace/underwater_rocket/Thirdparty/SEGGER/OS" -I"C:/Users/husey/OneDrive/Masaüstü/Underwater_rocket/RTOS_workspace/underwater_rocket/Thirdparty/SEGGER/SEGGER" -I"C:/Users/husey/OneDrive/Masaüstü/Underwater_rocket/RTOS_workspace/underwater_rocket/Thirdparty/FreeRTOS" -I"C:/Users/husey/OneDrive/Masaüstü/Underwater_rocket/RTOS_workspace/underwater_rocket/Thirdparty/FreeRTOS/include" -I"C:/Users/husey/OneDrive/Masaüstü/Underwater_rocket/RTOS_workspace/underwater_rocket/Thirdparty/FreeRTOS/portable/GCC/ARM_CM4F" -I../Drivers/STM32F4xx_HAL_Driver/Inc -I../Drivers/STM32F4xx_HAL_Driver/Inc/Legacy -I../Drivers/CMSIS/Device/ST/STM32F4xx/Include -I../Drivers/CMSIS/Include -O0 -ffunction-sections -fdata-sections -Wall -fstack-usage -fcyclomatic-complexity -MMD -MP -MF"Thirdparty/SEGGER/SEGGER/SEGGER_RTT.d" -MT"Thirdparty/SEGGER/SEGGER/SEGGER_RTT.o" --specs=nano.specs -mfpu=fpv4-sp-d16 -mfloat-abi=hard -mthumb -o "Thirdparty/SEGGER/SEGGER/SEGGER_RTT.o"
arm-none-eabi-gcc -mcpu=cortex-m4 -g3 -DDEBUG -c -I"C:/Users/husey/OneDrive/Masaüstü/Underwater_rocket/RTOS_workspace/underwater_rocket/Thirdparty/SEGGER/Config" -x assembler-with-cpp -MMD -MP -MF"Thirdparty/SEGGER/SEGGER/SEGGER_RTT_ASM_ARMv7M.d" -MT"Thirdparty/SEGGER/SEGGER/SEGGER_RTT_ASM_ARMv7M.o" --specs=nano.specs -mfpu=fpv4-sp-d16 -mfloat-abi=hard -mthumb -o "Thirdparty/SEGGER/SEGGER/SEGGER_RTT_ASM_ARMv7M.o" "../Thirdparty/SEGGER/SEGGER/SEGGER_RTT_ASM_ARMv7M.S"
arm-none-eabi-gcc "../Thirdparty/SEGGER/SEGGER/SEGGER_RTT_printf.c" -mcpu=cortex-m4 -std=gnu11 -g3 -DDEBUG -DUSE_HAL_DRIVER -DSTM32F407xx -c -I../Core/Inc -I"C:/Users/husey/OneDrive/Masaüstü/Underwater_rocket/RTOS_workspace/underwater_rocket/Tasks" -I"C:/Users/husey/OneDrive/Masaüstü/Underwater_rocket/RTOS_workspace/underwater_rocket/Algorithm+Sensors/BLUETHOOTH" -I"C:/Users/husey/OneDrive/Masaüstü/Underwater_rocket/RTOS_workspace/underwater_rocket/Algorithm+Sensors/BNO055" -I"C:/Users/husey/OneDrive/Masaüstü/Underwater_rocket/RTOS_workspace/underwater_rocket/Algorithm+Sensors/MAESTRO" -I"C:/Users/husey/OneDrive/Masaüstü/Underwater_rocket/RTOS_workspace/underwater_rocket/Algorithm+Sensors/MS5837" -I"C:/Users/husey/OneDrive/Masaüstü/Underwater_rocket/RTOS_workspace/underwater_rocket/Algorithm+Sensors/PID" -I"C:/Users/husey/OneDrive/Masaüstü/Underwater_rocket/RTOS_workspace/underwater_rocket/Thirdparty/SEGGER/Config" -I"C:/Users/husey/OneDrive/Masaüstü/Underwater_rocket/RTOS_workspace/underwater_rocket/Thirdparty/SEGGER/OS" -I"C:/Users/husey/OneDrive/Masaüstü/Underwater_rocket/RTOS_workspace/underwater_rocket/Thirdparty/SEGGER/SEGGER" -I"C:/Users/husey/OneDrive/Masaüstü/Underwater_rocket/RTOS_workspace/underwater_rocket/Thirdparty/FreeRTOS" -I"C:/Users/husey/OneDrive/Masaüstü/Underwater_rocket/RTOS_workspace/underwater_rocket/Thirdparty/FreeRTOS/include" -I"C:/Users/husey/OneDrive/Masaüstü/Underwater_rocket/RTOS_workspace/underwater_rocket/Thirdparty/FreeRTOS/portable/GCC/ARM_CM4F" -I../Drivers/STM32F4xx_HAL_Driver/Inc -I../Drivers/STM32F4xx_HAL_Driver/Inc/Legacy -I../Drivers/CMSIS/Device/ST/STM32F4xx/Include -I../Drivers/CMSIS/Include -O0 -ffunction-sections -fdata-sections -Wall -fstack-usage -fcyclomatic-complexity -MMD -MP -MF"Thirdparty/SEGGER/SEGGER/SEGGER_RTT_printf.d" -MT"Thirdparty/SEGGER/SEGGER/SEGGER_RTT_printf.o" --specs=nano.specs -mfpu=fpv4-sp-d16 -mfloat-abi=hard -mthumb -o "Thirdparty/SEGGER/SEGGER/SEGGER_RTT_printf.o"
arm-none-eabi-gcc "../Thirdparty/SEGGER/SEGGER/SEGGER_SYSVIEW.c" -mcpu=cortex-m4 -std=gnu11 -g3 -DDEBUG -DUSE_HAL_DRIVER -DSTM32F407xx -c -I../Core/Inc -I"C:/Users/husey/OneDrive/Masaüstü/Underwater_rocket/RTOS_workspace/underwater_rocket/Tasks" -I"C:/Users/husey/OneDrive/Masaüstü/Underwater_rocket/RTOS_workspace/underwater_rocket/Algorithm+Sensors/BLUETHOOTH" -I"C:/Users/husey/OneDrive/Masaüstü/Underwater_rocket/RTOS_workspace/underwater_rocket/Algorithm+Sensors/BNO055" -I"C:/Users/husey/OneDrive/Masaüstü/Underwater_rocket/RTOS_workspace/underwater_rocket/Algorithm+Sensors/MAESTRO" -I"C:/Users/husey/OneDrive/Masaüstü/Underwater_rocket/RTOS_workspace/underwater_rocket/Algorithm+Sensors/MS5837" -I"C:/Users/husey/OneDrive/Masaüstü/Underwater_rocket/RTOS_workspace/underwater_rocket/Algorithm+Sensors/PID" -I"C:/Users/husey/OneDrive/Masaüstü/Underwater_rocket/RTOS_workspace/underwater_rocket/Thirdparty/SEGGER/Config" -I"C:/Users/husey/OneDrive/Masaüstü/Underwater_rocket/RTOS_workspace/underwater_rocket/Thirdparty/SEGGER/OS" -I"C:/Users/husey/OneDrive/Masaüstü/Underwater_rocket/RTOS_workspace/underwater_rocket/Thirdparty/SEGGER/SEGGER" -I"C:/Users/husey/OneDrive/Masaüstü/Underwater_rocket/RTOS_workspace/underwater_rocket/Thirdparty/FreeRTOS" -I"C:/Users/husey/OneDrive/Masaüstü/Underwater_rocket/RTOS_workspace/underwater_rocket/Thirdparty/FreeRTOS/include" -I"C:/Users/husey/OneDrive/Masaüstü/Underwater_rocket/RTOS_workspace/underwater_rocket/Thirdparty/FreeRTOS/portable/GCC/ARM_CM4F" -I../Drivers/STM32F4xx_HAL_Driver/Inc -I../Drivers/STM32F4xx_HAL_Driver/Inc/Legacy -I../Drivers/CMSIS/Device/ST/STM32F4xx/Include -I../Drivers/CMSIS/Include -O0 -ffunction-sections -fdata-sections -Wall -fstack-usage -fcyclomatic-complexity -MMD -MP -MF"Thirdparty/SEGGER/SEGGER/SEGGER_SYSVIEW.d" -MT"Thirdparty/SEGGER/SEGGER/SEGGER_SYSVIEW.o" --specs=nano.specs -mfpu=fpv4-sp-d16 -mfloat-abi=hard -mthumb -o "Thirdparty/SEGGER/SEGGER/SEGGER_SYSVIEW.o"
arm-none-eabi-gcc "../Thirdparty/SEGGER/Rec/segger_uart.c" -mcpu=cortex-m4 -std=gnu11 -g3 -DDEBUG -DUSE_HAL_DRIVER -DSTM32F407xx -c -I../Core/Inc -I"C:/Users/husey/OneDrive/Masaüstü/Underwater_rocket/RTOS_workspace/underwater_rocket/Tasks" -I"C:/Users/husey/OneDrive/Masaüstü/Underwater_rocket/RTOS_workspace/underwater_rocket/Algorithm+Sensors/BLUETHOOTH" -I"C:/Users/husey/OneDrive/Masaüstü/Underwater_rocket/RTOS_workspace/underwater_rocket/Algorithm+Sensors/BNO055" -I"C:/Users/husey/OneDrive/Masaüstü/Underwater_rocket/RTOS_workspace/underwater_rocket/Algorithm+Sensors/MAESTRO" -I"C:/Users/husey/OneDrive/Masaüstü/Underwater_rocket/RTOS_workspace/underwater_rocket/Algorithm+Sensors/MS5837" -I"C:/Users/husey/OneDrive/Masaüstü/Underwater_rocket/RTOS_workspace/underwater_rocket/Algorithm+Sensors/PID" -I"C:/Users/husey/OneDrive/Masaüstü/Underwater_rocket/RTOS_workspace/underwater_rocket/Thirdparty/SEGGER/Config" -I"C:/Users/husey/OneDrive/Masaüstü/Underwater_rocket/RTOS_workspace/underwater_rocket/Thirdparty/SEGGER/OS" -I"C:/Users/husey/OneDrive/Masaüstü/Underwater_rocket/RTOS_workspace/underwater_rocket/Thirdparty/SEGGER/SEGGER" -I"C:/Users/husey/OneDrive/Masaüstü/Underwater_rocket/RTOS_workspace/underwater_rocket/Thirdparty/FreeRTOS" -I"C:/Users/husey/OneDrive/Masaüstü/Underwater_rocket/RTOS_workspace/underwater_rocket/Thirdparty/FreeRTOS/include" -I"C:/Users/husey/OneDrive/Masaüstü/Underwater_rocket/RTOS_workspace/underwater_rocket/Thirdparty/FreeRTOS/portable/GCC/ARM_CM4F" -I../Drivers/STM32F4xx_HAL_Driver/Inc -I../Drivers/STM32F4xx_HAL_Driver/Inc/Legacy -I../Drivers/CMSIS/Device/ST/STM32F4xx/Include -I../Drivers/CMSIS/Include -O0 -ffunction-sections -fdata-sections -Wall -fstack-usage -fcyclomatic-complexity -MMD -MP -MF"Thirdparty/SEGGER/Rec/segger_uart.d" -MT"Thirdparty/SEGGER/Rec/segger_uart.o" --specs=nano.specs -mfpu=fpv4-sp-d16 -mfloat-abi=hard -mthumb -o "Thirdparty/SEGGER/Rec/segger_uart.o"
arm-none-eabi-gcc "../Thirdparty/SEGGER/OS/SEGGER_SYSVIEW_FreeRTOS.c" -mcpu=cortex-m4 -std=gnu11 -g3 -DDEBUG -DUSE_HAL_DRIVER -DSTM32F407xx -c -I../Core/Inc -I"C:/Users/husey/OneDrive/Masaüstü/Underwater_rocket/RTOS_workspace/underwater_rocket/Tasks" -I"C:/Users/husey/OneDrive/Masaüstü/Underwater_rocket/RTOS_workspace/underwater_rocket/Algorithm+Sensors/BLUETHOOTH" -I"C:/Users/husey/OneDrive/Masaüstü/Underwater_rocket/RTOS_workspace/underwater_rocket/Algorithm+Sensors/BNO055" -I"C:/Users/husey/OneDrive/Masaüstü/Underwater_rocket/RTOS_workspace/underwater_rocket/Algorithm+Sensors/MAESTRO" -I"C:/Users/husey/OneDrive/Masaüstü/Underwater_rocket/RTOS_workspace/underwater_rocket/Algorithm+Sensors/MS5837" -I"C:/Users/husey/OneDrive/Masaüstü/Underwater_rocket/RTOS_workspace/underwater_rocket/Algorithm+Sensors/PID" -I"C:/Users/husey/OneDrive/Masaüstü/Underwater_rocket/RTOS_workspace/underwater_rocket/Thirdparty/SEGGER/Config" -I"C:/Users/husey/OneDrive/Masaüstü/Underwater_rocket/RTOS_workspace/underwater_rocket/Thirdparty/SEGGER/OS" -I"C:/Users/husey/OneDrive/Masaüstü/Underwater_rocket/RTOS_workspace/underwater_rocket/Thirdparty/SEGGER/SEGGER" -I"C:/Users/husey/OneDrive/Masaüstü/Underwater_rocket/RTOS_workspace/underwater_rocket/Thirdparty/FreeRTOS" -I"C:/Users/husey/OneDrive/Masaüstü/Underwater_rocket/RTOS_workspace/underwater_rocket/Thirdparty/FreeRTOS/include" -I"C:/Users/husey/OneDrive/Masaüstü/Underwater_rocket/RTOS_workspace/underwater_rocket/Thirdparty/FreeRTOS/portable/GCC/ARM_CM4F" -I../Drivers/STM32F4xx_HAL_Driver/Inc -I../Drivers/STM32F4xx_HAL_Driver/Inc/Legacy -I../Drivers/CMSIS/Device/ST/STM32F4xx/Include -I../Drivers/CMSIS/Include -O0 -ffunction-sections -fdata-sections -Wall -fstack-usage -fcyclomatic-complexity -MMD -MP -MF"Thirdparty/SEGGER/OS/SEGGER_SYSVIEW_FreeRTOS.d" -MT"Thirdparty/SEGGER/OS/SEGGER_SYSVIEW_FreeRTOS.o" --specs=nano.specs -mfpu=fpv4-sp-d16 -mfloat-abi=hard -mthumb -o "Thirdparty/SEGGER/OS/SEGGER_SYSVIEW_FreeRTOS.o"
arm-none-eabi-gcc "../Thirdparty/SEGGER/Config/SEGGER_SYSVIEW_Config_FreeRTOS.c" -mcpu=cortex-m4 -std=gnu11 -g3 -DDEBUG -DUSE_HAL_DRIVER -DSTM32F407xx -c -I../Core/Inc -I"C:/Users/husey/OneDrive/Masaüstü/Underwater_rocket/RTOS_workspace/underwater_rocket/Tasks" -I"C:/Users/husey/OneDrive/Masaüstü/Underwater_rocket/RTOS_workspace/underwater_rocket/Algorithm+Sensors/BLUETHOOTH" -I"C:/Users/husey/OneDrive/Masaüstü/Underwater_rocket/RTOS_workspace/underwater_rocket/Algorithm+Sensors/BNO055" -I"C:/Users/husey/OneDrive/Masaüstü/Underwater_rocket/RTOS_workspace/underwater_rocket/Algorithm+Sensors/MAESTRO" -I"C:/Users/husey/OneDrive/Masaüstü/Underwater_rocket/RTOS_workspace/underwater_rocket/Algorithm+Sensors/MS5837" -I"C:/Users/husey/OneDrive/Masaüstü/Underwater_rocket/RTOS_workspace/underwater_rocket/Algorithm+Sensors/PID" -I"C:/Users/husey/OneDrive/Masaüstü/Underwater_rocket/RTOS_workspace/underwater_rocket/Thirdparty/SEGGER/Config" -I"C:/Users/husey/OneDrive/Masaüstü/Underwater_rocket/RTOS_workspace/underwater_rocket/Thirdparty/SEGGER/OS" -I"C:/Users/husey/OneDrive/Masaüstü/Underwater_rocket/RTOS_workspace/underwater_rocket/Thirdparty/SEGGER/SEGGER" -I"C:/Users/husey/OneDrive/Masaüstü/Underwater_rocket/RTOS_workspace/underwater_rocket/Thirdparty/FreeRTOS" -I"C:/Users/husey/OneDrive/Masaüstü/Underwater_rocket/RTOS_workspace/underwater_rocket/Thirdparty/FreeRTOS/include" -I"C:/Users/husey/OneDrive/Masaüstü/Underwater_rocket/RTOS_workspace/underwater_rocket/Thirdparty/FreeRTOS/portable/GCC/ARM_CM4F" -I../Drivers/STM32F4xx_HAL_Driver/Inc -I../Drivers/STM32F4xx_HAL_Driver/Inc/Legacy -I../Drivers/CMSIS/Device/ST/STM32F4xx/Include -I../Drivers/CMSIS/Include -O0 -ffunction-sections -fdata-sections -Wall -fstack-usage -fcyclomatic-complexity -MMD -MP -MF"Thirdparty/SEGGER/Config/SEGGER_SYSVIEW_Config_FreeRTOS.d" -MT"Thirdparty/SEGGER/Config/SEGGER_SYSVIEW_Config_FreeRTOS.o" --specs=nano.specs -mfpu=fpv4-sp-d16 -mfloat-abi=hard -mthumb -o "Thirdparty/SEGGER/Config/SEGGER_SYSVIEW_Config_FreeRTOS.o"
arm-none-eabi-gcc "../Thirdparty/FreeRTOS/portable/MemMang/heap_4.c" -mcpu=cortex-m4 -std=gnu11 -g3 -DDEBUG -DUSE_HAL_DRIVER -DSTM32F407xx -c -I../Core/Inc -I"C:/Users/husey/OneDrive/Masaüstü/Underwater_rocket/RTOS_workspace/underwater_rocket/Tasks" -I"C:/Users/husey/OneDrive/Masaüstü/Underwater_rocket/RTOS_workspace/underwater_rocket/Algorithm+Sensors/BLUETHOOTH" -I"C:/Users/husey/OneDrive/Masaüstü/Underwater_rocket/RTOS_workspace/underwater_rocket/Algorithm+Sensors/BNO055" -I"C:/Users/husey/OneDrive/Masaüstü/Underwater_rocket/RTOS_workspace/underwater_rocket/Algorithm+Sensors/MAESTRO" -I"C:/Users/husey/OneDrive/Masaüstü/Underwater_rocket/RTOS_workspace/underwater_rocket/Algorithm+Sensors/MS5837" -I"C:/Users/husey/OneDrive/Masaüstü/Underwater_rocket/RTOS_workspace/underwater_rocket/Algorithm+Sensors/PID" -I"C:/Users/husey/OneDrive/Masaüstü/Underwater_rocket/RTOS_workspace/underwater_rocket/Thirdparty/SEGGER/Config" -I"C:/Users/husey/OneDrive/Masaüstü/Underwater_rocket/RTOS_workspace/underwater_rocket/Thirdparty/SEGGER/OS" -I"C:/Users/husey/OneDrive/Masaüstü/Underwater_rocket/RTOS_workspace/underwater_rocket/Thirdparty/SEGGER/SEGGER" -I"C:/Users/husey/OneDrive/Masaüstü/Underwater_rocket/RTOS_workspace/underwater_rocket/Thirdparty/FreeRTOS" -I"C:/Users/husey/OneDrive/Masaüstü/Underwater_rocket/RTOS_workspace/underwater_rocket/Thirdparty/FreeRTOS/include" -I"C:/Users/husey/OneDrive/Masaüstü/Underwater_rocket/RTOS_workspace/underwater_rocket/Thirdparty/FreeRTOS/portable/GCC/ARM_CM4F" -I../Drivers/STM32F4xx_HAL_Driver/Inc -I../Drivers/STM32F4xx_HAL_Driver/Inc/Legacy -I../Drivers/CMSIS/Device/ST/STM32F4xx/Include -I../Drivers/CMSIS/Include -O0 -ffunction-sections -fdata-sections -Wall -fstack-usage -fcyclomatic-complexity -MMD -MP -MF"Thirdparty/FreeRTOS/portable/MemMang/heap_4.d" -MT"Thirdparty/FreeRTOS/portable/MemMang/heap_4.o" --specs=nano.specs -mfpu=fpv4-sp-d16 -mfloat-abi=hard -mthumb -o "Thirdparty/FreeRTOS/portable/MemMang/heap_4.o"
arm-none-eabi-gcc "../Thirdparty/FreeRTOS/portable/GCC/ARM_CM4F/port.c" -mcpu=cortex-m4 -std=gnu11 -g3 -DDEBUG -DUSE_HAL_DRIVER -DSTM32F407xx -c -I../Core/Inc -I"C:/Users/husey/OneDrive/Masaüstü/Underwater_rocket/RTOS_workspace/underwater_rocket/Tasks" -I"C:/Users/husey/OneDrive/Masaüstü/Underwater_rocket/RTOS_workspace/underwater_rocket/Algorithm+Sensors/BLUETHOOTH" -I"C:/Users/husey/OneDrive/Masaüstü/Underwater_rocket/RTOS_workspace/underwater_rocket/Algorithm+Sensors/BNO055" -I"C:/Users/husey/OneDrive/Masaüstü/Underwater_rocket/RTOS_workspace/underwater_rocket/Algorithm+Sensors/MAESTRO" -I"C:/Users/husey/OneDrive/Masaüstü/Underwater_rocket/RTOS_workspace/underwater_rocket/Algorithm+Sensors/MS5837" -I"C:/Users/husey/OneDrive/Masaüstü/Underwater_rocket/RTOS_workspace/underwater_rocket/Algorithm+Sensors/PID" -I"C:/Users/husey/OneDrive/Masaüstü/Underwater_rocket/RTOS_workspace/underwater_rocket/Thirdparty/SEGGER/Config" -I"C:/Users/husey/OneDrive/Masaüstü/Underwater_rocket/RTOS_workspace/underwater_rocket/Thirdparty/SEGGER/OS" -I"C:/Users/husey/OneDrive/Masaüstü/Underwater_rocket/RTOS_workspace/underwater_rocket/Thirdparty/SEGGER/SEGGER" -I"C:/Users/husey/OneDrive/Masaüstü/Underwater_rocket/RTOS_workspace/underwater_rocket/Thirdparty/FreeRTOS" -I"C:/Users/husey/OneDrive/Masaüstü/Underwater_rocket/RTOS_workspace/underwater_rocket/Thirdparty/FreeRTOS/include" -I"C:/Users/husey/OneDrive/Masaüstü/Underwater_rocket/RTOS_workspace/underwater_rocket/Thirdparty/FreeRTOS/portable/GCC/ARM_CM4F" -I../Drivers/STM32F4xx_HAL_Driver/Inc -I../Drivers/STM32F4xx_HAL_Driver/Inc/Legacy -I../Drivers/CMSIS/Device/ST/STM32F4xx/Include -I../Drivers/CMSIS/Include -O0 -ffunction-sections -fdata-sections -Wall -fstack-usage -fcyclomatic-complexity -MMD -MP -MF"Thirdparty/FreeRTOS/portable/GCC/ARM_CM4F/port.d" -MT"Thirdparty/FreeRTOS/portable/GCC/ARM_CM4F/port.o" --specs=nano.specs -mfpu=fpv4-sp-d16 -mfloat-abi=hard -mthumb -o "Thirdparty/FreeRTOS/portable/GCC/ARM_CM4F/port.o"
arm-none-eabi-gcc "../Thirdparty/FreeRTOS/croutine.c" -mcpu=cortex-m4 -std=gnu11 -g3 -DDEBUG -DUSE_HAL_DRIVER -DSTM32F407xx -c -I../Core/Inc -I"C:/Users/husey/OneDrive/Masaüstü/Underwater_rocket/RTOS_workspace/underwater_rocket/Tasks" -I"C:/Users/husey/OneDrive/Masaüstü/Underwater_rocket/RTOS_workspace/underwater_rocket/Algorithm+Sensors/BLUETHOOTH" -I"C:/Users/husey/OneDrive/Masaüstü/Underwater_rocket/RTOS_workspace/underwater_rocket/Algorithm+Sensors/BNO055" -I"C:/Users/husey/OneDrive/Masaüstü/Underwater_rocket/RTOS_workspace/underwater_rocket/Algorithm+Sensors/MAESTRO" -I"C:/Users/husey/OneDrive/Masaüstü/Underwater_rocket/RTOS_workspace/underwater_rocket/Algorithm+Sensors/MS5837" -I"C:/Users/husey/OneDrive/Masaüstü/Underwater_rocket/RTOS_workspace/underwater_rocket/Algorithm+Sensors/PID" -I"C:/Users/husey/OneDrive/Masaüstü/Underwater_rocket/RTOS_workspace/underwater_rocket/Thirdparty/SEGGER/Config" -I"C:/Users/husey/OneDrive/Masaüstü/Underwater_rocket/RTOS_workspace/underwater_rocket/Thirdparty/SEGGER/OS" -I"C:/Users/husey/OneDrive/Masaüstü/Underwater_rocket/RTOS_workspace/underwater_rocket/Thirdparty/SEGGER/SEGGER" -I"C:/Users/husey/OneDrive/Masaüstü/Underwater_rocket/RTOS_workspace/underwater_rocket/Thirdparty/FreeRTOS" -I"C:/Users/husey/OneDrive/Masaüstü/Underwater_rocket/RTOS_workspace/underwater_rocket/Thirdparty/FreeRTOS/include" -I"C:/Users/husey/OneDrive/Masaüstü/Underwater_rocket/RTOS_workspace/underwater_rocket/Thirdparty/FreeRTOS/portable/GCC/ARM_CM4F" -I../Drivers/STM32F4xx_HAL_Driver/Inc -I../Drivers/STM32F4xx_HAL_Driver/Inc/Legacy -I../Drivers/CMSIS/Device/ST/STM32F4xx/Include -I../Drivers/CMSIS/Include -O0 -ffunction-sections -fdata-sections -Wall -fstack-usage -fcyclomatic-complexity -MMD -MP -MF"Thirdparty/FreeRTOS/croutine.d" -MT"Thirdparty/FreeRTOS/croutine.o" --specs=nano.specs -mfpu=fpv4-sp-d16 -mfloat-abi=hard -mthumb -o "Thirdparty/FreeRTOS/croutine.o"
arm-none-eabi-gcc "../Thirdparty/FreeRTOS/event_groups.c" -mcpu=cortex-m4 -std=gnu11 -g3 -DDEBUG -DUSE_HAL_DRIVER -DSTM32F407xx -c -I../Core/Inc -I"C:/Users/husey/OneDrive/Masaüstü/Underwater_rocket/RTOS_workspace/underwater_rocket/Tasks" -I"C:/Users/husey/OneDrive/Masaüstü/Underwater_rocket/RTOS_workspace/underwater_rocket/Algorithm+Sensors/BLUETHOOTH" -I"C:/Users/husey/OneDrive/Masaüstü/Underwater_rocket/RTOS_workspace/underwater_rocket/Algorithm+Sensors/BNO055" -I"C:/Users/husey/OneDrive/Masaüstü/Underwater_rocket/RTOS_workspace/underwater_rocket/Algorithm+Sensors/MAESTRO" -I"C:/Users/husey/OneDrive/Masaüstü/Underwater_rocket/RTOS_workspace/underwater_rocket/Algorithm+Sensors/MS5837" -I"C:/Users/husey/OneDrive/Masaüstü/Underwater_rocket/RTOS_workspace/underwater_rocket/Algorithm+Sensors/PID" -I"C:/Users/husey/OneDrive/Masaüstü/Underwater_rocket/RTOS_workspace/underwater_rocket/Thirdparty/SEGGER/Config" -I"C:/Users/husey/OneDrive/Masaüstü/Underwater_rocket/RTOS_workspace/underwater_rocket/Thirdparty/SEGGER/OS" -I"C:/Users/husey/OneDrive/Masaüstü/Underwater_rocket/RTOS_workspace/underwater_rocket/Thirdparty/SEGGER/SEGGER" -I"C:/Users/husey/OneDrive/Masaüstü/Underwater_rocket/RTOS_workspace/underwater_rocket/Thirdparty/FreeRTOS" -I"C:/Users/husey/OneDrive/Masaüstü/Underwater_rocket/RTOS_workspace/underwater_rocket/Thirdparty/FreeRTOS/include" -I"C:/Users/husey/OneDrive/Masaüstü/Underwater_rocket/RTOS_workspace/underwater_rocket/Thirdparty/FreeRTOS/portable/GCC/ARM_CM4F" -I../Drivers/STM32F4xx_HAL_Driver/Inc -I../Drivers/STM32F4xx_HAL_Driver/Inc/Legacy -I../Drivers/CMSIS/Device/ST/STM32F4xx/Include -I../Drivers/CMSIS/Include -O0 -ffunction-sections -fdata-sections -Wall -fstack-usage -fcyclomatic-complexity -MMD -MP -MF"Thirdparty/FreeRTOS/event_groups.d" -MT"Thirdparty/FreeRTOS/event_groups.o" --specs=nano.specs -mfpu=fpv4-sp-d16 -mfloat-abi=hard -mthumb -o "Thirdparty/FreeRTOS/event_groups.o"
arm-none-eabi-gcc "../Thirdparty/FreeRTOS/list.c" -mcpu=cortex-m4 -std=gnu11 -g3 -DDEBUG -DUSE_HAL_DRIVER -DSTM32F407xx -c -I../Core/Inc -I"C:/Users/husey/OneDrive/Masaüstü/Underwater_rocket/RTOS_workspace/underwater_rocket/Tasks" -I"C:/Users/husey/OneDrive/Masaüstü/Underwater_rocket/RTOS_workspace/underwater_rocket/Algorithm+Sensors/BLUETHOOTH" -I"C:/Users/husey/OneDrive/Masaüstü/Underwater_rocket/RTOS_workspace/underwater_rocket/Algorithm+Sensors/BNO055" -I"C:/Users/husey/OneDrive/Masaüstü/Underwater_rocket/RTOS_workspace/underwater_rocket/Algorithm+Sensors/MAESTRO" -I"C:/Users/husey/OneDrive/Masaüstü/Underwater_rocket/RTOS_workspace/underwater_rocket/Algorithm+Sensors/MS5837" -I"C:/Users/husey/OneDrive/Masaüstü/Underwater_rocket/RTOS_workspace/underwater_rocket/Algorithm+Sensors/PID" -I"C:/Users/husey/OneDrive/Masaüstü/Underwater_rocket/RTOS_workspace/underwater_rocket/Thirdparty/SEGGER/Config" -I"C:/Users/husey/OneDrive/Masaüstü/Underwater_rocket/RTOS_workspace/underwater_rocket/Thirdparty/SEGGER/OS" -I"C:/Users/husey/OneDrive/Masaüstü/Underwater_rocket/RTOS_workspace/underwater_rocket/Thirdparty/SEGGER/SEGGER" -I"C:/Users/husey/OneDrive/Masaüstü/Underwater_rocket/RTOS_workspace/underwater_rocket/Thirdparty/FreeRTOS" -I"C:/Users/husey/OneDrive/Masaüstü/Underwater_rocket/RTOS_workspace/underwater_rocket/Thirdparty/FreeRTOS/include" -I"C:/Users/husey/OneDrive/Masaüstü/Underwater_rocket/RTOS_workspace/underwater_rocket/Thirdparty/FreeRTOS/portable/GCC/ARM_CM4F" -I../Drivers/STM32F4xx_HAL_Driver/Inc -I../Drivers/STM32F4xx_HAL_Driver/Inc/Legacy -I../Drivers/CMSIS/Device/ST/STM32F4xx/Include -I../Drivers/CMSIS/Include -O0 -ffunction-sections -fdata-sections -Wall -fstack-usage -fcyclomatic-complexity -MMD -MP -MF"Thirdparty/FreeRTOS/list.d" -MT"Thirdparty/FreeRTOS/list.o" --specs=nano.specs -mfpu=fpv4-sp-d16 -mfloat-abi=hard -mthumb -o "Thirdparty/FreeRTOS/list.o"
arm-none-eabi-gcc "../Thirdparty/FreeRTOS/queue.c" -mcpu=cortex-m4 -std=gnu11 -g3 -DDEBUG -DUSE_HAL_DRIVER -DSTM32F407xx -c -I../Core/Inc -I"C:/Users/husey/OneDrive/Masaüstü/Underwater_rocket/RTOS_workspace/underwater_rocket/Tasks" -I"C:/Users/husey/OneDrive/Masaüstü/Underwater_rocket/RTOS_workspace/underwater_rocket/Algorithm+Sensors/BLUETHOOTH" -I"C:/Users/husey/OneDrive/Masaüstü/Underwater_rocket/RTOS_workspace/underwater_rocket/Algorithm+Sensors/BNO055" -I"C:/Users/husey/OneDrive/Masaüstü/Underwater_rocket/RTOS_workspace/underwater_rocket/Algorithm+Sensors/MAESTRO" -I"C:/Users/husey/OneDrive/Masaüstü/Underwater_rocket/RTOS_workspace/underwater_rocket/Algorithm+Sensors/MS5837" -I"C:/Users/husey/OneDrive/Masaüstü/Underwater_rocket/RTOS_workspace/underwater_rocket/Algorithm+Sensors/PID" -I"C:/Users/husey/OneDrive/Masaüstü/Underwater_rocket/RTOS_workspace/underwater_rocket/Thirdparty/SEGGER/Config" -I"C:/Users/husey/OneDrive/Masaüstü/Underwater_rocket/RTOS_workspace/underwater_rocket/Thirdparty/SEGGER/OS" -I"C:/Users/husey/OneDrive/Masaüstü/Underwater_rocket/RTOS_workspace/underwater_rocket/Thirdparty/SEGGER/SEGGER" -I"C:/Users/husey/OneDrive/Masaüstü/Underwater_rocket/RTOS_workspace/underwater_rocket/Thirdparty/FreeRTOS" -I"C:/Users/husey/OneDrive/Masaüstü/Underwater_rocket/RTOS_workspace/underwater_rocket/Thirdparty/FreeRTOS/include" -I"C:/Users/husey/OneDrive/Masaüstü/Underwater_rocket/RTOS_workspace/underwater_rocket/Thirdparty/FreeRTOS/portable/GCC/ARM_CM4F" -I../Drivers/STM32F4xx_HAL_Driver/Inc -I../Drivers/STM32F4xx_HAL_Driver/Inc/Legacy -I../Drivers/CMSIS/Device/ST/STM32F4xx/Include -I../Drivers/CMSIS/Include -O0 -ffunction-sections -fdata-sections -Wall -fstack-usage -fcyclomatic-complexity -MMD -MP -MF"Thirdparty/FreeRTOS/queue.d" -MT"Thirdparty/FreeRTOS/queue.o" --specs=nano.specs -mfpu=fpv4-sp-d16 -mfloat-abi=hard -mthumb -o "Thirdparty/FreeRTOS/queue.o"
arm-none-eabi-gcc "../Thirdparty/FreeRTOS/stream_buffer.c" -mcpu=cortex-m4 -std=gnu11 -g3 -DDEBUG -DUSE_HAL_DRIVER -DSTM32F407xx -c -I../Core/Inc -I"C:/Users/husey/OneDrive/Masaüstü/Underwater_rocket/RTOS_workspace/underwater_rocket/Tasks" -I"C:/Users/husey/OneDrive/Masaüstü/Underwater_rocket/RTOS_workspace/underwater_rocket/Algorithm+Sensors/BLUETHOOTH" -I"C:/Users/husey/OneDrive/Masaüstü/Underwater_rocket/RTOS_workspace/underwater_rocket/Algorithm+Sensors/BNO055" -I"C:/Users/husey/OneDrive/Masaüstü/Underwater_rocket/RTOS_workspace/underwater_rocket/Algorithm+Sensors/MAESTRO" -I"C:/Users/husey/OneDrive/Masaüstü/Underwater_rocket/RTOS_workspace/underwater_rocket/Algorithm+Sensors/MS5837" -I"C:/Users/husey/OneDrive/Masaüstü/Underwater_rocket/RTOS_workspace/underwater_rocket/Algorithm+Sensors/PID" -I"C:/Users/husey/OneDrive/Masaüstü/Underwater_rocket/RTOS_workspace/underwater_rocket/Thirdparty/SEGGER/Config" -I"C:/Users/husey/OneDrive/Masaüstü/Underwater_rocket/RTOS_workspace/underwater_rocket/Thirdparty/SEGGER/OS" -I"C:/Users/husey/OneDrive/Masaüstü/Underwater_rocket/RTOS_workspace/underwater_rocket/Thirdparty/SEGGER/SEGGER" -I"C:/Users/husey/OneDrive/Masaüstü/Underwater_rocket/RTOS_workspace/underwater_rocket/Thirdparty/FreeRTOS" -I"C:/Users/husey/OneDrive/Masaüstü/Underwater_rocket/RTOS_workspace/underwater_rocket/Thirdparty/FreeRTOS/include" -I"C:/Users/husey/OneDrive/Masaüstü/Underwater_rocket/RTOS_workspace/underwater_rocket/Thirdparty/FreeRTOS/portable/GCC/ARM_CM4F" -I../Drivers/STM32F4xx_HAL_Driver/Inc -I../Drivers/STM32F4xx_HAL_Driver/Inc/Legacy -I../Drivers/CMSIS/Device/ST/STM32F4xx/Include -I../Drivers/CMSIS/Include -O0 -ffunction-sections -fdata-sections -Wall -fstack-usage -fcyclomatic-complexity -MMD -MP -MF"Thirdparty/FreeRTOS/stream_buffer.d" -MT"Thirdparty/FreeRTOS/stream_buffer.o" --specs=nano.specs -mfpu=fpv4-sp-d16 -mfloat-abi=hard -mthumb -o "Thirdparty/FreeRTOS/stream_buffer.o"
arm-none-eabi-gcc "../Thirdparty/FreeRTOS/tasks.c" -mcpu=cortex-m4 -std=gnu11 -g3 -DDEBUG -DUSE_HAL_DRIVER -DSTM32F407xx -c -I../Core/Inc -I"C:/Users/husey/OneDrive/Masaüstü/Underwater_rocket/RTOS_workspace/underwater_rocket/Tasks" -I"C:/Users/husey/OneDrive/Masaüstü/Underwater_rocket/RTOS_workspace/underwater_rocket/Algorithm+Sensors/BLUETHOOTH" -I"C:/Users/husey/OneDrive/Masaüstü/Underwater_rocket/RTOS_workspace/underwater_rocket/Algorithm+Sensors/BNO055" -I"C:/Users/husey/OneDrive/Masaüstü/Underwater_rocket/RTOS_workspace/underwater_rocket/Algorithm+Sensors/MAESTRO" -I"C:/Users/husey/OneDrive/Masaüstü/Underwater_rocket/RTOS_workspace/underwater_rocket/Algorithm+Sensors/MS5837" -I"C:/Users/husey/OneDrive/Masaüstü/Underwater_rocket/RTOS_workspace/underwater_rocket/Algorithm+Sensors/PID" -I"C:/Users/husey/OneDrive/Masaüstü/Underwater_rocket/RTOS_workspace/underwater_rocket/Thirdparty/SEGGER/Config" -I"C:/Users/husey/OneDrive/Masaüstü/Underwater_rocket/RTOS_workspace/underwater_rocket/Thirdparty/SEGGER/OS" -I"C:/Users/husey/OneDrive/Masaüstü/Underwater_rocket/RTOS_workspace/underwater_rocket/Thirdparty/SEGGER/SEGGER" -I"C:/Users/husey/OneDrive/Masaüstü/Underwater_rocket/RTOS_workspace/underwater_rocket/Thirdparty/FreeRTOS" -I"C:/Users/husey/OneDrive/Masaüstü/Underwater_rocket/RTOS_workspace/underwater_rocket/Thirdparty/FreeRTOS/include" -I"C:/Users/husey/OneDrive/Masaüstü/Underwater_rocket/RTOS_workspace/underwater_rocket/Thirdparty/FreeRTOS/portable/GCC/ARM_CM4F" -I../Drivers/STM32F4xx_HAL_Driver/Inc -I../Drivers/STM32F4xx_HAL_Driver/Inc/Legacy -I../Drivers/CMSIS/Device/ST/STM32F4xx/Include -I../Drivers/CMSIS/Include -O0 -ffunction-sections -fdata-sections -Wall -fstack-usage -fcyclomatic-complexity -MMD -MP -MF"Thirdparty/FreeRTOS/tasks.d" -MT"Thirdparty/FreeRTOS/tasks.o" --specs=nano.specs -mfpu=fpv4-sp-d16 -mfloat-abi=hard -mthumb -o "Thirdparty/FreeRTOS/tasks.o"
arm-none-eabi-gcc "../Thirdparty/FreeRTOS/timers.c" -mcpu=cortex-m4 -std=gnu11 -g3 -DDEBUG -DUSE_HAL_DRIVER -DSTM32F407xx -c -I../Core/Inc -I"C:/Users/husey/OneDrive/Masaüstü/Underwater_rocket/RTOS_workspace/underwater_rocket/Tasks" -I"C:/Users/husey/OneDrive/Masaüstü/Underwater_rocket/RTOS_workspace/underwater_rocket/Algorithm+Sensors/BLUETHOOTH" -I"C:/Users/husey/OneDrive/Masaüstü/Underwater_rocket/RTOS_workspace/underwater_rocket/Algorithm+Sensors/BNO055" -I"C:/Users/husey/OneDrive/Masaüstü/Underwater_rocket/RTOS_workspace/underwater_rocket/Algorithm+Sensors/MAESTRO" -I"C:/Users/husey/OneDrive/Masaüstü/Underwater_rocket/RTOS_workspace/underwater_rocket/Algorithm+Sensors/MS5837" -I"C:/Users/husey/OneDrive/Masaüstü/Underwater_rocket/RTOS_workspace/underwater_rocket/Algorithm+Sensors/PID" -I"C:/Users/husey/OneDrive/Masaüstü/Underwater_rocket/RTOS_workspace/underwater_rocket/Thirdparty/SEGGER/Config" -I"C:/Users/husey/OneDrive/Masaüstü/Underwater_rocket/RTOS_workspace/underwater_rocket/Thirdparty/SEGGER/OS" -I"C:/Users/husey/OneDrive/Masaüstü/Underwater_rocket/RTOS_workspace/underwater_rocket/Thirdparty/SEGGER/SEGGER" -I"C:/Users/husey/OneDrive/Masaüstü/Underwater_rocket/RTOS_workspace/underwater_rocket/Thirdparty/FreeRTOS" -I"C:/Users/husey/OneDrive/Masaüstü/Underwater_rocket/RTOS_workspace/underwater_rocket/Thirdparty/FreeRTOS/include" -I"C:/Users/husey/OneDrive/Masaüstü/Underwater_rocket/RTOS_workspace/underwater_rocket/Thirdparty/FreeRTOS/portable/GCC/ARM_CM4F" -I../Drivers/STM32F4xx_HAL_Driver/Inc -I../Drivers/STM32F4xx_HAL_Driver/Inc/Legacy -I../Drivers/CMSIS/Device/ST/STM32F4xx/Include -I../Drivers/CMSIS/Include -O0 -ffunction-sections -fdata-sections -Wall -fstack-usage -fcyclomatic-complexity -MMD -MP -MF"Thirdparty/FreeRTOS/timers.d" -MT"Thirdparty/FreeRTOS/timers.o" --specs=nano.specs -mfpu=fpv4-sp-d16 -mfloat-abi=hard -mthumb -o "Thirdparty/FreeRTOS/timers.o"
arm-none-eabi-gcc "../Tasks/communication.c" -mcpu=cortex-m4 -std=gnu11 -g3 -DDEBUG -DUSE_HAL_DRIVER -DSTM32F407xx -c -I../Core/Inc -I"C:/Users/husey/OneDrive/Masaüstü/Underwater_rocket/RTOS_workspace/underwater_rocket/Tasks" -I"C:/Users/husey/OneDrive/Masaüstü/Underwater_rocket/RTOS_workspace/underwater_rocket/Algorithm+Sensors/BLUETHOOTH" -I"C:/Users/husey/OneDrive/Masaüstü/Underwater_rocket/RTOS_workspace/underwater_rocket/Algorithm+Sensors/BNO055" -I"C:/Users/husey/OneDrive/Masaüstü/Underwater_rocket/RTOS_workspace/underwater_rocket/Algorithm+Sensors/MAESTRO" -I"C:/Users/husey/OneDrive/Masaüstü/Underwater_rocket/RTOS_workspace/underwater_rocket/Algorithm+Sensors/MS5837" -I"C:/Users/husey/OneDrive/Masaüstü/Underwater_rocket/RTOS_workspace/underwater_rocket/Algorithm+Sensors/PID" -I"C:/Users/husey/OneDrive/Masaüstü/Underwater_rocket/RTOS_workspace/underwater_rocket/Thirdparty/SEGGER/Config" -I"C:/Users/husey/OneDrive/Masaüstü/Underwater_rocket/RTOS_workspace/underwater_rocket/Thirdparty/SEGGER/OS" -I"C:/Users/husey/OneDrive/Masaüstü/Underwater_rocket/RTOS_workspace/underwater_rocket/Thirdparty/SEGGER/SEGGER" -I"C:/Users/husey/OneDrive/Masaüstü/Underwater_rocket/RTOS_workspace/underwater_rocket/Thirdparty/FreeRTOS" -I"C:/Users/husey/OneDrive/Masaüstü/Underwater_rocket/RTOS_workspace/underwater_rocket/Thirdparty/FreeRTOS/include" -I"C:/Users/husey/OneDrive/Masaüstü/Underwater_rocket/RTOS_workspace/underwater_rocket/Thirdparty/FreeRTOS/portable/GCC/ARM_CM4F" -I../Drivers/STM32F4xx_HAL_Driver/Inc -I../Drivers/STM32F4xx_HAL_Driver/Inc/Legacy -I../Drivers/CMSIS/Device/ST/STM32F4xx/Include -I../Drivers/CMSIS/Include -O0 -ffunction-sections -fdata-sections -Wall -fstack-usage -fcyclomatic-complexity -MMD -MP -MF"Tasks/communication.d" -MT"Tasks/communication.o" --specs=nano.specs -mfpu=fpv4-sp-d16 -mfloat-abi=hard -mthumb -o "Tasks/communication.o"
arm-none-eabi-gcc "../Tasks/tasks_app.c" -mcpu=cortex-m4 -std=gnu11 -g3 -DDEBUG -DUSE_HAL_DRIVER -DSTM32F407xx -c -I../Core/Inc -I"C:/Users/husey/OneDrive/Masaüstü/Underwater_rocket/RTOS_workspace/underwater_rocket/Tasks" -I"C:/Users/husey/OneDrive/Masaüstü/Underwater_rocket/RTOS_workspace/underwater_rocket/Algorithm+Sensors/BLUETHOOTH" -I"C:/Users/husey/OneDrive/Masaüstü/Underwater_rocket/RTOS_workspace/underwater_rocket/Algorithm+Sensors/BNO055" -I"C:/Users/husey/OneDrive/Masaüstü/Underwater_rocket/RTOS_workspace/underwater_rocket/Algorithm+Sensors/MAESTRO" -I"C:/Users/husey/OneDrive/Masaüstü/Underwater_rocket/RTOS_workspace/underwater_rocket/Algorithm+Sensors/MS5837" -I"C:/Users/husey/OneDrive/Masaüstü/Underwater_rocket/RTOS_workspace/underwater_rocket/Algorithm+Sensors/PID" -I"C:/Users/husey/OneDrive/Masaüstü/Underwater_rocket/RTOS_workspace/underwater_rocket/Thirdparty/SEGGER/Config" -I"C:/Users/husey/OneDrive/Masaüstü/Underwater_rocket/RTOS_workspace/underwater_rocket/Thirdparty/SEGGER/OS" -I"C:/Users/husey/OneDrive/Masaüstü/Underwater_rocket/RTOS_workspace/underwater_rocket/Thirdparty/SEGGER/SEGGER" -I"C:/Users/husey/OneDrive/Masaüstü/Underwater_rocket/RTOS_workspace/underwater_rocket/Thirdparty/FreeRTOS" -I"C:/Users/husey/OneDrive/Masaüstü/Underwater_rocket/RTOS_workspace/underwater_rocket/Thirdparty/FreeRTOS/include" -I"C:/Users/husey/OneDrive/Masaüstü/Underwater_rocket/RTOS_workspace/underwater_rocket/Thirdparty/FreeRTOS/portable/GCC/ARM_CM4F" -I../Drivers/STM32F4xx_HAL_Driver/Inc -I../Drivers/STM32F4xx_HAL_Driver/Inc/Legacy -I../Drivers/CMSIS/Device/ST/STM32F4xx/Include -I../Drivers/CMSIS/Include -O0 -ffunction-sections -fdata-sections -Wall -fstack-usage -fcyclomatic-complexity -MMD -MP -MF"Tasks/tasks_app.d" -MT"Tasks/tasks_app.o" --specs=nano.specs -mfpu=fpv4-sp-d16 -mfloat-abi=hard -mthumb -o "Tasks/tasks_app.o"
arm-none-eabi-gcc "../Drivers/STM32F4xx_HAL_Driver/Src/stm32f4xx_hal.c" -mcpu=cortex-m4 -std=gnu11 -g3 -DDEBUG -DUSE_HAL_DRIVER -DSTM32F407xx -c -I../Core/Inc -I"C:/Users/husey/OneDrive/Masaüstü/Underwater_rocket/RTOS_workspace/underwater_rocket/Tasks" -I"C:/Users/husey/OneDrive/Masaüstü/Underwater_rocket/RTOS_workspace/underwater_rocket/Algorithm+Sensors/BLUETHOOTH" -I"C:/Users/husey/OneDrive/Masaüstü/Underwater_rocket/RTOS_workspace/underwater_rocket/Algorithm+Sensors/BNO055" -I"C:/Users/husey/OneDrive/Masaüstü/Underwater_rocket/RTOS_workspace/underwater_rocket/Algorithm+Sensors/MAESTRO" -I"C:/Users/husey/OneDrive/Masaüstü/Underwater_rocket/RTOS_workspace/underwater_rocket/Algorithm+Sensors/MS5837" -I"C:/Users/husey/OneDrive/Masaüstü/Underwater_rocket/RTOS_workspace/underwater_rocket/Algorithm+Sensors/PID" -I"C:/Users/husey/OneDrive/Masaüstü/Underwater_rocket/RTOS_workspace/underwater_rocket/Thirdparty/SEGGER/Config" -I"C:/Users/husey/OneDrive/Masaüstü/Underwater_rocket/RTOS_workspace/underwater_rocket/Thirdparty/SEGGER/OS" -I"C:/Users/husey/OneDrive/Masaüstü/Underwater_rocket/RTOS_workspace/underwater_rocket/Thirdparty/SEGGER/SEGGER" -I"C:/Users/husey/OneDrive/Masaüstü/Underwater_rocket/RTOS_workspace/underwater_rocket/Thirdparty/FreeRTOS" -I"C:/Users/husey/OneDrive/Masaüstü/Underwater_rocket/RTOS_workspace/underwater_rocket/Thirdparty/FreeRTOS/include" -I"C:/Users/husey/OneDrive/Masaüstü/Underwater_rocket/RTOS_workspace/underwater_rocket/Thirdparty/FreeRTOS/portable/GCC/ARM_CM4F" -I../Drivers/STM32F4xx_HAL_Driver/Inc -I../Drivers/STM32F4xx_HAL_Driver/Inc/Legacy -I../Drivers/CMSIS/Device/ST/STM32F4xx/Include -I../Drivers/CMSIS/Include -O0 -ffunction-sections -fdata-sections -Wall -fstack-usage -fcyclomatic-complexity -MMD -MP -MF"Drivers/STM32F4xx_HAL_Driver/Src/stm32f4xx_hal.d" -MT"Drivers/STM32F4xx_HAL_Driver/Src/stm32f4xx_hal.o" --specs=nano.specs -mfpu=fpv4-sp-d16 -mfloat-abi=hard -mthumb -o "Drivers/STM32F4xx_HAL_Driver/Src/stm32f4xx_hal.o"
arm-none-eabi-gcc "../Drivers/STM32F4xx_HAL_Driver/Src/stm32f4xx_hal_cortex.c" -mcpu=cortex-m4 -std=gnu11 -g3 -DDEBUG -DUSE_HAL_DRIVER -DSTM32F407xx -c -I../Core/Inc -I"C:/Users/husey/OneDrive/Masaüstü/Underwater_rocket/RTOS_workspace/underwater_rocket/Tasks" -I"C:/Users/husey/OneDrive/Masaüstü/Underwater_rocket/RTOS_workspace/underwater_rocket/Algorithm+Sensors/BLUETHOOTH" -I"C:/Users/husey/OneDrive/Masaüstü/Underwater_rocket/RTOS_workspace/underwater_rocket/Algorithm+Sensors/BNO055" -I"C:/Users/husey/OneDrive/Masaüstü/Underwater_rocket/RTOS_workspace/underwater_rocket/Algorithm+Sensors/MAESTRO" -I"C:/Users/husey/OneDrive/Masaüstü/Underwater_rocket/RTOS_workspace/underwater_rocket/Algorithm+Sensors/MS5837" -I"C:/Users/husey/OneDrive/Masaüstü/Underwater_rocket/RTOS_workspace/underwater_rocket/Algorithm+Sensors/PID" -I"C:/Users/husey/OneDrive/Masaüstü/Underwater_rocket/RTOS_workspace/underwater_rocket/Thirdparty/SEGGER/Config" -I"C:/Users/husey/OneDrive/Masaüstü/Underwater_rocket/RTOS_workspace/underwater_rocket/Thirdparty/SEGGER/OS" -I"C:/Users/husey/OneDrive/Masaüstü/Underwater_rocket/RTOS_workspace/underwater_rocket/Thirdparty/SEGGER/SEGGER" -I"C:/Users/husey/OneDrive/Masaüstü/Underwater_rocket/RTOS_workspace/underwater_rocket/Thirdparty/FreeRTOS" -I"C:/Users/husey/OneDrive/Masaüstü/Underwater_rocket/RTOS_workspace/underwater_rocket/Thirdparty/FreeRTOS/include" -I"C:/Users/husey/OneDrive/Masaüstü/Underwater_rocket/RTOS_workspace/underwater_rocket/Thirdparty/FreeRTOS/portable/GCC/ARM_CM4F" -I../Drivers/STM32F4xx_HAL_Driver/Inc -I../Drivers/STM32F4xx_HAL_Driver/Inc/Legacy -I../Drivers/CMSIS/Device/ST/STM32F4xx/Include -I../Drivers/CMSIS/Include -O0 -ffunction-sections -fdata-sections -Wall -fstack-usage -fcyclomatic-complexity -MMD -MP -MF"Drivers/STM32F4xx_HAL_Driver/Src/stm32f4xx_hal_cortex.d" -MT"Drivers/STM32F4xx_HAL_Driver/Src/stm32f4xx_hal_cortex.o" --specs=nano.specs -mfpu=fpv4-sp-d16 -mfloat-abi=hard -mthumb -o "Drivers/STM32F4xx_HAL_Driver/Src/stm32f4xx_hal_cortex.o"
arm-none-eabi-gcc "../Drivers/STM32F4xx_HAL_Driver/Src/stm32f4xx_hal_dma.c" -mcpu=cortex-m4 -std=gnu11 -g3 -DDEBUG -DUSE_HAL_DRIVER -DSTM32F407xx -c -I../Core/Inc -I"C:/Users/husey/OneDrive/Masaüstü/Underwater_rocket/RTOS_workspace/underwater_rocket/Tasks" -I"C:/Users/husey/OneDrive/Masaüstü/Underwater_rocket/RTOS_workspace/underwater_rocket/Algorithm+Sensors/BLUETHOOTH" -I"C:/Users/husey/OneDrive/Masaüstü/Underwater_rocket/RTOS_workspace/underwater_rocket/Algorithm+Sensors/BNO055" -I"C:/Users/husey/OneDrive/Masaüstü/Underwater_rocket/RTOS_workspace/underwater_rocket/Algorithm+Sensors/MAESTRO" -I"C:/Users/husey/OneDrive/Masaüstü/Underwater_rocket/RTOS_workspace/underwater_rocket/Algorithm+Sensors/MS5837" -I"C:/Users/husey/OneDrive/Masaüstü/Underwater_rocket/RTOS_workspace/underwater_rocket/Algorithm+Sensors/PID" -I"C:/Users/husey/OneDrive/Masaüstü/Underwater_rocket/RTOS_workspace/underwater_rocket/Thirdparty/SEGGER/Config" -I"C:/Users/husey/OneDrive/Masaüstü/Underwater_rocket/RTOS_workspace/underwater_rocket/Thirdparty/SEGGER/OS" -I"C:/Users/husey/OneDrive/Masaüstü/Underwater_rocket/RTOS_workspace/underwater_rocket/Thirdparty/SEGGER/SEGGER" -I"C:/Users/husey/OneDrive/Masaüstü/Underwater_rocket/RTOS_workspace/underwater_rocket/Thirdparty/FreeRTOS" -I"C:/Users/husey/OneDrive/Masaüstü/Underwater_rocket/RTOS_workspace/underwater_rocket/Thirdparty/FreeRTOS/include" -I"C:/Users/husey/OneDrive/Masaüstü/Underwater_rocket/RTOS_workspace/underwater_rocket/Thirdparty/FreeRTOS/portable/GCC/ARM_CM4F" -I../Drivers/STM32F4xx_HAL_Driver/Inc -I../Drivers/STM32F4xx_HAL_Driver/Inc/Legacy -I../Drivers/CMSIS/Device/ST/STM32F4xx/Include -I../Drivers/CMSIS/Include -O0 -ffunction-sections -fdata-sections -Wall -fstack-usage -fcyclomatic-complexity -MMD -MP -MF"Drivers/STM32F4xx_HAL_Driver/Src/stm32f4xx_hal_dma.d" -MT"Drivers/STM32F4xx_HAL_Driver/Src/stm32f4xx_hal_dma.o" --specs=nano.specs -mfpu=fpv4-sp-d16 -mfloat-abi=hard -mthumb -o "Drivers/STM32F4xx_HAL_Driver/Src/stm32f4xx_hal_dma.o"
arm-none-eabi-gcc "../Drivers/STM32F4xx_HAL_Driver/Src/stm32f4xx_hal_dma_ex.c" -mcpu=cortex-m4 -std=gnu11 -g3 -DDEBUG -DUSE_HAL_DRIVER -DSTM32F407xx -c -I../Core/Inc -I"C:/Users/husey/OneDrive/Masaüstü/Underwater_rocket/RTOS_workspace/underwater_rocket/Tasks" -I"C:/Users/husey/OneDrive/Masaüstü/Underwater_rocket/RTOS_workspace/underwater_rocket/Algorithm+Sensors/BLUETHOOTH" -I"C:/Users/husey/OneDrive/Masaüstü/Underwater_rocket/RTOS_workspace/underwater_rocket/Algorithm+Sensors/BNO055" -I"C:/Users/husey/OneDrive/Masaüstü/Underwater_rocket/RTOS_workspace/underwater_rocket/Algorithm+Sensors/MAESTRO" -I"C:/Users/husey/OneDrive/Masaüstü/Underwater_rocket/RTOS_workspace/underwater_rocket/Algorithm+Sensors/MS5837" -I"C:/Users/husey/OneDrive/Masaüstü/Underwater_rocket/RTOS_workspace/underwater_rocket/Algorithm+Sensors/PID" -I"C:/Users/husey/OneDrive/Masaüstü/Underwater_rocket/RTOS_workspace/underwater_rocket/Thirdparty/SEGGER/Config" -I"C:/Users/husey/OneDrive/Masaüstü/Underwater_rocket/RTOS_workspace/underwater_rocket/Thirdparty/SEGGER/OS" -I"C:/Users/husey/OneDrive/Masaüstü/Underwater_rocket/RTOS_workspace/underwater_rocket/Thirdparty/SEGGER/SEGGER" -I"C:/Users/husey/OneDrive/Masaüstü/Underwater_rocket/RTOS_workspace/underwater_rocket/Thirdparty/FreeRTOS" -I"C:/Users/husey/OneDrive/Masaüstü/Underwater_rocket/RTOS_workspace/underwater_rocket/Thirdparty/FreeRTOS/include" -I"C:/Users/husey/OneDrive/Masaüstü/Underwater_rocket/RTOS_workspace/underwater_rocket/Thirdparty/FreeRTOS/portable/GCC/ARM_CM4F" -I../Drivers/STM32F4xx_HAL_Driver/Inc -I../Drivers/STM32F4xx_HAL_Driver/Inc/Legacy -I../Drivers/CMSIS/Device/ST/STM32F4xx/Include -I../Drivers/CMSIS/Include -O0 -ffunction-sections -fdata-sections -Wall -fstack-usage -fcyclomatic-complexity -MMD -MP -MF"Drivers/STM32F4xx_HAL_Driver/Src/stm32f4xx_hal_dma_ex.d" -MT"Drivers/STM32F4xx_HAL_Driver/Src/stm32f4xx_hal_dma_ex.o" --specs=nano.specs -mfpu=fpv4-sp-d16 -mfloat-abi=hard -mthumb -o "Drivers/STM32F4xx_HAL_Driver/Src/stm32f4xx_hal_dma_ex.o"
arm-none-eabi-gcc "../Drivers/STM32F4xx_HAL_Driver/Src/stm32f4xx_hal_exti.c" -mcpu=cortex-m4 -std=gnu11 -g3 -DDEBUG -DUSE_HAL_DRIVER -DSTM32F407xx -c -I../Core/Inc -I"C:/Users/husey/OneDrive/Masaüstü/Underwater_rocket/RTOS_workspace/underwater_rocket/Tasks" -I"C:/Users/husey/OneDrive/Masaüstü/Underwater_rocket/RTOS_workspace/underwater_rocket/Algorithm+Sensors/BLUETHOOTH" -I"C:/Users/husey/OneDrive/Masaüstü/Underwater_rocket/RTOS_workspace/underwater_rocket/Algorithm+Sensors/BNO055" -I"C:/Users/husey/OneDrive/Masaüstü/Underwater_rocket/RTOS_workspace/underwater_rocket/Algorithm+Sensors/MAESTRO" -I"C:/Users/husey/OneDrive/Masaüstü/Underwater_rocket/RTOS_workspace/underwater_rocket/Algorithm+Sensors/MS5837" -I"C:/Users/husey/OneDrive/Masaüstü/Underwater_rocket/RTOS_workspace/underwater_rocket/Algorithm+Sensors/PID" -I"C:/Users/husey/OneDrive/Masaüstü/Underwater_rocket/RTOS_workspace/underwater_rocket/Thirdparty/SEGGER/Config" -I"C:/Users/husey/OneDrive/Masaüstü/Underwater_rocket/RTOS_workspace/underwater_rocket/Thirdparty/SEGGER/OS" -I"C:/Users/husey/OneDrive/Masaüstü/Underwater_rocket/RTOS_workspace/underwater_rocket/Thirdparty/SEGGER/SEGGER" -I"C:/Users/husey/OneDrive/Masaüstü/Underwater_rocket/RTOS_workspace/underwater_rocket/Thirdparty/FreeRTOS" -I"C:/Users/husey/OneDrive/Masaüstü/Underwater_rocket/RTOS_workspace/underwater_rocket/Thirdparty/FreeRTOS/include" -I"C:/Users/husey/OneDrive/Masaüstü/Underwater_rocket/RTOS_workspace/underwater_rocket/Thirdparty/FreeRTOS/portable/GCC/ARM_CM4F" -I../Drivers/STM32F4xx_HAL_Driver/Inc -I../Drivers/STM32F4xx_HAL_Driver/Inc/Legacy -I../Drivers/CMSIS/Device/ST/STM32F4xx/Include -I../Drivers/CMSIS/Include -O0 -ffunction-sections -fdata-sections -Wall -fstack-usage -fcyclomatic-complexity -MMD -MP -MF"Drivers/STM32F4xx_HAL_Driver/Src/stm32f4xx_hal_exti.d" -MT"Drivers/STM32F4xx_HAL_Driver/Src/stm32f4xx_hal_exti.o" --specs=nano.specs -mfpu=fpv4-sp-d16 -mfloat-abi=hard -mthumb -o "Drivers/STM32F4xx_HAL_Driver/Src/stm32f4xx_hal_exti.o"
arm-none-eabi-gcc "../Drivers/STM32F4xx_HAL_Driver/Src/stm32f4xx_hal_flash.c" -mcpu=cortex-m4 -std=gnu11 -g3 -DDEBUG -DUSE_HAL_DRIVER -DSTM32F407xx -c -I../Core/Inc -I"C:/Users/husey/OneDrive/Masaüstü/Underwater_rocket/RTOS_workspace/underwater_rocket/Tasks" -I"C:/Users/husey/OneDrive/Masaüstü/Underwater_rocket/RTOS_workspace/underwater_rocket/Algorithm+Sensors/BLUETHOOTH" -I"C:/Users/husey/OneDrive/Masaüstü/Underwater_rocket/RTOS_workspace/underwater_rocket/Algorithm+Sensors/BNO055" -I"C:/Users/husey/OneDrive/Masaüstü/Underwater_rocket/RTOS_workspace/underwater_rocket/Algorithm+Sensors/MAESTRO" -I"C:/Users/husey/OneDrive/Masaüstü/Underwater_rocket/RTOS_workspace/underwater_rocket/Algorithm+Sensors/MS5837" -I"C:/Users/husey/OneDrive/Masaüstü/Underwater_rocket/RTOS_workspace/underwater_rocket/Algorithm+Sensors/PID" -I"C:/Users/husey/OneDrive/Masaüstü/Underwater_rocket/RTOS_workspace/underwater_rocket/Thirdparty/SEGGER/Config" -I"C:/Users/husey/OneDrive/Masaüstü/Underwater_rocket/RTOS_workspace/underwater_rocket/Thirdparty/SEGGER/OS" -I"C:/Users/husey/OneDrive/Masaüstü/Underwater_rocket/RTOS_workspace/underwater_rocket/Thirdparty/SEGGER/SEGGER" -I"C:/Users/husey/OneDrive/Masaüstü/Underwater_rocket/RTOS_workspace/underwater_rocket/Thirdparty/FreeRTOS" -I"C:/Users/husey/OneDrive/Masaüstü/Underwater_rocket/RTOS_workspace/underwater_rocket/Thirdparty/FreeRTOS/include" -I"C:/Users/husey/OneDrive/Masaüstü/Underwater_rocket/RTOS_workspace/underwater_rocket/Thirdparty/FreeRTOS/portable/GCC/ARM_CM4F" -I../Drivers/STM32F4xx_HAL_Driver/Inc -I../Drivers/STM32F4xx_HAL_Driver/Inc/Legacy -I../Drivers/CMSIS/Device/ST/STM32F4xx/Include -I../Drivers/CMSIS/Include -O0 -ffunction-sections -fdata-sections -Wall -fstack-usage -fcyclomatic-complexity -MMD -MP -MF"Drivers/STM32F4xx_HAL_Driver/Src/stm32f4xx_hal_flash.d" -MT"Drivers/STM32F4xx_HAL_Driver/Src/stm32f4xx_hal_flash.o" --specs=nano.specs -mfpu=fpv4-sp-d16 -mfloat-abi=hard -mthumb -o "Drivers/STM32F4xx_HAL_Driver/Src/stm32f4xx_hal_flash.o"
arm-none-eabi-gcc "../Drivers/STM32F4xx_HAL_Driver/Src/stm32f4xx_hal_flash_ex.c" -mcpu=cortex-m4 -std=gnu11 -g3 -DDEBUG -DUSE_HAL_DRIVER -DSTM32F407xx -c -I../Core/Inc -I"C:/Users/husey/OneDrive/Masaüstü/Underwater_rocket/RTOS_workspace/underwater_rocket/Tasks" -I"C:/Users/husey/OneDrive/Masaüstü/Underwater_rocket/RTOS_workspace/underwater_rocket/Algorithm+Sensors/BLUETHOOTH" -I"C:/Users/husey/OneDrive/Masaüstü/Underwater_rocket/RTOS_workspace/underwater_rocket/Algorithm+Sensors/BNO055" -I"C:/Users/husey/OneDrive/Masaüstü/Underwater_rocket/RTOS_workspace/underwater_rocket/Algorithm+Sensors/MAESTRO" -I"C:/Users/husey/OneDrive/Masaüstü/Underwater_rocket/RTOS_workspace/underwater_rocket/Algorithm+Sensors/MS5837" -I"C:/Users/husey/OneDrive/Masaüstü/Underwater_rocket/RTOS_workspace/underwater_rocket/Algorithm+Sensors/PID" -I"C:/Users/husey/OneDrive/Masaüstü/Underwater_rocket/RTOS_workspace/underwater_rocket/Thirdparty/SEGGER/Config" -I"C:/Users/husey/OneDrive/Masaüstü/Underwater_rocket/RTOS_workspace/underwater_rocket/Thirdparty/SEGGER/OS" -I"C:/Users/husey/OneDrive/Masaüstü/Underwater_rocket/RTOS_workspace/underwater_rocket/Thirdparty/SEGGER/SEGGER" -I"C:/Users/husey/OneDrive/Masaüstü/Underwater_rocket/RTOS_workspace/underwater_rocket/Thirdparty/FreeRTOS" -I"C:/Users/husey/OneDrive/Masaüstü/Underwater_rocket/RTOS_workspace/underwater_rocket/Thirdparty/FreeRTOS/include" -I"C:/Users/husey/OneDrive/Masaüstü/Underwater_rocket/RTOS_workspace/underwater_rocket/Thirdparty/FreeRTOS/portable/GCC/ARM_CM4F" -I../Drivers/STM32F4xx_HAL_Driver/Inc -I../Drivers/STM32F4xx_HAL_Driver/Inc/Legacy -I../Drivers/CMSIS/Device/ST/STM32F4xx/Include -I../Drivers/CMSIS/Include -O0 -ffunction-sections -fdata-sections -Wall -fstack-usage -fcyclomatic-complexity -MMD -MP -MF"Drivers/STM32F4xx_HAL_Driver/Src/stm32f4xx_hal_flash_ex.d" -MT"Drivers/STM32F4xx_HAL_Driver/Src/stm32f4xx_hal_flash_ex.o" --specs=nano.specs -mfpu=fpv4-sp-d16 -mfloat-abi=hard -mthumb -o "Drivers/STM32F4xx_HAL_Driver/Src/stm32f4xx_hal_flash_ex.o"
arm-none-eabi-gcc "../Drivers/STM32F4xx_HAL_Driver/Src/stm32f4xx_hal_flash_ramfunc.c" -mcpu=cortex-m4 -std=gnu11 -g3 -DDEBUG -DUSE_HAL_DRIVER -DSTM32F407xx -c -I../Core/Inc -I"C:/Users/husey/OneDrive/Masaüstü/Underwater_rocket/RTOS_workspace/underwater_rocket/Tasks" -I"C:/Users/husey/OneDrive/Masaüstü/Underwater_rocket/RTOS_workspace/underwater_rocket/Algorithm+Sensors/BLUETHOOTH" -I"C:/Users/husey/OneDrive/Masaüstü/Underwater_rocket/RTOS_workspace/underwater_rocket/Algorithm+Sensors/BNO055" -I"C:/Users/husey/OneDrive/Masaüstü/Underwater_rocket/RTOS_workspace/underwater_rocket/Algorithm+Sensors/MAESTRO" -I"C:/Users/husey/OneDrive/Masaüstü/Underwater_rocket/RTOS_workspace/underwater_rocket/Algorithm+Sensors/MS5837" -I"C:/Users/husey/OneDrive/Masaüstü/Underwater_rocket/RTOS_workspace/underwater_rocket/Algorithm+Sensors/PID" -I"C:/Users/husey/OneDrive/Masaüstü/Underwater_rocket/RTOS_workspace/underwater_rocket/Thirdparty/SEGGER/Config" -I"C:/Users/husey/OneDrive/Masaüstü/Underwater_rocket/RTOS_workspace/underwater_rocket/Thirdparty/SEGGER/OS" -I"C:/Users/husey/OneDrive/Masaüstü/Underwater_rocket/RTOS_workspace/underwater_rocket/Thirdparty/SEGGER/SEGGER" -I"C:/Users/husey/OneDrive/Masaüstü/Underwater_rocket/RTOS_workspace/underwater_rocket/Thirdparty/FreeRTOS" -I"C:/Users/husey/OneDrive/Masaüstü/Underwater_rocket/RTOS_workspace/underwater_rocket/Thirdparty/FreeRTOS/include" -I"C:/Users/husey/OneDrive/Masaüstü/Underwater_rocket/RTOS_workspace/underwater_rocket/Thirdparty/FreeRTOS/portable/GCC/ARM_CM4F" -I../Drivers/STM32F4xx_HAL_Driver/Inc -I../Drivers/STM32F4xx_HAL_Driver/Inc/Legacy -I../Drivers/CMSIS/Device/ST/STM32F4xx/Include -I../Drivers/CMSIS/Include -O0 -ffunction-sections -fdata-sections -Wall -fstack-usage -fcyclomatic-complexity -MMD -MP -MF"Drivers/STM32F4xx_HAL_Driver/Src/stm32f4xx_hal_flash_ramfunc.d" -MT"Drivers/STM32F4xx_HAL_Driver/Src/stm32f4xx_hal_flash_ramfunc.o" --specs=nano.specs -mfpu=fpv4-sp-d16 -mfloat-abi=hard -mthumb -o "Drivers/STM32F4xx_HAL_Driver/Src/stm32f4xx_hal_flash_ramfunc.o"
arm-none-eabi-gcc "../Drivers/STM32F4xx_HAL_Driver/Src/stm32f4xx_hal_gpio.c" -mcpu=cortex-m4 -std=gnu11 -g3 -DDEBUG -DUSE_HAL_DRIVER -DSTM32F407xx -c -I../Core/Inc -I"C:/Users/husey/OneDrive/Masaüstü/Underwater_rocket/RTOS_workspace/underwater_rocket/Tasks" -I"C:/Users/husey/OneDrive/Masaüstü/Underwater_rocket/RTOS_workspace/underwater_rocket/Algorithm+Sensors/BLUETHOOTH" -I"C:/Users/husey/OneDrive/Masaüstü/Underwater_rocket/RTOS_workspace/underwater_rocket/Algorithm+Sensors/BNO055" -I"C:/Users/husey/OneDrive/Masaüstü/Underwater_rocket/RTOS_workspace/underwater_rocket/Algorithm+Sensors/MAESTRO" -I"C:/Users/husey/OneDrive/Masaüstü/Underwater_rocket/RTOS_workspace/underwater_rocket/Algorithm+Sensors/MS5837" -I"C:/Users/husey/OneDrive/Masaüstü/Underwater_rocket/RTOS_workspace/underwater_rocket/Algorithm+Sensors/PID" -I"C:/Users/husey/OneDrive/Masaüstü/Underwater_rocket/RTOS_workspace/underwater_rocket/Thirdparty/SEGGER/Config" -I"C:/Users/husey/OneDrive/Masaüstü/Underwater_rocket/RTOS_workspace/underwater_rocket/Thirdparty/SEGGER/OS" -I"C:/Users/husey/OneDrive/Masaüstü/Underwater_rocket/RTOS_workspace/underwater_rocket/Thirdparty/SEGGER/SEGGER" -I"C:/Users/husey/OneDrive/Masaüstü/Underwater_rocket/RTOS_workspace/underwater_rocket/Thirdparty/FreeRTOS" -I"C:/Users/husey/OneDrive/Masaüstü/Underwater_rocket/RTOS_workspace/underwater_rocket/Thirdparty/FreeRTOS/include" -I"C:/Users/husey/OneDrive/Masaüstü/Underwater_rocket/RTOS_workspace/underwater_rocket/Thirdparty/FreeRTOS/portable/GCC/ARM_CM4F" -I../Drivers/STM32F4xx_HAL_Driver/Inc -I../Drivers/STM32F4xx_HAL_Driver/Inc/Legacy -I../Drivers/CMSIS/Device/ST/STM32F4xx/Include -I../Drivers/CMSIS/Include -O0 -ffunction-sections -fdata-sections -Wall -fstack-usage -fcyclomatic-complexity -MMD -MP -MF"Drivers/STM32F4xx_HAL_Driver/Src/stm32f4xx_hal_gpio.d" -MT"Drivers/STM32F4xx_HAL_Driver/Src/stm32f4xx_hal_gpio.o" --specs=nano.specs -mfpu=fpv4-sp-d16 -mfloat-abi=hard -mthumb -o "Drivers/STM32F4xx_HAL_Driver/Src/stm32f4xx_hal_gpio.o"
arm-none-eabi-gcc "../Drivers/STM32F4xx_HAL_Driver/Src/stm32f4xx_hal_i2c.c" -mcpu=cortex-m4 -std=gnu11 -g3 -DDEBUG -DUSE_HAL_DRIVER -DSTM32F407xx -c -I../Core/Inc -I"C:/Users/husey/OneDrive/Masaüstü/Underwater_rocket/RTOS_workspace/underwater_rocket/Tasks" -I"C:/Users/husey/OneDrive/Masaüstü/Underwater_rocket/RTOS_workspace/underwater_rocket/Algorithm+Sensors/BLUETHOOTH" -I"C:/Users/husey/OneDrive/Masaüstü/Underwater_rocket/RTOS_workspace/underwater_rocket/Algorithm+Sensors/BNO055" -I"C:/Users/husey/OneDrive/Masaüstü/Underwater_rocket/RTOS_workspace/underwater_rocket/Algorithm+Sensors/MAESTRO" -I"C:/Users/husey/OneDrive/Masaüstü/Underwater_rocket/RTOS_workspace/underwater_rocket/Algorithm+Sensors/MS5837" -I"C:/Users/husey/OneDrive/Masaüstü/Underwater_rocket/RTOS_workspace/underwater_rocket/Algorithm+Sensors/PID" -I"C:/Users/husey/OneDrive/Masaüstü/Underwater_rocket/RTOS_workspace/underwater_rocket/Thirdparty/SEGGER/Config" -I"C:/Users/husey/OneDrive/Masaüstü/Underwater_rocket/RTOS_workspace/underwater_rocket/Thirdparty/SEGGER/OS" -I"C:/Users/husey/OneDrive/Masaüstü/Underwater_rocket/RTOS_workspace/underwater_rocket/Thirdparty/SEGGER/SEGGER" -I"C:/Users/husey/OneDrive/Masaüstü/Underwater_rocket/RTOS_workspace/underwater_rocket/Thirdparty/FreeRTOS" -I"C:/Users/husey/OneDrive/Masaüstü/Underwater_rocket/RTOS_workspace/underwater_rocket/Thirdparty/FreeRTOS/include" -I"C:/Users/husey/OneDrive/Masaüstü/Underwater_rocket/RTOS_workspace/underwater_rocket/Thirdparty/FreeRTOS/portable/GCC/ARM_CM4F" -I../Drivers/STM32F4xx_HAL_Driver/Inc -I../Drivers/STM32F4xx_HAL_Driver/Inc/Legacy -I../Drivers/CMSIS/Device/ST/STM32F4xx/Include -I../Drivers/CMSIS/Include -O0 -ffunction-sections -fdata-sections -Wall -fstack-usage -fcyclomatic-complexity -MMD -MP -MF"Drivers/STM32F4xx_HAL_Driver/Src/stm32f4xx_hal_i2c.d" -MT"Drivers/STM32F4xx_HAL_Driver/Src/stm32f4xx_hal_i2c.o" --specs=nano.specs -mfpu=fpv4-sp-d16 -mfloat-abi=hard -mthumb -o "Drivers/STM32F4xx_HAL_Driver/Src/stm32f4xx_hal_i2c.o"
arm-none-eabi-gcc "../Drivers/STM32F4xx_HAL_Driver/Src/stm32f4xx_hal_i2c_ex.c" -mcpu=cortex-m4 -std=gnu11 -g3 -DDEBUG -DUSE_HAL_DRIVER -DSTM32F407xx -c -I../Core/Inc -I"C:/Users/husey/OneDrive/Masaüstü/Underwater_rocket/RTOS_workspace/underwater_rocket/Tasks" -I"C:/Users/husey/OneDrive/Masaüstü/Underwater_rocket/RTOS_workspace/underwater_rocket/Algorithm+Sensors/BLUETHOOTH" -I"C:/Users/husey/OneDrive/Masaüstü/Underwater_rocket/RTOS_workspace/underwater_rocket/Algorithm+Sensors/BNO055" -I"C:/Users/husey/OneDrive/Masaüstü/Underwater_rocket/RTOS_workspace/underwater_rocket/Algorithm+Sensors/MAESTRO" -I"C:/Users/husey/OneDrive/Masaüstü/Underwater_rocket/RTOS_workspace/underwater_rocket/Algorithm+Sensors/MS5837" -I"C:/Users/husey/OneDrive/Masaüstü/Underwater_rocket/RTOS_workspace/underwater_rocket/Algorithm+Sensors/PID" -I"C:/Users/husey/OneDrive/Masaüstü/Underwater_rocket/RTOS_workspace/underwater_rocket/Thirdparty/SEGGER/Config" -I"C:/Users/husey/OneDrive/Masaüstü/Underwater_rocket/RTOS_workspace/underwater_rocket/Thirdparty/SEGGER/OS" -I"C:/Users/husey/OneDrive/Masaüstü/Underwater_rocket/RTOS_workspace/underwater_rocket/Thirdparty/SEGGER/SEGGER" -I"C:/Users/husey/OneDrive/Masaüstü/Underwater_rocket/RTOS_workspace/underwater_rocket/Thirdparty/FreeRTOS" -I"C:/Users/husey/OneDrive/Masaüstü/Underwater_rocket/RTOS_workspace/underwater_rocket/Thirdparty/FreeRTOS/include" -I"C:/Users/husey/OneDrive/Masaüstü/Underwater_rocket/RTOS_workspace/underwater_rocket/Thirdparty/FreeRTOS/portable/GCC/ARM_CM4F" -I../Drivers/STM32F4xx_HAL_Driver/Inc -I../Drivers/STM32F4xx_HAL_Driver/Inc/Legacy -I../Drivers/CMSIS/Device/ST/STM32F4xx/Include -I../Drivers/CMSIS/Include -O0 -ffunction-sections -fdata-sections -Wall -fstack-usage -fcyclomatic-complexity -MMD -MP -MF"Drivers/STM32F4xx_HAL_Driver/Src/stm32f4xx_hal_i2c_ex.d" -MT"Drivers/STM32F4xx_HAL_Driver/Src/stm32f4xx_hal_i2c_ex.o" --specs=nano.specs -mfpu=fpv4-sp-d16 -mfloat-abi=hard -mthumb -o "Drivers/STM32F4xx_HAL_Driver/Src/stm32f4xx_hal_i2c_ex.o"
arm-none-eabi-gcc "../Drivers/STM32F4xx_HAL_Driver/Src/stm32f4xx_hal_pwr.c" -mcpu=cortex-m4 -std=gnu11 -g3 -DDEBUG -DUSE_HAL_DRIVER -DSTM32F407xx -c -I../Core/Inc -I"C:/Users/husey/OneDrive/Masaüstü/Underwater_rocket/RTOS_workspace/underwater_rocket/Tasks" -I"C:/Users/husey/OneDrive/Masaüstü/Underwater_rocket/RTOS_workspace/underwater_rocket/Algorithm+Sensors/BLUETHOOTH" -I"C:/Users/husey/OneDrive/Masaüstü/Underwater_rocket/RTOS_workspace/underwater_rocket/Algorithm+Sensors/BNO055" -I"C:/Users/husey/OneDrive/Masaüstü/Underwater_rocket/RTOS_workspace/underwater_rocket/Algorithm+Sensors/MAESTRO" -I"C:/Users/husey/OneDrive/Masaüstü/Underwater_rocket/RTOS_workspace/underwater_rocket/Algorithm+Sensors/MS5837" -I"C:/Users/husey/OneDrive/Masaüstü/Underwater_rocket/RTOS_workspace/underwater_rocket/Algorithm+Sensors/PID" -I"C:/Users/husey/OneDrive/Masaüstü/Underwater_rocket/RTOS_workspace/underwater_rocket/Thirdparty/SEGGER/Config" -I"C:/Users/husey/OneDrive/Masaüstü/Underwater_rocket/RTOS_workspace/underwater_rocket/Thirdparty/SEGGER/OS" -I"C:/Users/husey/OneDrive/Masaüstü/Underwater_rocket/RTOS_workspace/underwater_rocket/Thirdparty/SEGGER/SEGGER" -I"C:/Users/husey/OneDrive/Masaüstü/Underwater_rocket/RTOS_workspace/underwater_rocket/Thirdparty/FreeRTOS" -I"C:/Users/husey/OneDrive/Masaüstü/Underwater_rocket/RTOS_workspace/underwater_rocket/Thirdparty/FreeRTOS/include" -I"C:/Users/husey/OneDrive/Masaüstü/Underwater_rocket/RTOS_workspace/underwater_rocket/Thirdparty/FreeRTOS/portable/GCC/ARM_CM4F" -I../Drivers/STM32F4xx_HAL_Driver/Inc -I../Drivers/STM32F4xx_HAL_Driver/Inc/Legacy -I../Drivers/CMSIS/Device/ST/STM32F4xx/Include -I../Drivers/CMSIS/Include -O0 -ffunction-sections -fdata-sections -Wall -fstack-usage -fcyclomatic-complexity -MMD -MP -MF"Drivers/STM32F4xx_HAL_Driver/Src/stm32f4xx_hal_pwr.d" -MT"Drivers/STM32F4xx_HAL_Driver/Src/stm32f4xx_hal_pwr.o" --specs=nano.specs -mfpu=fpv4-sp-d16 -mfloat-abi=hard -mthumb -o "Drivers/STM32F4xx_HAL_Driver/Src/stm32f4xx_hal_pwr.o"
arm-none-eabi-gcc "../Drivers/STM32F4xx_HAL_Driver/Src/stm32f4xx_hal_pwr_ex.c" -mcpu=cortex-m4 -std=gnu11 -g3 -DDEBUG -DUSE_HAL_DRIVER -DSTM32F407xx -c -I../Core/Inc -I"C:/Users/husey/OneDrive/Masaüstü/Underwater_rocket/RTOS_workspace/underwater_rocket/Tasks" -I"C:/Users/husey/OneDrive/Masaüstü/Underwater_rocket/RTOS_workspace/underwater_rocket/Algorithm+Sensors/BLUETHOOTH" -I"C:/Users/husey/OneDrive/Masaüstü/Underwater_rocket/RTOS_workspace/underwater_rocket/Algorithm+Sensors/BNO055" -I"C:/Users/husey/OneDrive/Masaüstü/Underwater_rocket/RTOS_workspace/underwater_rocket/Algorithm+Sensors/MAESTRO" -I"C:/Users/husey/OneDrive/Masaüstü/Underwater_rocket/RTOS_workspace/underwater_rocket/Algorithm+Sensors/MS5837" -I"C:/Users/husey/OneDrive/Masaüstü/Underwater_rocket/RTOS_workspace/underwater_rocket/Algorithm+Sensors/PID" -I"C:/Users/husey/OneDrive/Masaüstü/Underwater_rocket/RTOS_workspace/underwater_rocket/Thirdparty/SEGGER/Config" -I"C:/Users/husey/OneDrive/Masaüstü/Underwater_rocket/RTOS_workspace/underwater_rocket/Thirdparty/SEGGER/OS" -I"C:/Users/husey/OneDrive/Masaüstü/Underwater_rocket/RTOS_workspace/underwater_rocket/Thirdparty/SEGGER/SEGGER" -I"C:/Users/husey/OneDrive/Masaüstü/Underwater_rocket/RTOS_workspace/underwater_rocket/Thirdparty/FreeRTOS" -I"C:/Users/husey/OneDrive/Masaüstü/Underwater_rocket/RTOS_workspace/underwater_rocket/Thirdparty/FreeRTOS/include" -I"C:/Users/husey/OneDrive/Masaüstü/Underwater_rocket/RTOS_workspace/underwater_rocket/Thirdparty/FreeRTOS/portable/GCC/ARM_CM4F" -I../Drivers/STM32F4xx_HAL_Driver/Inc -I../Drivers/STM32F4xx_HAL_Driver/Inc/Legacy -I../Drivers/CMSIS/Device/ST/STM32F4xx/Include -I../Drivers/CMSIS/Include -O0 -ffunction-sections -fdata-sections -Wall -fstack-usage -fcyclomatic-complexity -MMD -MP -MF"Drivers/STM32F4xx_HAL_Driver/Src/stm32f4xx_hal_pwr_ex.d" -MT"Drivers/STM32F4xx_HAL_Driver/Src/stm32f4xx_hal_pwr_ex.o" --specs=nano.specs -mfpu=fpv4-sp-d16 -mfloat-abi=hard -mthumb -o "Drivers/STM32F4xx_HAL_Driver/Src/stm32f4xx_hal_pwr_ex.o"
arm-none-eabi-gcc "../Drivers/STM32F4xx_HAL_Driver/Src/stm32f4xx_hal_rcc.c" -mcpu=cortex-m4 -std=gnu11 -g3 -DDEBUG -DUSE_HAL_DRIVER -DSTM32F407xx -c -I../Core/Inc -I"C:/Users/husey/OneDrive/Masaüstü/Underwater_rocket/RTOS_workspace/underwater_rocket/Tasks" -I"C:/Users/husey/OneDrive/Masaüstü/Underwater_rocket/RTOS_workspace/underwater_rocket/Algorithm+Sensors/BLUETHOOTH" -I"C:/Users/husey/OneDrive/Masaüstü/Underwater_rocket/RTOS_workspace/underwater_rocket/Algorithm+Sensors/BNO055" -I"C:/Users/husey/OneDrive/Masaüstü/Underwater_rocket/RTOS_workspace/underwater_rocket/Algorithm+Sensors/MAESTRO" -I"C:/Users/husey/OneDrive/Masaüstü/Underwater_rocket/RTOS_workspace/underwater_rocket/Algorithm+Sensors/MS5837" -I"C:/Users/husey/OneDrive/Masaüstü/Underwater_rocket/RTOS_workspace/underwater_rocket/Algorithm+Sensors/PID" -I"C:/Users/husey/OneDrive/Masaüstü/Underwater_rocket/RTOS_workspace/underwater_rocket/Thirdparty/SEGGER/Config" -I"C:/Users/husey/OneDrive/Masaüstü/Underwater_rocket/RTOS_workspace/underwater_rocket/Thirdparty/SEGGER/OS" -I"C:/Users/husey/OneDrive/Masaüstü/Underwater_rocket/RTOS_workspace/underwater_rocket/Thirdparty/SEGGER/SEGGER" -I"C:/Users/husey/OneDrive/Masaüstü/Underwater_rocket/RTOS_workspace/underwater_rocket/Thirdparty/FreeRTOS" -I"C:/Users/husey/OneDrive/Masaüstü/Underwater_rocket/RTOS_workspace/underwater_rocket/Thirdparty/FreeRTOS/include" -I"C:/Users/husey/OneDrive/Masaüstü/Underwater_rocket/RTOS_workspace/underwater_rocket/Thirdparty/FreeRTOS/portable/GCC/ARM_CM4F" -I../Drivers/STM32F4xx_HAL_Driver/Inc -I../Drivers/STM32F4xx_HAL_Driver/Inc/Legacy -I../Drivers/CMSIS/Device/ST/STM32F4xx/Include -I../Drivers/CMSIS/Include -O0 -ffunction-sections -fdata-sections -Wall -fstack-usage -fcyclomatic-complexity -MMD -MP -MF"Drivers/STM32F4xx_HAL_Driver/Src/stm32f4xx_hal_rcc.d" -MT"Drivers/STM32F4xx_HAL_Driver/Src/stm32f4xx_hal_rcc.o" --specs=nano.specs -mfpu=fpv4-sp-d16 -mfloat-abi=hard -mthumb -o "Drivers/STM32F4xx_HAL_Driver/Src/stm32f4xx_hal_rcc.o"
arm-none-eabi-gcc "../Drivers/STM32F4xx_HAL_Driver/Src/stm32f4xx_hal_rcc_ex.c" -mcpu=cortex-m4 -std=gnu11 -g3 -DDEBUG -DUSE_HAL_DRIVER -DSTM32F407xx -c -I../Core/Inc -I"C:/Users/husey/OneDrive/Masaüstü/Underwater_rocket/RTOS_workspace/underwater_rocket/Tasks" -I"C:/Users/husey/OneDrive/Masaüstü/Underwater_rocket/RTOS_workspace/underwater_rocket/Algorithm+Sensors/BLUETHOOTH" -I"C:/Users/husey/OneDrive/Masaüstü/Underwater_rocket/RTOS_workspace/underwater_rocket/Algorithm+Sensors/BNO055" -I"C:/Users/husey/OneDrive/Masaüstü/Underwater_rocket/RTOS_workspace/underwater_rocket/Algorithm+Sensors/MAESTRO" -I"C:/Users/husey/OneDrive/Masaüstü/Underwater_rocket/RTOS_workspace/underwater_rocket/Algorithm+Sensors/MS5837" -I"C:/Users/husey/OneDrive/Masaüstü/Underwater_rocket/RTOS_workspace/underwater_rocket/Algorithm+Sensors/PID" -I"C:/Users/husey/OneDrive/Masaüstü/Underwater_rocket/RTOS_workspace/underwater_rocket/Thirdparty/SEGGER/Config" -I"C:/Users/husey/OneDrive/Masaüstü/Underwater_rocket/RTOS_workspace/underwater_rocket/Thirdparty/SEGGER/OS" -I"C:/Users/husey/OneDrive/Masaüstü/Underwater_rocket/RTOS_workspace/underwater_rocket/Thirdparty/SEGGER/SEGGER" -I"C:/Users/husey/OneDrive/Masaüstü/Underwater_rocket/RTOS_workspace/underwater_rocket/Thirdparty/FreeRTOS" -I"C:/Users/husey/OneDrive/Masaüstü/Underwater_rocket/RTOS_workspace/underwater_rocket/Thirdparty/FreeRTOS/include" -I"C:/Users/husey/OneDrive/Masaüstü/Underwater_rocket/RTOS_workspace/underwater_rocket/Thirdparty/FreeRTOS/portable/GCC/ARM_CM4F" -I../Drivers/STM32F4xx_HAL_Driver/Inc -I../Drivers/STM32F4xx_HAL_Driver/Inc/Legacy -I../Drivers/CMSIS/Device/ST/STM32F4xx/Include -I../Drivers/CMSIS/Include -O0 -ffunction-sections -fdata-sections -Wall -fstack-usage -fcyclomatic-complexity -MMD -MP -MF"Drivers/STM32F4xx_HAL_Driver/Src/stm32f4xx_hal_rcc_ex.d" -MT"Drivers/STM32F4xx_HAL_Driver/Src/stm32f4xx_hal_rcc_ex.o" --specs=nano.specs -mfpu=fpv4-sp-d16 -mfloat-abi=hard -mthumb -o "Drivers/STM32F4xx_HAL_Driver/Src/stm32f4xx_hal_rcc_ex.o"
arm-none-eabi-gcc "../Drivers/STM32F4xx_HAL_Driver/Src/stm32f4xx_hal_tim.c" -mcpu=cortex-m4 -std=gnu11 -g3 -DDEBUG -DUSE_HAL_DRIVER -DSTM32F407xx -c -I../Core/Inc -I"C:/Users/husey/OneDrive/Masaüstü/Underwater_rocket/RTOS_workspace/underwater_rocket/Tasks" -I"C:/Users/husey/OneDrive/Masaüstü/Underwater_rocket/RTOS_workspace/underwater_rocket/Algorithm+Sensors/BLUETHOOTH" -I"C:/Users/husey/OneDrive/Masaüstü/Underwater_rocket/RTOS_workspace/underwater_rocket/Algorithm+Sensors/BNO055" -I"C:/Users/husey/OneDrive/Masaüstü/Underwater_rocket/RTOS_workspace/underwater_rocket/Algorithm+Sensors/MAESTRO" -I"C:/Users/husey/OneDrive/Masaüstü/Underwater_rocket/RTOS_workspace/underwater_rocket/Algorithm+Sensors/MS5837" -I"C:/Users/husey/OneDrive/Masaüstü/Underwater_rocket/RTOS_workspace/underwater_rocket/Algorithm+Sensors/PID" -I"C:/Users/husey/OneDrive/Masaüstü/Underwater_rocket/RTOS_workspace/underwater_rocket/Thirdparty/SEGGER/Config" -I"C:/Users/husey/OneDrive/Masaüstü/Underwater_rocket/RTOS_workspace/underwater_rocket/Thirdparty/SEGGER/OS" -I"C:/Users/husey/OneDrive/Masaüstü/Underwater_rocket/RTOS_workspace/underwater_rocket/Thirdparty/SEGGER/SEGGER" -I"C:/Users/husey/OneDrive/Masaüstü/Underwater_rocket/RTOS_workspace/underwater_rocket/Thirdparty/FreeRTOS" -I"C:/Users/husey/OneDrive/Masaüstü/Underwater_rocket/RTOS_workspace/underwater_rocket/Thirdparty/FreeRTOS/include" -I"C:/Users/husey/OneDrive/Masaüstü/Underwater_rocket/RTOS_workspace/underwater_rocket/Thirdparty/FreeRTOS/portable/GCC/ARM_CM4F" -I../Drivers/STM32F4xx_HAL_Driver/Inc -I../Drivers/STM32F4xx_HAL_Driver/Inc/Legacy -I../Drivers/CMSIS/Device/ST/STM32F4xx/Include -I../Drivers/CMSIS/Include -O0 -ffunction-sections -fdata-sections -Wall -fstack-usage -fcyclomatic-complexity -MMD -MP -MF"Drivers/STM32F4xx_HAL_Driver/Src/stm32f4xx_hal_tim.d" -MT"Drivers/STM32F4xx_HAL_Driver/Src/stm32f4xx_hal_tim.o" --specs=nano.specs -mfpu=fpv4-sp-d16 -mfloat-abi=hard -mthumb -o "Drivers/STM32F4xx_HAL_Driver/Src/stm32f4xx_hal_tim.o"
arm-none-eabi-gcc "../Drivers/STM32F4xx_HAL_Driver/Src/stm32f4xx_hal_tim_ex.c" -mcpu=cortex-m4 -std=gnu11 -g3 -DDEBUG -DUSE_HAL_DRIVER -DSTM32F407xx -c -I../Core/Inc -I"C:/Users/husey/OneDrive/Masaüstü/Underwater_rocket/RTOS_workspace/underwater_rocket/Tasks" -I"C:/Users/husey/OneDrive/Masaüstü/Underwater_rocket/RTOS_workspace/underwater_rocket/Algorithm+Sensors/BLUETHOOTH" -I"C:/Users/husey/OneDrive/Masaüstü/Underwater_rocket/RTOS_workspace/underwater_rocket/Algorithm+Sensors/BNO055" -I"C:/Users/husey/OneDrive/Masaüstü/Underwater_rocket/RTOS_workspace/underwater_rocket/Algorithm+Sensors/MAESTRO" -I"C:/Users/husey/OneDrive/Masaüstü/Underwater_rocket/RTOS_workspace/underwater_rocket/Algorithm+Sensors/MS5837" -I"C:/Users/husey/OneDrive/Masaüstü/Underwater_rocket/RTOS_workspace/underwater_rocket/Algorithm+Sensors/PID" -I"C:/Users/husey/OneDrive/Masaüstü/Underwater_rocket/RTOS_workspace/underwater_rocket/Thirdparty/SEGGER/Config" -I"C:/Users/husey/OneDrive/Masaüstü/Underwater_rocket/RTOS_workspace/underwater_rocket/Thirdparty/SEGGER/OS" -I"C:/Users/husey/OneDrive/Masaüstü/Underwater_rocket/RTOS_workspace/underwater_rocket/Thirdparty/SEGGER/SEGGER" -I"C:/Users/husey/OneDrive/Masaüstü/Underwater_rocket/RTOS_workspace/underwater_rocket/Thirdparty/FreeRTOS" -I"C:/Users/husey/OneDrive/Masaüstü/Underwater_rocket/RTOS_workspace/underwater_rocket/Thirdparty/FreeRTOS/include" -I"C:/Users/husey/OneDrive/Masaüstü/Underwater_rocket/RTOS_workspace/underwater_rocket/Thirdparty/FreeRTOS/portable/GCC/ARM_CM4F" -I../Drivers/STM32F4xx_HAL_Driver/Inc -I../Drivers/STM32F4xx_HAL_Driver/Inc/Legacy -I../Drivers/CMSIS/Device/ST/STM32F4xx/Include -I../Drivers/CMSIS/Include -O0 -ffunction-sections -fdata-sections -Wall -fstack-usage -fcyclomatic-complexity -MMD -MP -MF"Drivers/STM32F4xx_HAL_Driver/Src/stm32f4xx_hal_tim_ex.d" -MT"Drivers/STM32F4xx_HAL_Driver/Src/stm32f4xx_hal_tim_ex.o" --specs=nano.specs -mfpu=fpv4-sp-d16 -mfloat-abi=hard -mthumb -o "Drivers/STM32F4xx_HAL_Driver/Src/stm32f4xx_hal_tim_ex.o"
arm-none-eabi-gcc "../Drivers/STM32F4xx_HAL_Driver/Src/stm32f4xx_hal_uart.c" -mcpu=cortex-m4 -std=gnu11 -g3 -DDEBUG -DUSE_HAL_DRIVER -DSTM32F407xx -c -I../Core/Inc -I"C:/Users/husey/OneDrive/Masaüstü/Underwater_rocket/RTOS_workspace/underwater_rocket/Tasks" -I"C:/Users/husey/OneDrive/Masaüstü/Underwater_rocket/RTOS_workspace/underwater_rocket/Algorithm+Sensors/BLUETHOOTH" -I"C:/Users/husey/OneDrive/Masaüstü/Underwater_rocket/RTOS_workspace/underwater_rocket/Algorithm+Sensors/BNO055" -I"C:/Users/husey/OneDrive/Masaüstü/Underwater_rocket/RTOS_workspace/underwater_rocket/Algorithm+Sensors/MAESTRO" -I"C:/Users/husey/OneDrive/Masaüstü/Underwater_rocket/RTOS_workspace/underwater_rocket/Algorithm+Sensors/MS5837" -I"C:/Users/husey/OneDrive/Masaüstü/Underwater_rocket/RTOS_workspace/underwater_rocket/Algorithm+Sensors/PID" -I"C:/Users/husey/OneDrive/Masaüstü/Underwater_rocket/RTOS_workspace/underwater_rocket/Thirdparty/SEGGER/Config" -I"C:/Users/husey/OneDrive/Masaüstü/Underwater_rocket/RTOS_workspace/underwater_rocket/Thirdparty/SEGGER/OS" -I"C:/Users/husey/OneDrive/Masaüstü/Underwater_rocket/RTOS_workspace/underwater_rocket/Thirdparty/SEGGER/SEGGER" -I"C:/Users/husey/OneDrive/Masaüstü/Underwater_rocket/RTOS_workspace/underwater_rocket/Thirdparty/FreeRTOS" -I"C:/Users/husey/OneDrive/Masaüstü/Underwater_rocket/RTOS_workspace/underwater_rocket/Thirdparty/FreeRTOS/include" -I"C:/Users/husey/OneDrive/Masaüstü/Underwater_rocket/RTOS_workspace/underwater_rocket/Thirdparty/FreeRTOS/portable/GCC/ARM_CM4F" -I../Drivers/STM32F4xx_HAL_Driver/Inc -I../Drivers/STM32F4xx_HAL_Driver/Inc/Legacy -I../Drivers/CMSIS/Device/ST/STM32F4xx/Include -I../Drivers/CMSIS/Include -O0 -ffunction-sections -fdata-sections -Wall -fstack-usage -fcyclomatic-complexity -MMD -MP -MF"Drivers/STM32F4xx_HAL_Driver/Src/stm32f4xx_hal_uart.d" -MT"Drivers/STM32F4xx_HAL_Driver/Src/stm32f4xx_hal_uart.o" --specs=nano.specs -mfpu=fpv4-sp-d16 -mfloat-abi=hard -mthumb -o "Drivers/STM32F4xx_HAL_Driver/Src/stm32f4xx_hal_uart.o"
arm-none-eabi-gcc -mcpu=cortex-m4 -g3 -DDEBUG -c -I"C:/Users/husey/OneDrive/Masaüstü/Underwater_rocket/RTOS_workspace/underwater_rocket/Thirdparty/SEGGER/Config" -x assembler-with-cpp -MMD -MP -MF"Core/Startup/startup_stm32f407vgtx.d" -MT"Core/Startup/startup_stm32f407vgtx.o" --specs=nano.specs -mfpu=fpv4-sp-d16 -mfloat-abi=hard -mthumb -o "Core/Startup/startup_stm32f407vgtx.o" "../Core/Startup/startup_stm32f407vgtx.s"
arm-none-eabi-gcc "../Core/Src/main.c" -mcpu=cortex-m4 -std=gnu11 -g3 -DDEBUG -DUSE_HAL_DRIVER -DSTM32F407xx -c -I../Core/Inc -I"C:/Users/husey/OneDrive/Masaüstü/Underwater_rocket/RTOS_workspace/underwater_rocket/Tasks" -I"C:/Users/husey/OneDrive/Masaüstü/Underwater_rocket/RTOS_workspace/underwater_rocket/Algorithm+Sensors/BLUETHOOTH" -I"C:/Users/husey/OneDrive/Masaüstü/Underwater_rocket/RTOS_workspace/underwater_rocket/Algorithm+Sensors/BNO055" -I"C:/Users/husey/OneDrive/Masaüstü/Underwater_rocket/RTOS_workspace/underwater_rocket/Algorithm+Sensors/MAESTRO" -I"C:/Users/husey/OneDrive/Masaüstü/Underwater_rocket/RTOS_workspace/underwater_rocket/Algorithm+Sensors/MS5837" -I"C:/Users/husey/OneDrive/Masaüstü/Underwater_rocket/RTOS_workspace/underwater_rocket/Algorithm+Sensors/PID" -I"C:/Users/husey/OneDrive/Masaüstü/Underwater_rocket/RTOS_workspace/underwater_rocket/Thirdparty/SEGGER/Config" -I"C:/Users/husey/OneDrive/Masaüstü/Underwater_rocket/RTOS_workspace/underwater_rocket/Thirdparty/SEGGER/OS" -I"C:/Users/husey/OneDrive/Masaüstü/Underwater_rocket/RTOS_workspace/underwater_rocket/Thirdparty/SEGGER/SEGGER" -I"C:/Users/husey/OneDrive/Masaüstü/Underwater_rocket/RTOS_workspace/underwater_rocket/Thirdparty/FreeRTOS" -I"C:/Users/husey/OneDrive/Masaüstü/Underwater_rocket/RTOS_workspace/underwater_rocket/Thirdparty/FreeRTOS/include" -I"C:/Users/husey/OneDrive/Masaüstü/Underwater_rocket/RTOS_workspace/underwater_rocket/Thirdparty/FreeRTOS/portable/GCC/ARM_CM4F" -I../Drivers/STM32F4xx_HAL_Driver/Inc -I../Drivers/STM32F4xx_HAL_Driver/Inc/Legacy -I../Drivers/CMSIS/Device/ST/STM32F4xx/Include -I../Drivers/CMSIS/Include -O0 -ffunction-sections -fdata-sections -Wall -fstack-usage -fcyclomatic-complexity -MMD -MP -MF"Core/Src/main.d" -MT"Core/Src/main.o" --specs=nano.specs -mfpu=fpv4-sp-d16 -mfloat-abi=hard -mthumb -o "Core/Src/main.o"
arm-none-eabi-gcc "../Core/Src/stm32f4xx_hal_msp.c" -mcpu=cortex-m4 -std=gnu11 -g3 -DDEBUG -DUSE_HAL_DRIVER -DSTM32F407xx -c -I../Core/Inc -I"C:/Users/husey/OneDrive/Masaüstü/Underwater_rocket/RTOS_workspace/underwater_rocket/Tasks" -I"C:/Users/husey/OneDrive/Masaüstü/Underwater_rocket/RTOS_workspace/underwater_rocket/Algorithm+Sensors/BLUETHOOTH" -I"C:/Users/husey/OneDrive/Masaüstü/Underwater_rocket/RTOS_workspace/underwater_rocket/Algorithm+Sensors/BNO055" -I"C:/Users/husey/OneDrive/Masaüstü/Underwater_rocket/RTOS_workspace/underwater_rocket/Algorithm+Sensors/MAESTRO" -I"C:/Users/husey/OneDrive/Masaüstü/Underwater_rocket/RTOS_workspace/underwater_rocket/Algorithm+Sensors/MS5837" -I"C:/Users/husey/OneDrive/Masaüstü/Underwater_rocket/RTOS_workspace/underwater_rocket/Algorithm+Sensors/PID" -I"C:/Users/husey/OneDrive/Masaüstü/Underwater_rocket/RTOS_workspace/underwater_rocket/Thirdparty/SEGGER/Config" -I"C:/Users/husey/OneDrive/Masaüstü/Underwater_rocket/RTOS_workspace/underwater_rocket/Thirdparty/SEGGER/OS" -I"C:/Users/husey/OneDrive/Masaüstü/Underwater_rocket/RTOS_workspace/underwater_rocket/Thirdparty/SEGGER/SEGGER" -I"C:/Users/husey/OneDrive/Masaüstü/Underwater_rocket/RTOS_workspace/underwater_rocket/Thirdparty/FreeRTOS" -I"C:/Users/husey/OneDrive/Masaüstü/Underwater_rocket/RTOS_workspace/underwater_rocket/Thirdparty/FreeRTOS/include" -I"C:/Users/husey/OneDrive/Masaüstü/Underwater_rocket/RTOS_workspace/underwater_rocket/Thirdparty/FreeRTOS/portable/GCC/ARM_CM4F" -I../Drivers/STM32F4xx_HAL_Driver/Inc -I../Drivers/STM32F4xx_HAL_Driver/Inc/Legacy -I../Drivers/CMSIS/Device/ST/STM32F4xx/Include -I../Drivers/CMSIS/Include -O0 -ffunction-sections -fdata-sections -Wall -fstack-usage -fcyclomatic-complexity -MMD -MP -MF"Core/Src/stm32f4xx_hal_msp.d" -MT"Core/Src/stm32f4xx_hal_msp.o" --specs=nano.specs -mfpu=fpv4-sp-d16 -mfloat-abi=hard -mthumb -o "Core/Src/stm32f4xx_hal_msp.o"
arm-none-eabi-gcc "../Core/Src/stm32f4xx_hal_timebase_tim.c" -mcpu=cortex-m4 -std=gnu11 -g3 -DDEBUG -DUSE_HAL_DRIVER -DSTM32F407xx -c -I../Core/Inc -I"C:/Users/husey/OneDrive/Masaüstü/Underwater_rocket/RTOS_workspace/underwater_rocket/Tasks" -I"C:/Users/husey/OneDrive/Masaüstü/Underwater_rocket/RTOS_workspace/underwater_rocket/Algorithm+Sensors/BLUETHOOTH" -I"C:/Users/husey/OneDrive/Masaüstü/Underwater_rocket/RTOS_workspace/underwater_rocket/Algorithm+Sensors/BNO055" -I"C:/Users/husey/OneDrive/Masaüstü/Underwater_rocket/RTOS_workspace/underwater_rocket/Algorithm+Sensors/MAESTRO" -I"C:/Users/husey/OneDrive/Masaüstü/Underwater_rocket/RTOS_workspace/underwater_rocket/Algorithm+Sensors/MS5837" -I"C:/Users/husey/OneDrive/Masaüstü/Underwater_rocket/RTOS_workspace/underwater_rocket/Algorithm+Sensors/PID" -I"C:/Users/husey/OneDrive/Masaüstü/Underwater_rocket/RTOS_workspace/underwater_rocket/Thirdparty/SEGGER/Config" -I"C:/Users/husey/OneDrive/Masaüstü/Underwater_rocket/RTOS_workspace/underwater_rocket/Thirdparty/SEGGER/OS" -I"C:/Users/husey/OneDrive/Masaüstü/Underwater_rocket/RTOS_workspace/underwater_rocket/Thirdparty/SEGGER/SEGGER" -I"C:/Users/husey/OneDrive/Masaüstü/Underwater_rocket/RTOS_workspace/underwater_rocket/Thirdparty/FreeRTOS" -I"C:/Users/husey/OneDrive/Masaüstü/Underwater_rocket/RTOS_workspace/underwater_rocket/Thirdparty/FreeRTOS/include" -I"C:/Users/husey/OneDrive/Masaüstü/Underwater_rocket/RTOS_workspace/underwater_rocket/Thirdparty/FreeRTOS/portable/GCC/ARM_CM4F" -I../Drivers/STM32F4xx_HAL_Driver/Inc -I../Drivers/STM32F4xx_HAL_Driver/Inc/Legacy -I../Drivers/CMSIS/Device/ST/STM32F4xx/Include -I../Drivers/CMSIS/Include -O0 -ffunction-sections -fdata-sections -Wall -fstack-usage -fcyclomatic-complexity -MMD -MP -MF"Core/Src/stm32f4xx_hal_timebase_tim.d" -MT"Core/Src/stm32f4xx_hal_timebase_tim.o" --specs=nano.specs -mfpu=fpv4-sp-d16 -mfloat-abi=hard -mthumb -o "Core/Src/stm32f4xx_hal_timebase_tim.o"
arm-none-eabi-gcc "../Core/Src/stm32f4xx_it.c" -mcpu=cortex-m4 -std=gnu11 -g3 -DDEBUG -DUSE_HAL_DRIVER -DSTM32F407xx -c -I../Core/Inc -I"C:/Users/husey/OneDrive/Masaüstü/Underwater_rocket/RTOS_workspace/underwater_rocket/Tasks" -I"C:/Users/husey/OneDrive/Masaüstü/Underwater_rocket/RTOS_workspace/underwater_rocket/Algorithm+Sensors/BLUETHOOTH" -I"C:/Users/husey/OneDrive/Masaüstü/Underwater_rocket/RTOS_workspace/underwater_rocket/Algorithm+Sensors/BNO055" -I"C:/Users/husey/OneDrive/Masaüstü/Underwater_rocket/RTOS_workspace/underwater_rocket/Algorithm+Sensors/MAESTRO" -I"C:/Users/husey/OneDrive/Masaüstü/Underwater_rocket/RTOS_workspace/underwater_rocket/Algorithm+Sensors/MS5837" -I"C:/Users/husey/OneDrive/Masaüstü/Underwater_rocket/RTOS_workspace/underwater_rocket/Algorithm+Sensors/PID" -I"C:/Users/husey/OneDrive/Masaüstü/Underwater_rocket/RTOS_workspace/underwater_rocket/Thirdparty/SEGGER/Config" -I"C:/Users/husey/OneDrive/Masaüstü/Underwater_rocket/RTOS_workspace/underwater_rocket/Thirdparty/SEGGER/OS" -I"C:/Users/husey/OneDrive/Masaüstü/Underwater_rocket/RTOS_workspace/underwater_rocket/Thirdparty/SEGGER/SEGGER" -I"C:/Users/husey/OneDrive/Masaüstü/Underwater_rocket/RTOS_workspace/underwater_rocket/Thirdparty/FreeRTOS" -I"C:/Users/husey/OneDrive/Masaüstü/Underwater_rocket/RTOS_workspace/underwater_rocket/Thirdparty/FreeRTOS/include" -I"C:/Users/husey/OneDrive/Masaüstü/Underwater_rocket/RTOS_workspace/underwater_rocket/Thirdparty/FreeRTOS/portable/GCC/ARM_CM4F" -I../Drivers/STM32F4xx_HAL_Driver/Inc -I../Drivers/STM32F4xx_HAL_Driver/Inc/Legacy -I../Drivers/CMSIS/Device/ST/STM32F4xx/Include -I../Drivers/CMSIS/Include -O0 -ffunction-sections -fdata-sections -Wall -fstack-usage -fcyclomatic-complexity -MMD -MP -MF"Core/Src/stm32f4xx_it.d" -MT"Core/Src/stm32f4xx_it.o" --specs=nano.specs -mfpu=fpv4-sp-d16 -mfloat-abi=hard -mthumb -o "Core/Src/stm32f4xx_it.o"
arm-none-eabi-gcc "../Core/Src/syscalls.c" -mcpu=cortex-m4 -std=gnu11 -g3 -DDEBUG -DUSE_HAL_DRIVER -DSTM32F407xx -c -I../Core/Inc -I"C:/Users/husey/OneDrive/Masaüstü/Underwater_rocket/RTOS_workspace/underwater_rocket/Tasks" -I"C:/Users/husey/OneDrive/Masaüstü/Underwater_rocket/RTOS_workspace/underwater_rocket/Algorithm+Sensors/BLUETHOOTH" -I"C:/Users/husey/OneDrive/Masaüstü/Underwater_rocket/RTOS_workspace/underwater_rocket/Algorithm+Sensors/BNO055" -I"C:/Users/husey/OneDrive/Masaüstü/Underwater_rocket/RTOS_workspace/underwater_rocket/Algorithm+Sensors/MAESTRO" -I"C:/Users/husey/OneDrive/Masaüstü/Underwater_rocket/RTOS_workspace/underwater_rocket/Algorithm+Sensors/MS5837" -I"C:/Users/husey/OneDrive/Masaüstü/Underwater_rocket/RTOS_workspace/underwater_rocket/Algorithm+Sensors/PID" -I"C:/Users/husey/OneDrive/Masaüstü/Underwater_rocket/RTOS_workspace/underwater_rocket/Thirdparty/SEGGER/Config" -I"C:/Users/husey/OneDrive/Masaüstü/Underwater_rocket/RTOS_workspace/underwater_rocket/Thirdparty/SEGGER/OS" -I"C:/Users/husey/OneDrive/Masaüstü/Underwater_rocket/RTOS_workspace/underwater_rocket/Thirdparty/SEGGER/SEGGER" -I"C:/Users/husey/OneDrive/Masaüstü/Underwater_rocket/RTOS_workspace/underwater_rocket/Thirdparty/FreeRTOS" -I"C:/Users/husey/OneDrive/Masaüstü/Underwater_rocket/RTOS_workspace/underwater_rocket/Thirdparty/FreeRTOS/include" -I"C:/Users/husey/OneDrive/Masaüstü/Underwater_rocket/RTOS_workspace/underwater_rocket/Thirdparty/FreeRTOS/portable/GCC/ARM_CM4F" -I../Drivers/STM32F4xx_HAL_Driver/Inc -I../Drivers/STM32F4xx_HAL_Driver/Inc/Legacy -I../Drivers/CMSIS/Device/ST/STM32F4xx/Include -I../Drivers/CMSIS/Include -O0 -ffunction-sections -fdata-sections -Wall -fstack-usage -fcyclomatic-complexity -MMD -MP -MF"Core/Src/syscalls.d" -MT"Core/Src/syscalls.o" --specs=nano.specs -mfpu=fpv4-sp-d16 -mfloat-abi=hard -mthumb -o "Core/Src/syscalls.o"
arm-none-eabi-gcc "../Core/Src/system_stm32f4xx.c" -mcpu=cortex-m4 -std=gnu11 -g3 -DDEBUG -DUSE_HAL_DRIVER -DSTM32F407xx -c -I../Core/Inc -I"C:/Users/husey/OneDrive/Masaüstü/Underwater_rocket/RTOS_workspace/underwater_rocket/Tasks" -I"C:/Users/husey/OneDrive/Masaüstü/Underwater_rocket/RTOS_workspace/underwater_rocket/Algorithm+Sensors/BLUETHOOTH" -I"C:/Users/husey/OneDrive/Masaüstü/Underwater_rocket/RTOS_workspace/underwater_rocket/Algorithm+Sensors/BNO055" -I"C:/Users/husey/OneDrive/Masaüstü/Underwater_rocket/RTOS_workspace/underwater_rocket/Algorithm+Sensors/MAESTRO" -I"C:/Users/husey/OneDrive/Masaüstü/Underwater_rocket/RTOS_workspace/underwater_rocket/Algorithm+Sensors/MS5837" -I"C:/Users/husey/OneDrive/Masaüstü/Underwater_rocket/RTOS_workspace/underwater_rocket/Algorithm+Sensors/PID" -I"C:/Users/husey/OneDrive/Masaüstü/Underwater_rocket/RTOS_workspace/underwater_rocket/Thirdparty/SEGGER/Config" -I"C:/Users/husey/OneDrive/Masaüstü/Underwater_rocket/RTOS_workspace/underwater_rocket/Thirdparty/SEGGER/OS" -I"C:/Users/husey/OneDrive/Masaüstü/Underwater_rocket/RTOS_workspace/underwater_rocket/Thirdparty/SEGGER/SEGGER" -I"C:/Users/husey/OneDrive/Masaüstü/Underwater_rocket/RTOS_workspace/underwater_rocket/Thirdparty/FreeRTOS" -I"C:/Users/husey/OneDrive/Masaüstü/Underwater_rocket/RTOS_workspace/underwater_rocket/Thirdparty/FreeRTOS/include" -I"C:/Users/husey/OneDrive/Masaüstü/Underwater_rocket/RTOS_workspace/underwater_rocket/Thirdparty/FreeRTOS/portable/GCC/ARM_CM4F" -I../Drivers/STM32F4xx_HAL_Driver/Inc -I../Drivers/STM32F4xx_HAL_Driver/Inc/Legacy -I../Drivers/CMSIS/Device/ST/STM32F4xx/Include -I../Drivers/CMSIS/Include -O0 -ffunction-sections -fdata-sections -Wall -fstack-usage -fcyclomatic-complexity -MMD -MP -MF"Core/Src/system_stm32f4xx.d" -MT"Core/Src/system_stm32f4xx.o" --specs=nano.specs -mfpu=fpv4-sp-d16 -mfloat-abi=hard -mthumb -o "Core/Src/system_stm32f4xx.o"
arm-none-eabi-gcc "../Algorithm+Sensors/PID/pid.c" -mcpu=cortex-m4 -std=gnu11 -g3 -DDEBUG -DUSE_HAL_DRIVER -DSTM32F407xx -c -I../Core/Inc -I"C:/Users/husey/OneDrive/Masaüstü/Underwater_rocket/RTOS_workspace/underwater_rocket/Tasks" -I"C:/Users/husey/OneDrive/Masaüstü/Underwater_rocket/RTOS_workspace/underwater_rocket/Algorithm+Sensors/BLUETHOOTH" -I"C:/Users/husey/OneDrive/Masaüstü/Underwater_rocket/RTOS_workspace/underwater_rocket/Algorithm+Sensors/BNO055" -I"C:/Users/husey/OneDrive/Masaüstü/Underwater_rocket/RTOS_workspace/underwater_rocket/Algorithm+Sensors/MAESTRO" -I"C:/Users/husey/OneDrive/Masaüstü/Underwater_rocket/RTOS_workspace/underwater_rocket/Algorithm+Sensors/MS5837" -I"C:/Users/husey/OneDrive/Masaüstü/Underwater_rocket/RTOS_workspace/underwater_rocket/Algorithm+Sensors/PID" -I"C:/Users/husey/OneDrive/Masaüstü/Underwater_rocket/RTOS_workspace/underwater_rocket/Thirdparty/SEGGER/Config" -I"C:/Users/husey/OneDrive/Masaüstü/Underwater_rocket/RTOS_workspace/underwater_rocket/Thirdparty/SEGGER/OS" -I"C:/Users/husey/OneDrive/Masaüstü/Underwater_rocket/RTOS_workspace/underwater_rocket/Thirdparty/SEGGER/SEGGER" -I"C:/Users/husey/OneDrive/Masaüstü/Underwater_rocket/RTOS_workspace/underwater_rocket/Thirdparty/FreeRTOS" -I"C:/Users/husey/OneDrive/Masaüstü/Underwater_rocket/RTOS_workspace/underwater_rocket/Thirdparty/FreeRTOS/include" -I"C:/Users/husey/OneDrive/Masaüstü/Underwater_rocket/RTOS_workspace/underwater_rocket/Thirdparty/FreeRTOS/portable/GCC/ARM_CM4F" -I../Drivers/STM32F4xx_HAL_Driver/Inc -I../Drivers/STM32F4xx_HAL_Driver/Inc/Legacy -I../Drivers/CMSIS/Device/ST/STM32F4xx/Include -I../Drivers/CMSIS/Include -O0 -ffunction-sections -fdata-sections -Wall -fstack-usage -fcyclomatic-complexity -MMD -MP -MF"Algorithm+Sensors/PID/pid.d" -MT"Algorithm+Sensors/PID/pid.o" --specs=nano.specs -mfpu=fpv4-sp-d16 -mfloat-abi=hard -mthumb -o "Algorithm+Sensors/PID/pid.o"
arm-none-eabi-gcc "../Algorithm+Sensors/MS5837/ms5837.c" -mcpu=cortex-m4 -std=gnu11 -g3 -DDEBUG -DUSE_HAL_DRIVER -DSTM32F407xx -c -I../Core/Inc -I"C:/Users/husey/OneDrive/Masaüstü/Underwater_rocket/RTOS_workspace/underwater_rocket/Tasks" -I"C:/Users/husey/OneDrive/Masaüstü/Underwater_rocket/RTOS_workspace/underwater_rocket/Algorithm+Sensors/BLUETHOOTH" -I"C:/Users/husey/OneDrive/Masaüstü/Underwater_rocket/RTOS_workspace/underwater_rocket/Algorithm+Sensors/BNO055" -I"C:/Users/husey/OneDrive/Masaüstü/Underwater_rocket/RTOS_workspace/underwater_rocket/Algorithm+Sensors/MAESTRO" -I"C:/Users/husey/OneDrive/Masaüstü/Underwater_rocket/RTOS_workspace/underwater_rocket/Algorithm+Sensors/MS5837" -I"C:/Users/husey/OneDrive/Masaüstü/Underwater_rocket/RTOS_workspace/underwater_rocket/Algorithm+Sensors/PID" -I"C:/Users/husey/OneDrive/Masaüstü/Underwater_rocket/RTOS_workspace/underwater_rocket/Thirdparty/SEGGER/Config" -I"C:/Users/husey/OneDrive/Masaüstü/Underwater_rocket/RTOS_workspace/underwater_rocket/Thirdparty/SEGGER/OS" -I"C:/Users/husey/OneDrive/Masaüstü/Underwater_rocket/RTOS_workspace/underwater_rocket/Thirdparty/SEGGER/SEGGER" -I"C:/Users/husey/OneDrive/Masaüstü/Underwater_rocket/RTOS_workspace/underwater_rocket/Thirdparty/FreeRTOS" -I"C:/Users/husey/OneDrive/Masaüstü/Underwater_rocket/RTOS_workspace/underwater_rocket/Thirdparty/FreeRTOS/include" -I"C:/Users/husey/OneDrive/Masaüstü/Underwater_rocket/RTOS_workspace/underwater_rocket/Thirdparty/FreeRTOS/portable/GCC/ARM_CM4F" -I../Drivers/STM32F4xx_HAL_Driver/Inc -I../Drivers/STM32F4xx_HAL_Driver/Inc/Legacy -I../Drivers/CMSIS/Device/ST/STM32F4xx/Include -I../Drivers/CMSIS/Include -O0 -ffunction-sections -fdata-sections -Wall -fstack-usage -fcyclomatic-complexity -MMD -MP -MF"Algorithm+Sensors/MS5837/ms5837.d" -MT"Algorithm+Sensors/MS5837/ms5837.o" --specs=nano.specs -mfpu=fpv4-sp-d16 -mfloat-abi=hard -mthumb -o "Algorithm+Sensors/MS5837/ms5837.o"
arm-none-eabi-gcc "../Algorithm+Sensors/MAESTRO/maestro.c" -mcpu=cortex-m4 -std=gnu11 -g3 -DDEBUG -DUSE_HAL_DRIVER -DSTM32F407xx -c -I../Core/Inc -I"C:/Users/husey/OneDrive/Masaüstü/Underwater_rocket/RTOS_workspace/underwater_rocket/Tasks" -I"C:/Users/husey/OneDrive/Masaüstü/Underwater_rocket/RTOS_workspace/underwater_rocket/Algorithm+Sensors/BLUETHOOTH" -I"C:/Users/husey/OneDrive/Masaüstü/Underwater_rocket/RTOS_workspace/underwater_rocket/Algorithm+Sensors/BNO055" -I"C:/Users/husey/OneDrive/Masaüstü/Underwater_rocket/RTOS_workspace/underwater_rocket/Algorithm+Sensors/MAESTRO" -I"C:/Users/husey/OneDrive/Masaüstü/Underwater_rocket/RTOS_workspace/underwater_rocket/Algorithm+Sensors/MS5837" -I"C:/Users/husey/OneDrive/Masaüstü/Underwater_rocket/RTOS_workspace/underwater_rocket/Algorithm+Sensors/PID" -I"C:/Users/husey/OneDrive/Masaüstü/Underwater_rocket/RTOS_workspace/underwater_rocket/Thirdparty/SEGGER/Config" -I"C:/Users/husey/OneDrive/Masaüstü/Underwater_rocket/RTOS_workspace/underwater_rocket/Thirdparty/SEGGER/OS" -I"C:/Users/husey/OneDrive/Masaüstü/Underwater_rocket/RTOS_workspace/underwater_rocket/Thirdparty/SEGGER/SEGGER" -I"C:/Users/husey/OneDrive/Masaüstü/Underwater_rocket/RTOS_workspace/underwater_rocket/Thirdparty/FreeRTOS" -I"C:/Users/husey/OneDrive/Masaüstü/Underwater_rocket/RTOS_workspace/underwater_rocket/Thirdparty/FreeRTOS/include" -I"C:/Users/husey/OneDrive/Masaüstü/Underwater_rocket/RTOS_workspace/underwater_rocket/Thirdparty/FreeRTOS/portable/GCC/ARM_CM4F" -I../Drivers/STM32F4xx_HAL_Driver/Inc -I../Drivers/STM32F4xx_HAL_Driver/Inc/Legacy -I../Drivers/CMSIS/Device/ST/STM32F4xx/Include -I../Drivers/CMSIS/Include -O0 -ffunction-sections -fdata-sections -Wall -fstack-usage -fcyclomatic-complexity -MMD -MP -MF"Algorithm+Sensors/MAESTRO/maestro.d" -MT"Algorithm+Sensors/MAESTRO/maestro.o" --specs=nano.specs -mfpu=fpv4-sp-d16 -mfloat-abi=hard -mthumb -o "Algorithm+Sensors/MAESTRO/maestro.o"
arm-none-eabi-gcc "../Algorithm+Sensors/BNO055/bno055.c" -mcpu=cortex-m4 -std=gnu11 -g3 -DDEBUG -DUSE_HAL_DRIVER -DSTM32F407xx -c -I../Core/Inc -I"C:/Users/husey/OneDrive/Masaüstü/Underwater_rocket/RTOS_workspace/underwater_rocket/Tasks" -I"C:/Users/husey/OneDrive/Masaüstü/Underwater_rocket/RTOS_workspace/underwater_rocket/Algorithm+Sensors/BLUETHOOTH" -I"C:/Users/husey/OneDrive/Masaüstü/Underwater_rocket/RTOS_workspace/underwater_rocket/Algorithm+Sensors/BNO055" -I"C:/Users/husey/OneDrive/Masaüstü/Underwater_rocket/RTOS_workspace/underwater_rocket/Algorithm+Sensors/MAESTRO" -I"C:/Users/husey/OneDrive/Masaüstü/Underwater_rocket/RTOS_workspace/underwater_rocket/Algorithm+Sensors/MS5837" -I"C:/Users/husey/OneDrive/Masaüstü/Underwater_rocket/RTOS_workspace/underwater_rocket/Algorithm+Sensors/PID" -I"C:/Users/husey/OneDrive/Masaüstü/Underwater_rocket/RTOS_workspace/underwater_rocket/Thirdparty/SEGGER/Config" -I"C:/Users/husey/OneDrive/Masaüstü/Underwater_rocket/RTOS_workspace/underwater_rocket/Thirdparty/SEGGER/OS" -I"C:/Users/husey/OneDrive/Masaüstü/Underwater_rocket/RTOS_workspace/underwater_rocket/Thirdparty/SEGGER/SEGGER" -I"C:/Users/husey/OneDrive/Masaüstü/Underwater_rocket/RTOS_workspace/underwater_rocket/Thirdparty/FreeRTOS" -I"C:/Users/husey/OneDrive/Masaüstü/Underwater_rocket/RTOS_workspace/underwater_rocket/Thirdparty/FreeRTOS/include" -I"C:/Users/husey/OneDrive/Masaüstü/Underwater_rocket/RTOS_workspace/underwater_rocket/Thirdparty/FreeRTOS/portable/GCC/ARM_CM4F" -I../Drivers/STM32F4xx_HAL_Driver/Inc -I../Drivers/STM32F4xx_HAL_Driver/Inc/Legacy -I../Drivers/CMSIS/Device/ST/STM32F4xx/Include -I../Drivers/CMSIS/Include -O0 -ffunction-sections -fdata-sections -Wall -fstack-usage -fcyclomatic-complexity -MMD -MP -MF"Algorithm+Sensors/BNO055/bno055.d" -MT"Algorithm+Sensors/BNO055/bno055.o" --specs=nano.specs -mfpu=fpv4-sp-d16 -mfloat-abi=hard -mthumb -o "Algorithm+Sensors/BNO055/bno055.o"
arm-none-eabi-gcc -o "underwater_rocket.elf" @"objects.list"   -mcpu=cortex-m4 -T"C:\Users\husey\OneDrive\Masaüstü\Underwater_rocket\RTOS_workspace\underwater_rocket\STM32F407VGTX_FLASH.ld" --specs=nosys.specs -Wl,-Map="underwater_rocket.map" -Wl,--gc-sections -static --specs=nano.specs -mfpu=fpv4-sp-d16 -mfloat-abi=hard -mthumb -u _printf_float -Wl,--start-group -lc -lm -Wl,--end-group
Finished building target: underwater_rocket.elf
 
arm-none-eabi-size  underwater_rocket.elf 
arm-none-eabi-objdump -h -S underwater_rocket.elf  > "underwater_rocket.list"
   text	   data	    bss	    dec	    hex	filename
  80956	    552	 122616	 204124	  31d5c	underwater_rocket.elf
Finished building: default.size.stdout
 
Finished building: underwater_rocket.list
 

17:47:37 Build Finished. 0 errors, 0 warnings. (took 2s.626ms)

