/workspaces/UnderwaterRocketESKF_PID/FOTAtrial/Core/Src/main.c:137:6:SystemClock_Config	96	static
/workspaces/UnderwaterRocketESKF_PID/FOTAtrial/Core/Src/main.c:377:6:SendACK	16	static
/workspaces/UnderwaterRocketESKF_PID/FOTAtrial/Core/Src/main.c:384:6:JumpToApplication	8	static
/workspaces/UnderwaterRocketESKF_PID/FOTAtrial/Core/Src/main.c:412:6:Flash_Erase_App_Sectors	32	static
/workspaces/UnderwaterRocketESKF_PID/FOTAtrial/Core/Src/main.c:433:6:Flash_Write_Data	16	static
/workspaces/UnderwaterRocketESKF_PID/FOTAtrial/Core/Src/main.c:451:6:CustomFotaLoop	64	static
/workspaces/UnderwaterRocketESKF_PID/FOTAtrial/Core/Src/main.c:77:5:main	88	static
/workspaces/UnderwaterRocketESKF_PID/FOTAtrial/Core/Src/main.c:545:6:Error_Handler	0	static
