Archive member included to satisfy reference by file (symbol)

C:/ST/STM32CubeIDE_1.19.0/STM32CubeIDE/plugins/com.st.stm32cube.ide.mcu.externaltools.gnu-tools-for-stm32.13.3.rel1.win32_1.0.100.202509120712/tools/bin/../lib/gcc/arm-none-eabi/13.3.1/../../../../arm-none-eabi/lib/thumb/v7e-m+fp/hard\libc_nano.a(libc_a-atof.o)
                              ./Tasks/communication.o (atof)
C:/ST/STM32CubeIDE_1.19.0/STM32CubeIDE/plugins/com.st.stm32cube.ide.mcu.externaltools.gnu-tools-for-stm32.13.3.rel1.win32_1.0.100.202509120712/tools/bin/../lib/gcc/arm-none-eabi/13.3.1/../../../../arm-none-eabi/lib/thumb/v7e-m+fp/hard\libc_nano.a(libc_a-exit.o)
                              C:/ST/STM32CubeIDE_1.19.0/STM32CubeIDE/plugins/com.st.stm32cube.ide.mcu.externaltools.gnu-tools-for-stm32.13.3.rel1.win32_1.0.100.202509120712/tools/bin/../lib/gcc/arm-none-eabi/13.3.1/../../../../arm-none-eabi/lib/thumb/v7e-m+fp/hard/crt0.o (exit)
C:/ST/STM32CubeIDE_1.19.0/STM32CubeIDE/plugins/com.st.stm32cube.ide.mcu.externaltools.gnu-tools-for-stm32.13.3.rel1.win32_1.0.100.202509120712/tools/bin/../lib/gcc/arm-none-eabi/13.3.1/../../../../arm-none-eabi/lib/thumb/v7e-m+fp/hard\libc_nano.a(libc_a-strtod.o)
                              C:/ST/STM32CubeIDE_1.19.0/STM32CubeIDE/plugins/com.st.stm32cube.ide.mcu.externaltools.gnu-tools-for-stm32.13.3.rel1.win32_1.0.100.202509120712/tools/bin/../lib/gcc/arm-none-eabi/13.3.1/../../../../arm-none-eabi/lib/thumb/v7e-m+fp/hard\libc_nano.a(libc_a-atof.o) (strtod)
C:/ST/STM32CubeIDE_1.19.0/STM32CubeIDE/plugins/com.st.stm32cube.ide.mcu.externaltools.gnu-tools-for-stm32.13.3.rel1.win32_1.0.100.202509120712/tools/bin/../lib/gcc/arm-none-eabi/13.3.1/../../../../arm-none-eabi/lib/thumb/v7e-m+fp/hard\libc_nano.a(libc_a-nano-vfprintf_float.o)
                              (_printf_float)
C:/ST/STM32CubeIDE_1.19.0/STM32CubeIDE/plugins/com.st.stm32cube.ide.mcu.externaltools.gnu-tools-for-stm32.13.3.rel1.win32_1.0.100.202509120712/tools/bin/../lib/gcc/arm-none-eabi/13.3.1/../../../../arm-none-eabi/lib/thumb/v7e-m+fp/hard\libc_nano.a(libc_a-nano-vfprintf_i.o)
                              C:/ST/STM32CubeIDE_1.19.0/STM32CubeIDE/plugins/com.st.stm32cube.ide.mcu.externaltools.gnu-tools-for-stm32.13.3.rel1.win32_1.0.100.202509120712/tools/bin/../lib/gcc/arm-none-eabi/13.3.1/../../../../arm-none-eabi/lib/thumb/v7e-m+fp/hard\libc_nano.a(libc_a-nano-vfprintf_float.o) (_printf_common)
C:/ST/STM32CubeIDE_1.19.0/STM32CubeIDE/plugins/com.st.stm32cube.ide.mcu.externaltools.gnu-tools-for-stm32.13.3.rel1.win32_1.0.100.202509120712/tools/bin/../lib/gcc/arm-none-eabi/13.3.1/../../../../arm-none-eabi/lib/thumb/v7e-m+fp/hard\libc_nano.a(libc_a-findfp.o)
                              C:/ST/STM32CubeIDE_1.19.0/STM32CubeIDE/plugins/com.st.stm32cube.ide.mcu.externaltools.gnu-tools-for-stm32.13.3.rel1.win32_1.0.100.202509120712/tools/bin/../lib/gcc/arm-none-eabi/13.3.1/../../../../arm-none-eabi/lib/thumb/v7e-m+fp/hard\libc_nano.a(libc_a-exit.o) (__stdio_exit_handler)
C:/ST/STM32CubeIDE_1.19.0/STM32CubeIDE/plugins/com.st.stm32cube.ide.mcu.externaltools.gnu-tools-for-stm32.13.3.rel1.win32_1.0.100.202509120712/tools/bin/../lib/gcc/arm-none-eabi/13.3.1/../../../../arm-none-eabi/lib/thumb/v7e-m+fp/hard\libc_nano.a(libc_a-fwalk.o)
                              C:/ST/STM32CubeIDE_1.19.0/STM32CubeIDE/plugins/com.st.stm32cube.ide.mcu.externaltools.gnu-tools-for-stm32.13.3.rel1.win32_1.0.100.202509120712/tools/bin/../lib/gcc/arm-none-eabi/13.3.1/../../../../arm-none-eabi/lib/thumb/v7e-m+fp/hard\libc_nano.a(libc_a-findfp.o) (_fwalk_sglue)
C:/ST/STM32CubeIDE_1.19.0/STM32CubeIDE/plugins/com.st.stm32cube.ide.mcu.externaltools.gnu-tools-for-stm32.13.3.rel1.win32_1.0.100.202509120712/tools/bin/../lib/gcc/arm-none-eabi/13.3.1/../../../../arm-none-eabi/lib/thumb/v7e-m+fp/hard\libc_nano.a(libc_a-stdio.o)
                              C:/ST/STM32CubeIDE_1.19.0/STM32CubeIDE/plugins/com.st.stm32cube.ide.mcu.externaltools.gnu-tools-for-stm32.13.3.rel1.win32_1.0.100.202509120712/tools/bin/../lib/gcc/arm-none-eabi/13.3.1/../../../../arm-none-eabi/lib/thumb/v7e-m+fp/hard\libc_nano.a(libc_a-findfp.o) (__sread)
C:/ST/STM32CubeIDE_1.19.0/STM32CubeIDE/plugins/com.st.stm32cube.ide.mcu.externaltools.gnu-tools-for-stm32.13.3.rel1.win32_1.0.100.202509120712/tools/bin/../lib/gcc/arm-none-eabi/13.3.1/../../../../arm-none-eabi/lib/thumb/v7e-m+fp/hard\libc_nano.a(libc_a-memcmp.o)
                              ./Thirdparty/SEGGER/OS/SEGGER_SYSVIEW_FreeRTOS.o (memcmp)
C:/ST/STM32CubeIDE_1.19.0/STM32CubeIDE/plugins/com.st.stm32cube.ide.mcu.externaltools.gnu-tools-for-stm32.13.3.rel1.win32_1.0.100.202509120712/tools/bin/../lib/gcc/arm-none-eabi/13.3.1/../../../../arm-none-eabi/lib/thumb/v7e-m+fp/hard\libc_nano.a(libc_a-memset.o)
[...]
Memory Configuration

Name             Origin             Length             Attributes
CCMRAM           0x10000000         0x00010000         xrw
RAM              0x20000000         0x00020000         xrw
FLASH            0x08000000         0x00100000         xr
*default*        0x00000000         0xffffffff

Linker script and memory map

LOAD C:/ST/STM32CubeIDE_1.19.0/STM32CubeIDE/plugins/com.st.stm32cube.ide.mcu.externaltools.gnu-tools-for-stm32.13.3.rel1.win32_1.0.100.202509120712/tools/bin/../lib/gcc/arm-none-eabi/13.3.1/thumb/v7e-m+fp/hard/crti.o
LOAD C:/ST/STM32CubeIDE_1.19.0/STM32CubeIDE/plugins/com.st.stm32cube.ide.mcu.externaltools.gnu-tools-for-stm32.13.3.rel1.win32_1.0.100.202509120712/tools/bin/../lib/gcc/arm-none-eabi/13.3.1/thumb/v7e-m+fp/hard/crtbegin.o
LOAD C:/ST/STM32CubeIDE_1.19.0/STM32CubeIDE/plugins/com.st.stm32cube.ide.mcu.externaltools.gnu-tools-for-stm32.13.3.rel1.win32_1.0.100.202509120712/tools/bin/../lib/gcc/arm-none-eabi/13.3.1/../../../../arm-none-eabi/lib/thumb/v7e-m+fp/hard/crt0.o
LOAD ./Algorithm+Sensors/BNO055/bno055.o
LOAD ./Algorithm+Sensors/MAESTRO/maestro.o
LOAD ./Algorithm+Sensors/MS5837/ms5837.o
LOAD ./Algorithm+Sensors/PID/pid.o
LOAD ./Core/Src/main.o
LOAD ./Core/Src/stm32f4xx_hal_msp.o
LOAD ./Core/Src/stm32f4xx_hal_timebase_tim.o
LOAD ./Core/Src/stm32f4xx_it.o
LOAD ./Core/Src/syscalls.o
LOAD ./Core/Src/system_stm32f4xx.o
LOAD ./Core/Startup/startup_stm32f407vgtx.o
LOAD ./Drivers/STM32F4xx_HAL_Driver/Src/stm32f4xx_hal.o
LOAD ./Drivers/STM32F4xx_HAL_Driver/Src/stm32f4xx_hal_cortex.o
LOAD ./Drivers/STM32F4xx_HAL_Driver/Src/stm32f4xx_hal_dma.o
LOAD ./Drivers/STM32F4xx_HAL_Driver/Src/stm32f4xx_hal_dma_ex.o
LOAD ./Drivers/STM32F4xx_HAL_Driver/Src/stm32f4xx_hal_exti.o
LOAD ./Drivers/STM32F4xx_HAL_Driver/Src/stm32f4xx_hal_flash.o
LOAD ./Drivers/STM32F4xx_HAL_Driver/Src/stm32f4xx_hal_flash_ex.o
LOAD ./Drivers/STM32F4xx_HAL_Driver/Src/stm32f4xx_hal_flash_ramfunc.o
LOAD ./Drivers/STM32F4xx_HAL_Driver/Src/stm32f4xx_hal_gpio.o
LOAD ./Drivers/STM32F4xx_HAL_Driver/Src/stm32f4xx_hal_i2c.o
LOAD ./Drivers/STM32F4xx_HAL_Driver/Src/stm32f4xx_hal_i2c_ex.o
LOAD ./Drivers/STM32F4xx_HAL_Driver/Src/stm32f4xx_hal_pwr.o
LOAD ./Drivers/STM32F4xx_HAL_Driver/Src/stm32f4xx_hal_pwr_ex.o
LOAD ./Drivers/STM32F4xx_HAL_Driver/Src/stm32f4xx_hal_rcc.o
LOAD ./Drivers/STM32F4xx_HAL_Driver/Src/stm32f4xx_hal_rcc_ex.o
LOAD ./Drivers/STM32F4xx_HAL_Driver/Src/stm32f4xx_hal_tim.o
LOAD ./Drivers/STM32F4xx_HAL_Driver/Src/stm32f4xx_hal_tim_ex.o
LOAD ./Drivers/STM32F4xx_HAL_Driver/Src/stm32f4xx_hal_uart.o
LOAD ./Tasks/communication.o
LOAD ./Tasks/tasks_app.o
LOAD ./Thirdparty/FreeRTOS/croutine.o
LOAD ./Thirdparty/FreeRTOS/event_groups.o
LOAD ./Thirdparty/FreeRTOS/list.o
LOAD ./Thirdparty/FreeRTOS/queue.o
LOAD ./Thirdparty/FreeRTOS/stream_buffer.o
LOAD ./Thirdparty/FreeRTOS/tasks.o
LOAD ./Thirdparty/FreeRTOS/timers.o
LOAD ./Thirdparty/FreeRTOS/portable/GCC/ARM_CM4F/port.o
LOAD ./Thirdparty/FreeRTOS/portable/MemMang/heap_4.o
LOAD ./Thirdparty/SEGGER/Config/SEGGER_SYSVIEW_Config_FreeRTOS.o
LOAD ./Thirdparty/SEGGER/OS/SEGGER_SYSVIEW_FreeRTOS.o
LOAD ./Thirdparty/SEGGER/Rec/segger_uart.o
LOAD ./Thirdparty/SEGGER/SEGGER/SEGGER_RTT.o
LOAD ./Thirdparty/SEGGER/SEGGER/SEGGER_RTT_ASM_ARMv7M.o
LOAD ./Thirdparty/SEGGER/SEGGER/SEGGER_RTT_printf.o
LOAD ./Thirdparty/SEGGER/SEGGER/SEGGER_SYSVIEW.o
LOAD ./Thirdparty/SEGGER/SEGGER/Syscalls/SEGGER_RTT_Syscalls_GCC.o
START GROUP
LOAD C:/ST/STM32CubeIDE_1.19.0/STM32CubeIDE/plugins/com.st.stm32cube.ide.mcu.externaltools.gnu-tools-for-stm32.13.3.rel1.win32_1.0.100.202509120712/tools/bin/../lib/gcc/arm-none-eabi/13.3.1/../../../../arm-none-eabi/lib/thumb/v7e-m+fp/hard\libc_nano.a
LOAD C:/ST/STM32CubeIDE_1.19.0/STM32CubeIDE/plugins/com.st.stm32cube.ide.mcu.externaltools.gnu-tools-for-stm32.13.3.rel1.win32_1.0.100.202509120712/tools/bin/../lib/gcc/arm-none-eabi/13.3.1/../../../../arm-none-eabi/lib/thumb/v7e-m+fp/hard\libm.a
END GROUP
START GROUP
LOAD C:/ST/STM32CubeIDE_1.19.0/STM32CubeIDE/plugins/com.st.stm32cube.ide.mcu.externaltools.gnu-tools-for-stm32.13.3.rel1.win32_1.0.100.202509120712/tools/bin/../lib/gcc/arm-none-eabi/13.3.1/thumb/v7e-m+fp/hard\libgcc.a
LOAD C:/ST/STM32CubeIDE_1.19.0/STM32CubeIDE/plugins/com.st.stm32cube.ide.mcu.externaltools.gnu-tools-for-stm32.13.3.rel1.win32_1.0.100.202509120712/tools/bin/../lib/gcc/arm-none-eabi/13.3.1/../../../../arm-none-eabi/lib/thumb/v7e-m+fp/hard\libc_nano.a
END GROUP
START GROUP
LOAD C:/ST/STM32CubeIDE_1.19.0/STM32CubeIDE/plugins/com.st.stm32cube.ide.mcu.externaltools.gnu-tools-for-stm32.13.3.rel1.win32_1.0.100.202509120712/tools/bin/../lib/gcc/arm-none-eabi/13.3.1/thumb/v7e-m+fp/hard\libgcc.a
LOAD C:/ST/STM32CubeIDE_1.19.0/STM32CubeIDE/plugins/com.st.stm32cube.ide.mcu.externaltools.gnu-tools-for-stm32.13.3.rel1.win32_1.0.100.202509120712/tools/bin/../lib/gcc/arm-none-eabi/13.3.1/../../../../arm-none-eabi/lib/thumb/v7e-m+fp/hard\libc_nano.a
LOAD C:/ST/STM32CubeIDE_1.19.0/STM32CubeIDE/plugins/com.st.stm32cube.ide.mcu.externaltools.gnu-tools-for-stm32.13.3.rel1.win32_1.0.100.202509120712/tools/bin/../lib/gcc/arm-none-eabi/13.3.1/../../../../arm-none-eabi/lib/thumb/v7e-m+fp/hard\libnosys.a
END GROUP
START GROUP
LOAD C:/ST/STM32CubeIDE_1.19.0/STM32CubeIDE/plugins/com.st.stm32cube.ide.mcu.externaltools.gnu-tools-for-stm32.13.3.rel1.win32_1.0.100.202509120712/tools/bin/../lib/gcc/arm-none-eabi/13.3.1/thumb/v7e-m+fp/hard\libgcc.a
LOAD C:/ST/STM32CubeIDE_1.19.0/STM32CubeIDE/plugins/com.st.stm32cube.ide.mcu.externaltools.gnu-tools-for-stm32.13.3.rel1.win32_1.0.100.202509120712/tools/bin/../lib/gcc/arm-none-eabi/13.3.1/../../../../arm-none-eabi/lib/thumb/v7e-m+fp/hard\libc_nano.a
LOAD C:/ST/STM32CubeIDE_1.19.0/STM32CubeIDE/plugins/com.st.stm32cube.ide.mcu.externaltools.gnu-tools-for-stm32.13.3.rel1.win32_1.0.100.202509120712/tools/bin/../lib/gcc/arm-none-eabi/13.3.1/../../../../arm-none-eabi/lib/thumb/v7e-m+fp/hard\libnosys.a
END GROUP
LOAD C:/ST/STM32CubeIDE_1.19.0/STM32CubeIDE/plugins/com.st.stm32cube.ide.mcu.externaltools.gnu-tools-for-stm32.13.3.rel1.win32_1.0.100.202509120712/tools/bin/../lib/gcc/arm-none-eabi/13.3.1/thumb/v7e-m+fp/hard/crtend.o
LOAD C:/ST/STM32CubeIDE_1.19.0/STM32CubeIDE/plugins/com.st.stm32cube.ide.mcu.externaltools.gnu-tools-for-stm32.13.3.rel1.win32_1.0.100.202509120712/tools/bin/../lib/gcc/arm-none-eabi/13.3.1/thumb/v7e-m+fp/hard/crtn.o
                0x20020000                        _estack = (ORIGIN (RAM) + LENGTH (RAM))
                0x00000200                        _Min_Heap_Size = 0x200
                0x00000400                        _Min_Stack_Size = 0x400

.isr_vector     0x08000000      0x188
                0x08000000                        . = ALIGN (0x4)
 *(.isr_vector)
 .isr_vector    0x08000000      0x188 ./Core/Startup/startup_stm32f407vgtx.o
                0x08000000                g_pfnVectors
                0x08000188                        . = ALIGN (0x4)

.text           0x08000190    0x133c8
                0x08000190                        . = ALIGN (0x4)
 *(.text)
 .text          0x08000190       0x40 C:/ST/STM32CubeIDE_1.19.0/STM32CubeIDE/plugins/com.st.stm32cube.ide.mcu.externaltools.gnu-tools-for-stm32.13.3.rel1.win32_1.0.100.202509120712/tools/bin/../lib/gcc/arm-none-eabi/13.3.1/thumb/v7e-m+fp/hard/crtbegin.o
 .text          0x080001d0       0x94 ./Thirdparty/SEGGER/SEGGER/SEGGER_RTT_ASM_ARMv7M.o
                0x080001d0                SEGGER_RTT_ASM_WriteSkipNoLock
 .text          0x08000264       0x14 C:/ST/STM32CubeIDE_1.19.0/STM32CubeIDE/plugins/com.st.stm32cube.ide.mcu.externaltools.gnu-tools-for-stm32.13.3.rel1.win32_1.0.100.202509120712/tools/bin/../lib/gcc/arm-none-eabi/13.3.1/../../../../arm-none-eabi/lib/thumb/v7e-m+fp/hard\libc_nano.a(libc_a-strcmp.o)
                0x08000264                strcmp
 *fill*         0x08000278        0x8 
 .text          0x08000280       0xa0 C:/ST/STM32CubeIDE_1.19.0/STM32CubeIDE/plugins/com.st.stm32cube.ide.mcu.externaltools.gnu-tools-for-stm32.13.3.rel1.win32_1.0.100.202509120712/tools/bin/../lib/gcc/arm-none-eabi/13.3.1/../../../../arm-none-eabi/lib/thumb/v7e-m+fp/hard\libc_nano.a(libc_a-memchr.o)
                0x08000280                memchr
 .text          0x08000320       0x10 C:/ST/STM32CubeIDE_1.19.0/STM32CubeIDE/plugins/com.st.stm32cube.ide.mcu.externaltools.gnu-tools-for-stm32.13.3.rel1.win32_1.0.100.202509120712/tools/bin/../lib/gcc/arm-none-eabi/13.3.1/../../../../arm-none-eabi/lib/thumb/v7e-m+fp/hard\libc_nano.a(libc_a-strlen.o)
                0x08000320                strlen
 .text          0x08000330      0x378 C:/ST/STM32CubeIDE_1.19.0/STM32CubeIDE/plugins/com.st.stm32cube.ide.mcu.externaltools.gnu-tools-for-stm32.13.3.rel1.win32_1.0.100.202509120712/tools/bin/../lib/gcc/arm-none-eabi/13.3.1/thumb/v7e-m+fp/hard\libgcc.a(_arm_addsubdf3.o)
                0x08000330                __aeabi_drsub
                0x08000338                __aeabi_dsub
                0x08000338                __subdf3
                0x0800033c                __aeabi_dadd
                0x0800033c                __adddf3
                0x080005b4                __floatunsidf
                0x080005b4                __aeabi_ui2d
                0x080005d4                __floatsidf
                0x080005d4                __aeabi_i2d
                0x080005f8                __aeabi_f2d
                0x080005f8                __extendsfdf2
                0x0800063c                __floatundidf
                0x0800063c                __aeabi_ul2d
                0x0800064c                __floatdidf
                0x0800064c                __aeabi_l2d
 .text          0x080006a8      0x424 C:/ST/STM32CubeIDE_1.19.0/STM32CubeIDE/plugins/com.st.stm32cube.ide.mcu.externaltools.gnu-tools-for-stm32.13.3.rel1.win32_1.0.100.202509120712/tools/bin/../lib/gcc/arm-none-eabi/13.3.1/thumb/v7e-m+fp/hard\libgcc.a(_arm_muldivdf3.o)
                0x080006a8                __aeabi_dmul
                0x080006a8                __muldf3
                0x080008fc                __divdf3
                0x080008fc                __aeabi_ddiv
 .text          0x08000acc      0x110 C:/ST/STM32CubeIDE_1.19.0/STM32CubeIDE/plugins/com.st.stm32cube.ide.mcu.externaltools.gnu-tools-for-stm32.13.3.rel1.win32_1.0.100.202509120712/tools/bin/../lib/gcc/arm-none-eabi/13.3.1/thumb/v7e-m+fp/hard\libgcc.a(_arm_cmpdf2.o)
                0x08000acc                __gtdf2
                0x08000acc                __gedf2
                0x08000ad4                __ltdf2
                0x08000ad4                __ledf2
                0x08000adc                __nedf2
                0x08000adc                __eqdf2
                0x08000adc                __cmpdf2
                0x08000b58                __aeabi_cdrcmple
                0x08000b68                __aeabi_cdcmpeq
                0x08000b68                __aeabi_cdcmple
                0x08000b78                __aeabi_dcmpeq
                0x08000b8c                __aeabi_dcmplt
                0x08000ba0                __aeabi_dcmple
                0x08000bb4                __aeabi_dcmpge
                0x08000bc8                __aeabi_dcmpgt
 .text          0x08000bdc       0x2c C:/ST/STM32CubeIDE_1.19.0/STM32CubeIDE/plugins/com.st.stm32cube.ide.mcu.externaltools.gnu-tools-for-stm32.13.3.rel1.win32_1.0.100.202509120712/tools/bin/../lib/gcc/arm-none-eabi/13.3.1/thumb/v7e-m+fp/hard\libgcc.a(_arm_unorddf2.o)
                0x08000bdc                __unorddf2
                0x08000bdc                __aeabi_dcmpun
 .text          0x08000c08       0x50 C:/ST/STM32CubeIDE_1.19.0/STM32CubeIDE/plugins/com.st.stm32cube.ide.mcu.externaltools.gnu-tools-for-stm32.13.3.rel1.win32_1.0.100.202509120712/tools/bin/../lib/gcc/arm-none-eabi/13.3.1/thumb/v7e-m+fp/hard\libgcc.a(_arm_fixdfsi.o)
                0x08000c08                __aeabi_d2iz
                0x08000c08                __fixdfsi
 .text          0x08000c58       0x40 C:/ST/STM32CubeIDE_1.19.0/STM32CubeIDE/plugins/com.st.stm32cube.ide.mcu.externaltools.gnu-tools-for-stm32.13.3.rel1.win32_1.0.100.202509120712/tools/bin/../lib/gcc/arm-none-eabi/13.3.1/thumb/v7e-m+fp/hard\libgcc.a(_arm_fixunsdfsi.o)
                0x08000c58                __aeabi_d2uiz
                0x08000c58                __fixunsdfsi
 .text          0x08000c98       0xa0 C:/ST/STM32CubeIDE_1.19.0/STM32CubeIDE/plugins/com.st.stm32cube.ide.mcu.externaltools.gnu-tools-for-stm32.13.3.rel1.win32_1.0.100.202509120712/tools/bin/../lib/gcc/arm-none-eabi/13.3.1/thumb/v7e-m+fp/hard\libgcc.a(_arm_truncdfsf2.o)
                0x08000c98                __truncdfsf2
                0x08000c98                __aeabi_d2f
 .text          0x08000d38       0x30 C:/ST/STM32CubeIDE_1.19.0/STM32CubeIDE/plugins/com.st.stm32cube.ide.mcu.externaltools.gnu-tools-for-stm32.13.3.rel1.win32_1.0.100.202509120712/tools/bin/../lib/gcc/arm-none-eabi/13.3.1/thumb/v7e-m+fp/hard\libgcc.a(_aeabi_uldivmod.o)
                0x08000d38                __aeabi_uldivmod
 .text          0x08000d68       0x30 C:/ST/STM32CubeIDE_1.19.0/STM32CubeIDE/plugins/com.st.stm32cube.ide.mcu.externaltools.gnu-tools-for-stm32.13.3.rel1.win32_1.0.100.202509120712/tools/bin/../lib/gcc/arm-none-eabi/13.3.1/thumb/v7e-m+fp/hard\libgcc.a(_fixdfdi.o)
                0x08000d68                __fixdfdi
                0x08000d68                __aeabi_d2lz
 .text          0x08000d98       0x3c C:/ST/STM32CubeIDE_1.19.0/STM32CubeIDE/plugins/com.st.stm32cube.ide.mcu.externaltools.gnu-tools-for-stm32.13.3.rel1.win32_1.0.100.202509120712/tools/bin/../lib/gcc/arm-none-eabi/13.3.1/thumb/v7e-m+fp/hard\libgcc.a(_fixunsdfdi.o)
                0x08000d98                __fixunsdfdi
                0x08000d98                __aeabi_d2ulz
 .text          0x08000dd4      0x2f8 C:/ST/STM32CubeIDE_1.19.0/STM32CubeIDE/plugins/com.st.stm32cube.ide.mcu.externaltools.gnu-tools-for-stm32.13.3.rel1.win32_1.0.100.202509120712/tools/bin/../lib/gcc/arm-none-eabi/13.3.1/thumb/v7e-m+fp/hard\libgcc.a(_udivmoddi4.o)
                0x08000dd4                __udivmoddi4
 .text          0x080010cc        0x4 C:/ST/STM32CubeIDE_1.19.0/STM32CubeIDE/plugins/com.st.stm32cube.ide.mcu.externaltools.gnu-tools-for-stm32.13.3.rel1.win32_1.0.100.202509120712/tools/bin/../lib/gcc/arm-none-eabi/13.3.1/thumb/v7e-m+fp/hard\libgcc.a(_dvmd_tls.o)
                0x080010cc                __aeabi_idiv0
                0x080010cc                __aeabi_ldiv0
 *(.text*)
 .text.BNO_WriteReg
                0x080010d0       0x3c ./Algorithm+Sensors/BNO055/bno055.o
 .text.BNO_ReadReg
                0x0800110c       0x3e ./Algorithm+Sensors/BNO055/bno055.o
 .text.BNO_WriteMulti
                0x0800114a       0x46 ./Algorithm+Sensors/BNO055/bno055.o
 .text.BNO_SetPage
                0x08001190       0x20 ./Algorithm+Sensors/BNO055/bno055.o
 .text.BNO_Delay
                0x080011b0       0x2a ./Algorithm+Sensors/BNO055/bno055.o
 *fill*         0x080011da        0x2 
 .text.BNO055_Init
                0x080011dc      0x20c ./Algorithm+Sensors/BNO055/bno055.o
                0x080011dc                BNO055_Init
 .text.BNO055_ReadEuler_DMA
                0x080013e8       0x38 ./Algorithm+Sensors/BNO055/bno055.o
                0x080013e8                BNO055_ReadEuler_DMA
 .text.BNO055_ParseEulerBuffer
                0x08001420      0x108 ./Algorithm+Sensors/BNO055/bno055.o
                0x08001420                BNO055_ParseEulerBuffer
 .text.MS5837_CheckCRC
                0x08001528      0x102 ./Algorithm+Sensors/MS5837/ms5837.o
 .text.MS5837_ReadPROM
                0x0800162a       0x7c ./Algorithm+Sensors/MS5837/ms5837.o
 .text.MS5837_Init
                0x080016a6       0xa8 ./Algorithm+Sensors/MS5837/ms5837.o
                0x080016a6                MS5837_Init
 .text.MS5837_Send_Command_DMA
                0x0800174e       0x2e ./Algorithm+Sensors/MS5837/ms5837.o
                0x0800174e                MS5837_Send_Command_DMA
 .text.MS5837_Reset
                0x0800177c       0x28 ./Algorithm+Sensors/MS5837/ms5837.o
 .text.MS5837_Read_ADC_DMA
                0x080017a4       0x22 ./Algorithm+Sensors/MS5837/ms5837.o
                0x080017a4                MS5837_Read_ADC_DMA
 .text.MS5837_Parse_ADC
                0x080017c6       0x2e ./Algorithm+Sensors/MS5837/ms5837.o
                0x080017c6                MS5837_Parse_ADC
 *fill*         0x080017f4        0x4 
 .text.MS5837_Calculate
                0x080017f8      0x16c ./Algorithm+Sensors/MS5837/ms5837.o
                0x080017f8                MS5837_Calculate
 .text.main     0x08001964       0x70 ./Core/Src/main.o
                0x08001964                main
 .text.SystemClock_Config
                0x080019d4       0xd4 ./Core/Src/main.o
                0x080019d4                SystemClock_Config
 .text.MX_I2C1_Init
                0x08001aa8       0x5c ./Core/Src/main.o
 .text.MX_I2C3_Init
                0x08001b04       0x5c ./Core/Src/main.o
 .text.MX_UART4_Init
                0x08001b60       0x54 ./Core/Src/main.o
 .text.MX_USART3_UART_Init
                0x08001bb4       0x54 ./Core/Src/main.o
 .text.MX_DMA_Init
                0x08001c08       0x70 ./Core/Src/main.o
 .text.MX_GPIO_Init
                0x08001c78      0x2e0 ./Core/Src/main.o
 .text.HAL_UART_RxCpltCallback
                0x08001f58       0x88 ./Core/Src/main.o
                0x08001f58                HAL_UART_RxCpltCallback
 .text.HAL_TIM_PeriodElapsedCallback
                0x08001fe0       0x24 ./Core/Src/main.o
                0x08001fe0                HAL_TIM_PeriodElapsedCallback
 .text.Error_Handler
                0x08002004        0xe ./Core/Src/main.o
                0x08002004                Error_Handler
 *fill*         0x08002012        0x2 
 .text.HAL_MspInit
                0x08002014       0x50 ./Core/Src/stm32f4xx_hal_msp.o
                0x08002014                HAL_MspInit
 .text.HAL_I2C_MspInit
                0x08002064      0x2f8 ./Core/Src/stm32f4xx_hal_msp.o
                0x08002064                HAL_I2C_MspInit
 .text.HAL_UART_MspInit
                0x0800235c      0x190 ./Core/Src/stm32f4xx_hal_msp.o
                0x0800235c                HAL_UART_MspInit
 .text.HAL_InitTick
                0x080024ec       0xf8 ./Core/Src/stm32f4xx_hal_timebase_tim.o
                0x080024ec                HAL_InitTick
 .text.NMI_Handler
                0x080025e4        0x8 ./Core/Src/stm32f4xx_it.o
                0x080025e4                NMI_Handler
 .text.HardFault_Handler
                0x080025ec        0x8 ./Core/Src/stm32f4xx_it.o
                0x080025ec                HardFault_Handler
 .text.MemManage_Handler
                0x080025f4        0x8 ./Core/Src/stm32f4xx_it.o
                0x080025f4                MemManage_Handler
 .text.BusFault_Handler
                0x080025fc        0x8 ./Core/Src/stm32f4xx_it.o
                0x080025fc                BusFault_Handler
 .text.UsageFault_Handler
                0x08002604        0x8 ./Core/Src/stm32f4xx_it.o
                0x08002604                UsageFault_Handler
 .text.DebugMon_Handler
                0x0800260c        0xe ./Core/Src/stm32f4xx_it.o
                0x0800260c                DebugMon_Handler
 .text.EXTI2_IRQHandler
                0x0800261a        0xe ./Core/Src/stm32f4xx_it.o
                0x0800261a                EXTI2_IRQHandler
 .text.DMA1_Stream0_IRQHandler
                0x08002628       0x14 ./Core/Src/stm32f4xx_it.o
                0x08002628                DMA1_Stream0_IRQHandler
 .text.DMA1_Stream2_IRQHandler
                0x0800263c       0x14 ./Core/Src/stm32f4xx_it.o
                0x0800263c                DMA1_Stream2_IRQHandler
 .text.DMA1_Stream4_IRQHandler
                0x08002650       0x14 ./Core/Src/stm32f4xx_it.o
                0x08002650                DMA1_Stream4_IRQHandler
 .text.DMA1_Stream6_IRQHandler
                0x08002664       0x14 ./Core/Src/stm32f4xx_it.o
                0x08002664                DMA1_Stream6_IRQHandler
 .text.USART3_IRQHandler
                0x08002678       0x14 ./Core/Src/stm32f4xx_it.o
                0x08002678                USART3_IRQHandler
 .text.TIM6_DAC_IRQHandler
                0x0800268c       0x14 ./Core/Src/stm32f4xx_it.o
                0x0800268c                TIM6_DAC_IRQHandler
 .text.I2C3_EV_IRQHandler
                0x080026a0       0x14 ./Core/Src/stm32f4xx_it.o
                0x080026a0                I2C3_EV_IRQHandler
 .text.I2C3_ER_IRQHandler
                0x080026b4       0x14 ./Core/Src/stm32f4xx_it.o
                0x080026b4                I2C3_ER_IRQHandler
 .text._getpid  0x080026c8       0x10 ./Core/Src/syscalls.o
                0x080026c8                _getpid
 .text._kill    0x080026d8       0x20 ./Core/Src/syscalls.o
                0x080026d8                _kill
 .text._exit    0x080026f8       0x16 ./Core/Src/syscalls.o
                0x080026f8                _exit
 .text._read    0x0800270e       0x3a ./Core/Src/syscalls.o
                0x0800270e                _read
 .text._close   0x08002748       0x18 ./Core/Src/syscalls.o
                0x08002748                _close
 .text._fstat   0x08002760       0x20 ./Core/Src/syscalls.o
                0x08002760                _fstat
 .text._isatty  0x08002780       0x16 ./Core/Src/syscalls.o
                0x08002780                _isatty
 .text._lseek   0x08002796       0x1a ./Core/Src/syscalls.o
                0x08002796                _lseek
 .text.SystemInit
                0x080027b0       0x24 ./Core/Src/system_stm32f4xx.o
                0x080027b0                SystemInit
 .text.Reset_Handler
                0x080027d4       0x50 ./Core/Startup/startup_stm32f407vgtx.o
                0x080027d4                Reset_Handler
 .text.Default_Handler
                0x08002824        0x2 ./Core/Startup/startup_stm32f407vgtx.o
                0x08002824                RTC_Alarm_IRQHandler
                0x08002824                HASH_RNG_IRQHandler
                0x08002824                TIM8_CC_IRQHandler
                0x08002824                TIM1_CC_IRQHandler
                0x08002824                DMA2_Stream5_IRQHandler
                0x08002824                DMA1_Stream5_IRQHandler
                0x08002824                PVD_IRQHandler
                0x08002824                SDIO_IRQHandler
                0x08002824                TAMP_STAMP_IRQHandler
                0x08002824                CAN2_RX1_IRQHandler
                0x08002824                EXTI3_IRQHandler
                0x08002824                TIM8_TRG_COM_TIM14_IRQHandler
                0x08002824                TIM1_UP_TIM10_IRQHandler
                0x08002824                TIM8_UP_TIM13_IRQHandler
                0x08002824                EXTI0_IRQHandler
                0x08002824                I2C2_EV_IRQHandler
                0x08002824                CAN1_RX0_IRQHandler
                0x08002824                FPU_IRQHandler
                0x08002824                OTG_HS_WKUP_IRQHandler
                0x08002824                CAN2_SCE_IRQHandler
                0x08002824                DMA2_Stream2_IRQHandler
                0x08002824                SPI1_IRQHandler
                0x08002824                TIM1_BRK_TIM9_IRQHandler
                0x08002824                DCMI_IRQHandler
                0x08002824                CAN2_RX0_IRQHandler
                0x08002824                DMA2_Stream3_IRQHandler
                0x08002824                USART6_IRQHandler
                0x08002824                CAN1_RX1_IRQHandler
                0x08002824                UART5_IRQHandler
                0x08002824                DMA2_Stream0_IRQHandler
                0x08002824                TIM4_IRQHandler
                0x08002824                I2C1_EV_IRQHandler
                0x08002824                DMA1_Stream1_IRQHandler
                0x08002824                UART4_IRQHandler
                0x08002824                TIM3_IRQHandler
                0x08002824                RCC_IRQHandler
                0x08002824                TIM8_BRK_TIM12_IRQHandler
                0x08002824                Default_Handler
                0x08002824                EXTI15_10_IRQHandler
                0x08002824                ADC_IRQHandler
                0x08002824                DMA1_Stream7_IRQHandler
                0x08002824                TIM7_IRQHandler
                0x08002824                CAN2_TX_IRQHandler
                0x08002824                TIM5_IRQHandler
                0x08002824                DMA2_Stream7_IRQHandler
                0x08002824                EXTI9_5_IRQHandler
                0x08002824                RTC_WKUP_IRQHandler
                0x08002824                ETH_WKUP_IRQHandler
                0x08002824                SPI2_IRQHandler
                0x08002824                OTG_HS_EP1_IN_IRQHandler
                0x08002824                CAN1_TX_IRQHandler
                0x08002824                EXTI4_IRQHandler
                0x08002824                FSMC_IRQHandler
                0x08002824                ETH_IRQHandler
                0x08002824                OTG_HS_EP1_OUT_IRQHandler
                0x08002824                WWDG_IRQHandler
                0x08002824                TIM2_IRQHandler
                0x08002824                OTG_FS_WKUP_IRQHandler
                0x08002824                TIM1_TRG_COM_TIM11_IRQHandler
                0x08002824                OTG_HS_IRQHandler
                0x08002824                EXTI1_IRQHandler
                0x08002824                I2C2_ER_IRQHandler
                0x08002824                DMA2_Stream1_IRQHandler
                0x08002824                CAN1_SCE_IRQHandler
                0x08002824                FLASH_IRQHandler
                0x08002824                DMA2_Stream4_IRQHandler
                0x08002824                USART1_IRQHandler
                0x08002824                OTG_FS_IRQHandler
                0x08002824                SPI3_IRQHandler
                0x08002824                I2C1_ER_IRQHandler
                0x08002824                DMA2_Stream6_IRQHandler
                0x08002824                DMA1_Stream3_IRQHandler
 *fill*         0x08002826        0x2 
 .text.HAL_Init
                0x08002828       0x44 ./Drivers/STM32F4xx_HAL_Driver/Src/stm32f4xx_hal.o
                0x08002828                HAL_Init
 .text.HAL_IncTick
                0x0800286c       0x28 ./Drivers/STM32F4xx_HAL_Driver/Src/stm32f4xx_hal.o
                0x0800286c                HAL_IncTick
 .text.HAL_GetTick
                0x08002894       0x18 ./Drivers/STM32F4xx_HAL_Driver/Src/stm32f4xx_hal.o
                0x08002894                HAL_GetTick
 .text.HAL_Delay
                0x080028ac       0x48 ./Drivers/STM32F4xx_HAL_Driver/Src/stm32f4xx_hal.o
                0x080028ac                HAL_Delay
 .text.__NVIC_SetPriorityGrouping
                0x080028f4       0x48 ./Drivers/STM32F4xx_HAL_Driver/Src/stm32f4xx_hal_cortex.o
 .text.__NVIC_GetPriorityGrouping
                0x0800293c       0x1c ./Drivers/STM32F4xx_HAL_Driver/Src/stm32f4xx_hal_cortex.o
 .text.__NVIC_EnableIRQ
                0x08002958       0x3c ./Drivers/STM32F4xx_HAL_Driver/Src/stm32f4xx_hal_cortex.o
 .text.__NVIC_SetPriority
                0x08002994       0x54 ./Drivers/STM32F4xx_HAL_Driver/Src/stm32f4xx_hal_cortex.o
 .text.NVIC_EncodePriority
                0x080029e8       0x66 ./Drivers/STM32F4xx_HAL_Driver/Src/stm32f4xx_hal_cortex.o
 .text.HAL_NVIC_SetPriorityGrouping
                0x08002a4e       0x16 ./Drivers/STM32F4xx_HAL_Driver/Src/stm32f4xx_hal_cortex.o
                0x08002a4e                HAL_NVIC_SetPriorityGrouping
 .text.HAL_NVIC_SetPriority
                0x08002a64       0x38 ./Drivers/STM32F4xx_HAL_Driver/Src/stm32f4xx_hal_cortex.o
                0x08002a64                HAL_NVIC_SetPriority
 .text.HAL_NVIC_EnableIRQ
                0x08002a9c       0x1c ./Drivers/STM32F4xx_HAL_Driver/Src/stm32f4xx_hal_cortex.o
                0x08002a9c                HAL_NVIC_EnableIRQ
 .text.HAL_DMA_Init
                0x08002ab8      0x15c ./Drivers/STM32F4xx_HAL_Driver/Src/stm32f4xx_hal_dma.o
                0x08002ab8                HAL_DMA_Init
 .text.HAL_DMA_Start_IT
                0x08002c14       0xb0 ./Drivers/STM32F4xx_HAL_Driver/Src/stm32f4xx_hal_dma.o
                0x08002c14                HAL_DMA_Start_IT
 .text.HAL_DMA_Abort
                0x08002cc4       0xe0 ./Drivers/STM32F4xx_HAL_Driver/Src/stm32f4xx_hal_dma.o
                0x08002cc4                HAL_DMA_Abort
 .text.HAL_DMA_Abort_IT
                0x08002da4       0x44 ./Drivers/STM32F4xx_HAL_Driver/Src/stm32f4xx_hal_dma.o
                0x08002da4                HAL_DMA_Abort_IT
 .text.HAL_DMA_IRQHandler
                0x08002de8      0x314 ./Drivers/STM32F4xx_HAL_Driver/Src/stm32f4xx_hal_dma.o
                0x08002de8                HAL_DMA_IRQHandler
 .text.HAL_DMA_GetState
                0x080030fc       0x1c ./Drivers/STM32F4xx_HAL_Driver/Src/stm32f4xx_hal_dma.o
                0x080030fc                HAL_DMA_GetState
 .text.HAL_DMA_GetError
                0x08003118       0x18 ./Drivers/STM32F4xx_HAL_Driver/Src/stm32f4xx_hal_dma.o
                0x08003118                HAL_DMA_GetError
 .text.DMA_SetConfig
                0x08003130       0x5c ./Drivers/STM32F4xx_HAL_Driver/Src/stm32f4xx_hal_dma.o
 .text.DMA_CalcBaseAndBitshift
                0x0800318c       0x6c ./Drivers/STM32F4xx_HAL_Driver/Src/stm32f4xx_hal_dma.o
 .text.DMA_CheckFifoParam
                0x080031f8       0xf8 ./Drivers/STM32F4xx_HAL_Driver/Src/stm32f4xx_hal_dma.o
 .text.HAL_GPIO_Init
                0x080032f0      0x338 ./Drivers/STM32F4xx_HAL_Driver/Src/stm32f4xx_hal_gpio.o
                0x080032f0                HAL_GPIO_Init
 .text.HAL_GPIO_WritePin
                0x08003628       0x32 ./Drivers/STM32F4xx_HAL_Driver/Src/stm32f4xx_hal_gpio.o
                0x08003628                HAL_GPIO_WritePin
 .text.HAL_GPIO_TogglePin
                0x0800365a       0x34 ./Drivers/STM32F4xx_HAL_Driver/Src/stm32f4xx_hal_gpio.o
                0x0800365a                HAL_GPIO_TogglePin
 *fill*         0x0800368e        0x2 
 .text.HAL_GPIO_EXTI_IRQHandler
                0x08003690       0x30 ./Drivers/STM32F4xx_HAL_Driver/Src/stm32f4xx_hal_gpio.o
                0x08003690                HAL_GPIO_EXTI_IRQHandler
 .text.HAL_GPIO_EXTI_Callback
                0x080036c0       0x16 ./Drivers/STM32F4xx_HAL_Driver/Src/stm32f4xx_hal_gpio.o
                0x080036c0                HAL_GPIO_EXTI_Callback
 *fill*         0x080036d6        0x2 
 .text.HAL_I2C_Init
                0x080036d8      0x288 ./Drivers/STM32F4xx_HAL_Driver/Src/stm32f4xx_hal_i2c.o
                0x080036d8                HAL_I2C_Init
 .text.I2C_Flush_DR
                0x08003960       0x2a ./Drivers/STM32F4xx_HAL_Driver/Src/stm32f4xx_hal_i2c.o
 *fill*         0x0800398a        0x2 
 .text.HAL_I2C_Master_Transmit
                0x0800398c      0x1fc ./Drivers/STM32F4xx_HAL_Driver/Src/stm32f4xx_hal_i2c.o
                0x0800398c                HAL_I2C_Master_Transmit
 .text.HAL_I2C_Master_Receive
                0x08003b88      0x464 ./Drivers/STM32F4xx_HAL_Driver/Src/stm32f4xx_hal_i2c.o
                0x08003b88                HAL_I2C_Master_Receive
 .text.HAL_I2C_Master_Transmit_DMA
                0x08003fec      0x258 ./Drivers/STM32F4xx_HAL_Driver/Src/stm32f4xx_hal_i2c.o
                0x08003fec                HAL_I2C_Master_Transmit_DMA
 .text.HAL_I2C_Master_Receive_DMA
                0x08004244      0x258 ./Drivers/STM32F4xx_HAL_Driver/Src/stm32f4xx_hal_i2c.o
                0x08004244                HAL_I2C_Master_Receive_DMA
 .text.HAL_I2C_Mem_Write
                0x0800449c      0x1f4 ./Drivers/STM32F4xx_HAL_Driver/Src/stm32f4xx_hal_i2c.o
                0x0800449c                HAL_I2C_Mem_Write
 .text.HAL_I2C_Mem_Read
                0x08004690      0x464 ./Drivers/STM32F4xx_HAL_Driver/Src/stm32f4xx_hal_i2c.o
                0x08004690                HAL_I2C_Mem_Read
 .text.HAL_I2C_Mem_Read_DMA
                0x08004af4      0x320 ./Drivers/STM32F4xx_HAL_Driver/Src/stm32f4xx_hal_i2c.o
                0x08004af4                HAL_I2C_Mem_Read_DMA
 .text.HAL_I2C_IsDeviceReady
                0x08004e14      0x25c ./Drivers/STM32F4xx_HAL_Driver/Src/stm32f4xx_hal_i2c.o
                0x08004e14                HAL_I2C_IsDeviceReady
 .text.HAL_I2C_EV_IRQHandler
                0x08005070      0x2e2 ./Drivers/STM32F4xx_HAL_Driver/Src/stm32f4xx_hal_i2c.o
                0x08005070                HAL_I2C_EV_IRQHandler
 .text.HAL_I2C_ER_IRQHandler
                0x08005352      0x14e ./Drivers/STM32F4xx_HAL_Driver/Src/stm32f4xx_hal_i2c.o
                0x08005352                HAL_I2C_ER_IRQHandler
 .text.HAL_I2C_SlaveTxCpltCallback
                0x080054a0       0x14 ./Drivers/STM32F4xx_HAL_Driver/Src/stm32f4xx_hal_i2c.o
                0x080054a0                HAL_I2C_SlaveTxCpltCallback
 .text.HAL_I2C_SlaveRxCpltCallback
                0x080054b4       0x14 ./Drivers/STM32F4xx_HAL_Driver/Src/stm32f4xx_hal_i2c.o
                0x080054b4                HAL_I2C_SlaveRxCpltCallback
 .text.HAL_I2C_AddrCallback
                0x080054c8       0x1c ./Drivers/STM32F4xx_HAL_Driver/Src/stm32f4xx_hal_i2c.o
                0x080054c8                HAL_I2C_AddrCallback
 .text.HAL_I2C_ListenCpltCallback
                0x080054e4       0x14 ./Drivers/STM32F4xx_HAL_Driver/Src/stm32f4xx_hal_i2c.o
                0x080054e4                HAL_I2C_ListenCpltCallback
 .text.HAL_I2C_MemTxCpltCallback
                0x080054f8       0x14 ./Drivers/STM32F4xx_HAL_Driver/Src/stm32f4xx_hal_i2c.o
                0x080054f8                HAL_I2C_MemTxCpltCallback
 .text.HAL_I2C_AbortCpltCallback
                0x0800550c       0x14 ./Drivers/STM32F4xx_HAL_Driver/Src/stm32f4xx_hal_i2c.o
                0x0800550c                HAL_I2C_AbortCpltCallback
 .text.I2C_MasterTransmit_TXE
                0x08005520      0x138 ./Drivers/STM32F4xx_HAL_Driver/Src/stm32f4xx_hal_i2c.o
 .text.I2C_MasterTransmit_BTF
                0x08005658       0xec ./Drivers/STM32F4xx_HAL_Driver/Src/stm32f4xx_hal_i2c.o
 .text.I2C_MemoryTransmit_TXE_BTF
                0x08005744      0x130 ./Drivers/STM32F4xx_HAL_Driver/Src/stm32f4xx_hal_i2c.o
 .text.I2C_MasterReceive_RXNE
                0x08005874      0x190 ./Drivers/STM32F4xx_HAL_Driver/Src/stm32f4xx_hal_i2c.o
 .text.I2C_MasterReceive_BTF
                0x08005a04      0x1e2 ./Drivers/STM32F4xx_HAL_Driver/Src/stm32f4xx_hal_i2c.o
 .text.I2C_Master_SB
                0x08005be6      0x10c ./Drivers/STM32F4xx_HAL_Driver/Src/stm32f4xx_hal_i2c.o
 .text.I2C_Master_ADD10
                0x08005cf2       0x54 ./Drivers/STM32F4xx_HAL_Driver/Src/stm32f4xx_hal_i2c.o
 .text.I2C_Master_ADDR
                0x08005d46      0x322 ./Drivers/STM32F4xx_HAL_Driver/Src/stm32f4xx_hal_i2c.o
 .text.I2C_SlaveTransmit_TXE
                0x08006068       0x7a ./Drivers/STM32F4xx_HAL_Driver/Src/stm32f4xx_hal_i2c.o
 .text.I2C_SlaveTransmit_BTF
                0x080060e2       0x42 ./Drivers/STM32F4xx_HAL_Driver/Src/stm32f4xx_hal_i2c.o
 .text.I2C_SlaveReceive_RXNE
                0x08006124       0x7c ./Drivers/STM32F4xx_HAL_Driver/Src/stm32f4xx_hal_i2c.o
 .text.I2C_SlaveReceive_BTF
                0x080061a0       0x44 ./Drivers/STM32F4xx_HAL_Driver/Src/stm32f4xx_hal_i2c.o
 .text.I2C_Slave_ADDR
                0x080061e4       0x94 ./Drivers/STM32F4xx_HAL_Driver/Src/stm32f4xx_hal_i2c.o
 .text.I2C_Slave_STOPF
                0x08006278      0x260 ./Drivers/STM32F4xx_HAL_Driver/Src/stm32f4xx_hal_i2c.o
 .text.I2C_Slave_AF
                0x080064d8       0xe8 ./Drivers/STM32F4xx_HAL_Driver/Src/stm32f4xx_hal_i2c.o
 .text.I2C_ITError
                0x080065c0      0x264 ./Drivers/STM32F4xx_HAL_Driver/Src/stm32f4xx_hal_i2c.o
 .text.I2C_MasterRequestWrite
                0x08006824      0x104 ./Drivers/STM32F4xx_HAL_Driver/Src/stm32f4xx_hal_i2c.o
 .text.I2C_MasterRequestRead
                0x08006928      0x19c ./Drivers/STM32F4xx_HAL_Driver/Src/stm32f4xx_hal_i2c.o
 .text.I2C_RequestMemoryWrite
                0x08006ac4      0x12c ./Drivers/STM32F4xx_HAL_Driver/Src/stm32f4xx_hal_i2c.o
 .text.I2C_RequestMemoryRead
                0x08006bf0      0x1d0 ./Drivers/STM32F4xx_HAL_Driver/Src/stm32f4xx_hal_i2c.o
 .text.I2C_DMAXferCplt
                0x08006dc0      0x1be ./Drivers/STM32F4xx_HAL_Driver/Src/stm32f4xx_hal_i2c.o
 .text.I2C_DMAError
                0x08006f7e       0x7a ./Drivers/STM32F4xx_HAL_Driver/Src/stm32f4xx_hal_i2c.o
 .text.I2C_DMAAbort
                0x08006ff8      0x150 ./Drivers/STM32F4xx_HAL_Driver/Src/stm32f4xx_hal_i2c.o
 .text.I2C_WaitOnFlagUntilTimeout
                0x08007148       0xf4 ./Drivers/STM32F4xx_HAL_Driver/Src/stm32f4xx_hal_i2c.o
 .text.I2C_WaitOnMasterAddressFlagUntilTimeout
                0x0800723c      0x140 ./Drivers/STM32F4xx_HAL_Driver/Src/stm32f4xx_hal_i2c.o
 .text.I2C_WaitOnTXEFlagUntilTimeout
                0x0800737c       0x90 ./Drivers/STM32F4xx_HAL_Driver/Src/stm32f4xx_hal_i2c.o
 .text.I2C_WaitOnBTFFlagUntilTimeout
                0x0800740c       0x90 ./Drivers/STM32F4xx_HAL_Driver/Src/stm32f4xx_hal_i2c.o
 .text.I2C_WaitOnSTOPRequestThroughIT
                0x0800749c       0x64 ./Drivers/STM32F4xx_HAL_Driver/Src/stm32f4xx_hal_i2c.o
 .text.I2C_WaitOnRXNEFlagUntilTimeout
                0x08007500       0xba ./Drivers/STM32F4xx_HAL_Driver/Src/stm32f4xx_hal_i2c.o
 .text.I2C_IsAcknowledgeFailed
                0x080075ba       0x5e ./Drivers/STM32F4xx_HAL_Driver/Src/stm32f4xx_hal_i2c.o
 .text.I2C_ConvertOtherXferOptions
                0x08007618       0x36 ./Drivers/STM32F4xx_HAL_Driver/Src/stm32f4xx_hal_i2c.o
 *fill*         0x0800764e        0x2 
 .text.HAL_RCC_OscConfig
                0x08007650      0x4f0 ./Drivers/STM32F4xx_HAL_Driver/Src/stm32f4xx_hal_rcc.o
                0x08007650                HAL_RCC_OscConfig
 .text.HAL_RCC_ClockConfig
                0x08007b40      0x1cc ./Drivers/STM32F4xx_HAL_Driver/Src/stm32f4xx_hal_rcc.o
                0x08007b40                HAL_RCC_ClockConfig
 .text.HAL_RCC_GetSysClockFreq
                0x08007d0c      0x20c ./Drivers/STM32F4xx_HAL_Driver/Src/stm32f4xx_hal_rcc.o
                0x08007d0c                HAL_RCC_GetSysClockFreq
 .text.HAL_RCC_GetHCLKFreq
                0x08007f18       0x18 ./Drivers/STM32F4xx_HAL_Driver/Src/stm32f4xx_hal_rcc.o
                0x08007f18                HAL_RCC_GetHCLKFreq
 .text.HAL_RCC_GetPCLK1Freq
                0x08007f30       0x28 ./Drivers/STM32F4xx_HAL_Driver/Src/stm32f4xx_hal_rcc.o
                0x08007f30                HAL_RCC_GetPCLK1Freq
 .text.HAL_RCC_GetPCLK2Freq
                0x08007f58       0x28 ./Drivers/STM32F4xx_HAL_Driver/Src/stm32f4xx_hal_rcc.o
                0x08007f58                HAL_RCC_GetPCLK2Freq
 .text.HAL_RCC_GetClockConfig
                0x08007f80       0x64 ./Drivers/STM32F4xx_HAL_Driver/Src/stm32f4xx_hal_rcc.o
                0x08007f80                HAL_RCC_GetClockConfig
 .text.HAL_TIM_Base_Init
                0x08007fe4       0x9e ./Drivers/STM32F4xx_HAL_Driver/Src/stm32f4xx_hal_tim.o
                0x08007fe4                HAL_TIM_Base_Init
 .text.HAL_TIM_Base_MspInit
                0x08008082       0x14 ./Drivers/STM32F4xx_HAL_Driver/Src/stm32f4xx_hal_tim.o
                0x08008082                HAL_TIM_Base_MspInit
 *fill*         0x08008096        0x2 
 .text.HAL_TIM_Base_Start_IT
                0x08008098       0xe0 ./Drivers/STM32F4xx_HAL_Driver/Src/stm32f4xx_hal_tim.o
                0x08008098                HAL_TIM_Base_Start_IT
 .text.HAL_TIM_IRQHandler
                0x08008178      0x1e0 ./Drivers/STM32F4xx_HAL_Driver/Src/stm32f4xx_hal_tim.o
                0x08008178                HAL_TIM_IRQHandler
 .text.HAL_TIM_OC_DelayElapsedCallback
                0x08008358       0x14 ./Drivers/STM32F4xx_HAL_Driver/Src/stm32f4xx_hal_tim.o
                0x08008358                HAL_TIM_OC_DelayElapsedCallback
 .text.HAL_TIM_IC_CaptureCallback
                0x0800836c       0x14 ./Drivers/STM32F4xx_HAL_Driver/Src/stm32f4xx_hal_tim.o
                0x0800836c                HAL_TIM_IC_CaptureCallback
 .text.HAL_TIM_PWM_PulseFinishedCallback
                0x08008380       0x14 ./Drivers/STM32F4xx_HAL_Driver/Src/stm32f4xx_hal_tim.o
                0x08008380                HAL_TIM_PWM_PulseFinishedCallback
 .text.HAL_TIM_TriggerCallback
                0x08008394       0x14 ./Drivers/STM32F4xx_HAL_Driver/Src/stm32f4xx_hal_tim.o
                0x08008394                HAL_TIM_TriggerCallback
 .text.TIM_Base_SetConfig
                0x080083a8      0x14c ./Drivers/STM32F4xx_HAL_Driver/Src/stm32f4xx_hal_tim.o
                0x080083a8                TIM_Base_SetConfig
 .text.HAL_TIMEx_CommutCallback
                0x080084f4       0x14 ./Drivers/STM32F4xx_HAL_Driver/Src/stm32f4xx_hal_tim_ex.o
                0x080084f4                HAL_TIMEx_CommutCallback
 .text.HAL_TIMEx_BreakCallback
                0x08008508       0x14 ./Drivers/STM32F4xx_HAL_Driver/Src/stm32f4xx_hal_tim_ex.o
                0x08008508                HAL_TIMEx_BreakCallback
 .text.HAL_UART_Init
                0x0800851c       0xa0 ./Drivers/STM32F4xx_HAL_Driver/Src/stm32f4xx_hal_uart.o
                0x0800851c                HAL_UART_Init
 .text.HAL_UART_Transmit
                0x080085bc      0x116 ./Drivers/STM32F4xx_HAL_Driver/Src/stm32f4xx_hal_uart.o
                0x080085bc                HAL_UART_Transmit
 .text.HAL_UART_Receive_IT
                0x080086d2       0x4a ./Drivers/STM32F4xx_HAL_Driver/Src/stm32f4xx_hal_uart.o
                0x080086d2                HAL_UART_Receive_IT
 .text.HAL_UART_IRQHandler
                0x0800871c      0x554 ./Drivers/STM32F4xx_HAL_Driver/Src/stm32f4xx_hal_uart.o
                0x0800871c                HAL_UART_IRQHandler
 .text.HAL_UART_TxCpltCallback
                0x08008c70       0x14 ./Drivers/STM32F4xx_HAL_Driver/Src/stm32f4xx_hal_uart.o
                0x08008c70                HAL_UART_TxCpltCallback
 .text.HAL_UART_ErrorCallback
                0x08008c84       0x14 ./Drivers/STM32F4xx_HAL_Driver/Src/stm32f4xx_hal_uart.o
                0x08008c84                HAL_UART_ErrorCallback
 .text.HAL_UARTEx_RxEventCallback
                0x08008c98       0x18 ./Drivers/STM32F4xx_HAL_Driver/Src/stm32f4xx_hal_uart.o
                0x08008c98                HAL_UARTEx_RxEventCallback
 .text.UART_WaitOnFlagUntilTimeout
                0x08008cb0       0xb2 ./Drivers/STM32F4xx_HAL_Driver/Src/stm32f4xx_hal_uart.o
 .text.UART_Start_Receive_IT
                0x08008d62       0x74 ./Drivers/STM32F4xx_HAL_Driver/Src/stm32f4xx_hal_uart.o
                0x08008d62                UART_Start_Receive_IT
 .text.UART_EndRxTransfer
                0x08008dd6       0xc6 ./Drivers/STM32F4xx_HAL_Driver/Src/stm32f4xx_hal_uart.o
 .text.UART_DMAAbortOnError
                0x08008e9c       0x22 ./Drivers/STM32F4xx_HAL_Driver/Src/stm32f4xx_hal_uart.o
 .text.UART_Transmit_IT
                0x08008ebe       0xa0 ./Drivers/STM32F4xx_HAL_Driver/Src/stm32f4xx_hal_uart.o
 .text.UART_EndTransmit_IT
                0x08008f5e       0x30 ./Drivers/STM32F4xx_HAL_Driver/Src/stm32f4xx_hal_uart.o
 .text.UART_Receive_IT
                0x08008f8e      0x17c ./Drivers/STM32F4xx_HAL_Driver/Src/stm32f4xx_hal_uart.o
 *fill*         0x0800910a        0x2 
 .text.UART_SetConfig
                0x0800910c      0x4e8 ./Drivers/STM32F4xx_HAL_Driver/Src/stm32f4xx_hal_uart.o
 .text.Comm_Get_Parsed_Command
                0x080095f4      0x1c0 ./Tasks/communication.o
                0x080095f4                Comm_Get_Parsed_Command
 .text.Comm_Send_Response
                0x080097b4       0x16 ./Tasks/communication.o
                0x080097b4                Comm_Send_Response
 *fill*         0x080097ca        0x2 
 .text.System_Tasks_Init
                0x080097cc      0x160 ./Tasks/tasks_app.o
                0x080097cc                System_Tasks_Init
 .text.BT_ISR_Data_Handler
                0x0800992c       0x58 ./Tasks/tasks_app.o
                0x0800992c                BT_ISR_Data_Handler
 .text.vBTTask  0x08009984       0xdc ./Tasks/tasks_app.o
 .text.vBNOTask
                0x08009a60       0xf8 ./Tasks/tasks_app.o
 .text.vMS5837Task
                0x08009b58      0x140 ./Tasks/tasks_app.o
 .text.vPitchPidTask
                0x08009c98       0x12 ./Tasks/tasks_app.o
 .text.vYawRollPidTask
                0x08009caa       0x12 ./Tasks/tasks_app.o
 .text.vApplicationStackOverflowHook
                0x08009cbc       0x20 ./Tasks/tasks_app.o
                0x08009cbc                vApplicationStackOverflowHook
 .text.Callback_BNO_DMA_Rx
                0x08009cdc       0x48 ./Tasks/tasks_app.o
                0x08009cdc                Callback_BNO_DMA_Rx
 .text.Callback_BNO_Error
                0x08009d24       0x40 ./Tasks/tasks_app.o
                0x08009d24                Callback_BNO_Error
 .text.My_RTOS_Delay_Func
                0x08009d64       0x9e ./Tasks/tasks_app.o
                0x08009d64                My_RTOS_Delay_Func
 *fill*         0x08009e02        0x2 
 .text.HAL_I2C_MemRxCpltCallback
                0x08009e04       0x24 ./Tasks/tasks_app.o
                0x08009e04                HAL_I2C_MemRxCpltCallback
 .text.HAL_I2C_MasterRxCpltCallback
                0x08009e28       0x24 ./Tasks/tasks_app.o
                0x08009e28                HAL_I2C_MasterRxCpltCallback
 .text.HAL_I2C_MasterTxCpltCallback
                0x08009e4c       0x24 ./Tasks/tasks_app.o
                0x08009e4c                HAL_I2C_MasterTxCpltCallback
 .text.HAL_I2C_ErrorCallback
                0x08009e70       0x38 ./Tasks/tasks_app.o
                0x08009e70                HAL_I2C_ErrorCallback
 .text.MS5837_DMA_Callback
                0x08009ea8       0x48 ./Tasks/tasks_app.o
                0x08009ea8                MS5837_DMA_Callback
 .text.MS5837_DMA_Error_Callback
                0x08009ef0       0x14 ./Tasks/tasks_app.o
                0x08009ef0                MS5837_DMA_Error_Callback
 .text.vListInitialise
                0x08009f04       0x44 ./Thirdparty/FreeRTOS/list.o
                0x08009f04                vListInitialise
 .text.vListInitialiseItem
                0x08009f48       0x1e ./Thirdparty/FreeRTOS/list.o
                0x08009f48                vListInitialiseItem
 .text.vListInsertEnd
                0x08009f66       0x4c ./Thirdparty/FreeRTOS/list.o
                0x08009f66                vListInsertEnd
 .text.vListInsert
                0x08009fb2       0x76 ./Thirdparty/FreeRTOS/list.o
                0x08009fb2                vListInsert
 .text.uxListRemove
                0x0800a028       0x5e ./Thirdparty/FreeRTOS/list.o
                0x0800a028                uxListRemove
 *fill*         0x0800a086        0x2 
 .text.xQueueGenericReset
                0x0800a088      0x12c ./Thirdparty/FreeRTOS/queue.o
                0x0800a088                xQueueGenericReset
 .text.xQueueGenericCreate
                0x0800a1b4       0xb0 ./Thirdparty/FreeRTOS/queue.o
                0x0800a1b4                xQueueGenericCreate
 .text.prvInitialiseNewQueue
                0x0800a264       0x3e ./Thirdparty/FreeRTOS/queue.o
 *fill*         0x0800a2a2        0x2 
 .text.xQueueGenericSend
                0x0800a2a4      0x21c ./Thirdparty/FreeRTOS/queue.o
                0x0800a2a4                xQueueGenericSend
 .text.xQueueGiveFromISR
                0x0800a4c0      0x15a ./Thirdparty/FreeRTOS/queue.o
                0x0800a4c0                xQueueGiveFromISR
 *fill*         0x0800a61a        0x2 
 .text.xQueueSemaphoreTake
                0x0800a61c      0x218 ./Thirdparty/FreeRTOS/queue.o
                0x0800a61c                xQueueSemaphoreTake
 .text.prvGetDisinheritPriorityAfterTimeout
                0x0800a834       0x30 ./Thirdparty/FreeRTOS/queue.o
 .text.prvCopyDataToQueue
                0x0800a864       0xd4 ./Thirdparty/FreeRTOS/queue.o
 .text.prvUnlockQueue
                0x0800a938       0xa4 ./Thirdparty/FreeRTOS/queue.o
 .text.prvIsQueueEmpty
                0x0800a9dc       0x2c ./Thirdparty/FreeRTOS/queue.o
 .text.prvIsQueueFull
                0x0800aa08       0x30 ./Thirdparty/FreeRTOS/queue.o
 .text.vQueueAddToRegistry
                0x0800aa38       0xa0 ./Thirdparty/FreeRTOS/queue.o
                0x0800aa38                vQueueAddToRegistry
 .text.prvCreateTask
                0x0800aad8       0x78 ./Thirdparty/FreeRTOS/tasks.o
 .text.xTaskCreate
                0x0800ab50       0x50 ./Thirdparty/FreeRTOS/tasks.o
                0x0800ab50                xTaskCreate
 .text.prvInitialiseNewTask
                0x0800aba0      0x120 ./Thirdparty/FreeRTOS/tasks.o
 .text.prvAddNewTaskToReadyList
                0x0800acc0      0x164 ./Thirdparty/FreeRTOS/tasks.o
 .text.vTaskDelete
                0x0800ae24      0x180 ./Thirdparty/FreeRTOS/tasks.o
                0x0800ae24                vTaskDelete
 .text.xTaskDelayUntil
                0x0800afa4      0x10c ./Thirdparty/FreeRTOS/tasks.o
                0x0800afa4                xTaskDelayUntil
 .text.vTaskDelay
                0x0800b0b0       0x70 ./Thirdparty/FreeRTOS/tasks.o
                0x0800b0b0                vTaskDelay
 .text.prvCreateIdleTasks
                0x0800b120       0x94 ./Thirdparty/FreeRTOS/tasks.o
 .text.vTaskStartScheduler
                0x0800b1b4       0xa8 ./Thirdparty/FreeRTOS/tasks.o
                0x0800b1b4                vTaskStartScheduler
 .text.vTaskSuspendAll
                0x0800b25c       0x1c ./Thirdparty/FreeRTOS/tasks.o
                0x0800b25c                vTaskSuspendAll
 .text.xTaskResumeAll
                0x0800b278      0x224 ./Thirdparty/FreeRTOS/tasks.o
                0x0800b278                xTaskResumeAll
 .text.xTaskGetTickCount
                0x0800b49c       0x24 ./Thirdparty/FreeRTOS/tasks.o
                0x0800b49c                xTaskGetTickCount
 .text.xTaskGetTickCountFromISR
                0x0800b4c0       0x2c ./Thirdparty/FreeRTOS/tasks.o
                0x0800b4c0                xTaskGetTickCountFromISR
 .text.uxTaskGetNumberOfTasks
                0x0800b4ec       0x1c ./Thirdparty/FreeRTOS/tasks.o
                0x0800b4ec                uxTaskGetNumberOfTasks
 .text.xTaskIncrementTick
                0x0800b508      0x244 ./Thirdparty/FreeRTOS/tasks.o
                0x0800b508                xTaskIncrementTick
 .text.vTaskSwitchContext
                0x0800b74c      0x128 ./Thirdparty/FreeRTOS/tasks.o
                0x0800b74c                vTaskSwitchContext
 .text.vTaskPlaceOnEventList
                0x0800b874       0x50 ./Thirdparty/FreeRTOS/tasks.o
                0x0800b874                vTaskPlaceOnEventList
 .text.xTaskRemoveFromEventList
                0x0800b8c4      0x1c0 ./Thirdparty/FreeRTOS/tasks.o
                0x0800b8c4                xTaskRemoveFromEventList
 .text.vTaskInternalSetTimeOutState
                0x0800ba84       0x30 ./Thirdparty/FreeRTOS/tasks.o
                0x0800ba84                vTaskInternalSetTimeOutState
 .text.xTaskCheckForTimeOut
                0x0800bab4       0xd8 ./Thirdparty/FreeRTOS/tasks.o
                0x0800bab4                xTaskCheckForTimeOut
 .text.vTaskMissedYield
                0x0800bb8c       0x18 ./Thirdparty/FreeRTOS/tasks.o
                0x0800bb8c                vTaskMissedYield
 .text.prvIdleTask
                0x0800bba4       0x30 ./Thirdparty/FreeRTOS/tasks.o
 .text.prvInitialiseTaskLists
                0x0800bbd4       0x80 ./Thirdparty/FreeRTOS/tasks.o
 .text.prvCheckTasksWaitingTermination
                0x0800bc54       0x5c ./Thirdparty/FreeRTOS/tasks.o
 .text.prvDeleteTCB
                0x0800bcb0       0x20 ./Thirdparty/FreeRTOS/tasks.o
 .text.prvResetNextTaskUnblockTime
                0x0800bcd0       0x38 ./Thirdparty/FreeRTOS/tasks.o
 .text.xTaskGetSchedulerState
                0x0800bd08       0x44 ./Thirdparty/FreeRTOS/tasks.o
                0x0800bd08                xTaskGetSchedulerState
 .text.xTaskPriorityInherit
                0x0800bd4c      0x154 ./Thirdparty/FreeRTOS/tasks.o
                0x0800bd4c                xTaskPriorityInherit
 .text.xTaskPriorityDisinherit
                0x0800bea0      0x160 ./Thirdparty/FreeRTOS/tasks.o
                0x0800bea0                xTaskPriorityDisinherit
 .text.vTaskPriorityDisinheritAfterTimeout
                0x0800c000      0x188 ./Thirdparty/FreeRTOS/tasks.o
                0x0800c000                vTaskPriorityDisinheritAfterTimeout
 .text.pvTaskIncrementMutexHeldCount
                0x0800c188       0x3c ./Thirdparty/FreeRTOS/tasks.o
                0x0800c188                pvTaskIncrementMutexHeldCount
 .text.ulTaskGenericNotifyTake
                0x0800c1c4       0xfc ./Thirdparty/FreeRTOS/tasks.o
                0x0800c1c4                ulTaskGenericNotifyTake
 .text.vTaskGenericNotifyGiveFromISR
                0x0800c2c0      0x224 ./Thirdparty/FreeRTOS/tasks.o
                0x0800c2c0                vTaskGenericNotifyGiveFromISR
 .text.prvAddCurrentTaskToDelayedList
                0x0800c4e4      0x11c ./Thirdparty/FreeRTOS/tasks.o
 .text.pxPortInitialiseStack
                0x0800c600       0x68 ./Thirdparty/FreeRTOS/portable/GCC/ARM_CM4F/port.o
                0x0800c600                pxPortInitialiseStack
 .text.prvTaskExitError
                0x0800c668       0x5c ./Thirdparty/FreeRTOS/portable/GCC/ARM_CM4F/port.o
 *fill*         0x0800c6c4        0xc 
 .text.SVC_Handler
                0x0800c6d0       0x28 ./Thirdparty/FreeRTOS/portable/GCC/ARM_CM4F/port.o
                0x0800c6d0                SVC_Handler
 .text.prvPortStartFirstTask
                0x0800c6f8       0x2c ./Thirdparty/FreeRTOS/portable/GCC/ARM_CM4F/port.o
 .text.xPortStartScheduler
                0x0800c724      0x1e0 ./Thirdparty/FreeRTOS/portable/GCC/ARM_CM4F/port.o
                0x0800c724                xPortStartScheduler
 .text.vInitPrioGroupValue
                0x0800c904      0x100 ./Thirdparty/FreeRTOS/portable/GCC/ARM_CM4F/port.o
                0x0800c904                vInitPrioGroupValue
 .text.vPortEnterCritical
                0x0800ca04       0x64 ./Thirdparty/FreeRTOS/portable/GCC/ARM_CM4F/port.o
                0x0800ca04                vPortEnterCritical
 .text.vPortExitCritical
                0x0800ca68       0x54 ./Thirdparty/FreeRTOS/portable/GCC/ARM_CM4F/port.o
                0x0800ca68                vPortExitCritical
 *fill*         0x0800cabc        0x4 
 .text.PendSV_Handler
                0x0800cac0       0x68 ./Thirdparty/FreeRTOS/portable/GCC/ARM_CM4F/port.o
                0x0800cac0                PendSV_Handler
 .text.SysTick_Handler
                0x0800cb28       0x54 ./Thirdparty/FreeRTOS/portable/GCC/ARM_CM4F/port.o
                0x0800cb28                SysTick_Handler
 .text.vPortSetupTimerInterrupt
                0x0800cb7c       0x48 ./Thirdparty/FreeRTOS/portable/GCC/ARM_CM4F/port.o
                0x0800cb7c                vPortSetupTimerInterrupt
 .text.vPortEnableVFP
                0x0800cbc4       0x18 ./Thirdparty/FreeRTOS/portable/GCC/ARM_CM4F/port.o
 .text.vPortValidateInterruptPriority
                0x0800cbdc       0x84 ./Thirdparty/FreeRTOS/portable/GCC/ARM_CM4F/port.o
                0x0800cbdc                vPortValidateInterruptPriority
 .text.pvPortMalloc
                0x0800cc60      0x264 ./Thirdparty/FreeRTOS/portable/MemMang/heap_4.o
                0x0800cc60                pvPortMalloc
 .text.vPortFree
                0x0800cec4       0xec ./Thirdparty/FreeRTOS/portable/MemMang/heap_4.o
                0x0800cec4                vPortFree
 .text.prvHeapInit
                0x0800cfb0       0xb4 ./Thirdparty/FreeRTOS/portable/MemMang/heap_4.o
 .text.prvInsertBlockIntoFreeList
                0x0800d064       0xf4 ./Thirdparty/FreeRTOS/portable/MemMang/heap_4.o
 .text._cbSendSystemDesc
                0x0800d158       0x1c ./Thirdparty/SEGGER/Config/SEGGER_SYSVIEW_Config_FreeRTOS.o
 .text.SEGGER_SYSVIEW_Conf
                0x0800d174       0x2c ./Thirdparty/SEGGER/Config/SEGGER_SYSVIEW_Config_FreeRTOS.o
                0x0800d174                SEGGER_SYSVIEW_Conf
 .text._cbSendTaskList
                0x0800d1a0       0x90 ./Thirdparty/SEGGER/OS/SEGGER_SYSVIEW_FreeRTOS.o
 .text._cbGetTime
                0x0800d230       0x86 ./Thirdparty/SEGGER/OS/SEGGER_SYSVIEW_FreeRTOS.o
 *fill*         0x0800d2b6        0x2 
 .text.SYSVIEW_AddTask
                0x0800d2b8       0xd0 ./Thirdparty/SEGGER/OS/SEGGER_SYSVIEW_FreeRTOS.o
                0x0800d2b8                SYSVIEW_AddTask
 .text.SYSVIEW_DeleteTask
                0x0800d388      0x178 ./Thirdparty/SEGGER/OS/SEGGER_SYSVIEW_FreeRTOS.o
                0x0800d388                SYSVIEW_DeleteTask
 .text.SYSVIEW_SendTaskInfo
                0x0800d500       0x42 ./Thirdparty/SEGGER/OS/SEGGER_SYSVIEW_FreeRTOS.o
                0x0800d500                SYSVIEW_SendTaskInfo
 *fill*         0x0800d542        0x2 
 .text.__NVIC_EnableIRQ
                0x0800d544       0x3c ./Thirdparty/SEGGER/Rec/segger_uart.o
 .text.__NVIC_SetPriority
                0x0800d580       0x54 ./Thirdparty/SEGGER/Rec/segger_uart.o
 .text._StartSysView
                0x0800d5d4       0x1e ./Thirdparty/SEGGER/Rec/segger_uart.o
 *fill*         0x0800d5f2        0x2 
 .text._cbOnUARTRx
                0x0800d5f4       0x40 ./Thirdparty/SEGGER/Rec/segger_uart.o
 .text._cbOnUARTTx
                0x0800d634       0x64 ./Thirdparty/SEGGER/Rec/segger_uart.o
 .text.SEGGER_UART_init
                0x0800d698       0x24 ./Thirdparty/SEGGER/Rec/segger_uart.o
                0x0800d698                SEGGER_UART_init
 .text.USART2_IRQHandler
                0x0800d6bc       0x94 ./Thirdparty/SEGGER/Rec/segger_uart.o
                0x0800d6bc                USART2_IRQHandler
 .text.HIF_UART_EnableTXEInterrupt
                0x0800d750       0x20 ./Thirdparty/SEGGER/Rec/segger_uart.o
                0x0800d750                HIF_UART_EnableTXEInterrupt
 .text.HIF_UART_Init
                0x0800d770       0xf4 ./Thirdparty/SEGGER/Rec/segger_uart.o
                0x0800d770                HIF_UART_Init
 .text._DoInit  0x0800d864       0xb4 ./Thirdparty/SEGGER/SEGGER/SEGGER_RTT.o
 .text._WriteBlocking
                0x0800d918       0xba ./Thirdparty/SEGGER/SEGGER/SEGGER_RTT.o
 .text._WriteNoCheck
                0x0800d9d2       0x90 ./Thirdparty/SEGGER/SEGGER/SEGGER_RTT.o
 .text._GetAvailWriteSpace
                0x0800da62       0x46 ./Thirdparty/SEGGER/SEGGER/SEGGER_RTT.o
 .text.SEGGER_RTT_ReadUpBufferNoLock
                0x0800daa8      0x10c ./Thirdparty/SEGGER/SEGGER/SEGGER_RTT.o
                0x0800daa8                SEGGER_RTT_ReadUpBufferNoLock
 .text.SEGGER_RTT_ReadNoLock
                0x0800dbb4      0x10c ./Thirdparty/SEGGER/SEGGER/SEGGER_RTT.o
                0x0800dbb4                SEGGER_RTT_ReadNoLock
 .text.SEGGER_RTT_WriteDownBufferNoLock
                0x0800dcc0       0xa0 ./Thirdparty/SEGGER/SEGGER/SEGGER_RTT.o
                0x0800dcc0                SEGGER_RTT_WriteDownBufferNoLock
 .text.SEGGER_RTT_WriteNoLock
                0x0800dd60       0xa0 ./Thirdparty/SEGGER/SEGGER/SEGGER_RTT.o
                0x0800dd60                SEGGER_RTT_WriteNoLock
 .text.SEGGER_RTT_WriteDownBuffer
                0x0800de00       0x4c ./Thirdparty/SEGGER/SEGGER/SEGGER_RTT.o
                0x0800de00                SEGGER_RTT_WriteDownBuffer
 .text.SEGGER_RTT_Write
                0x0800de4c       0x4c ./Thirdparty/SEGGER/SEGGER/SEGGER_RTT.o
                0x0800de4c                SEGGER_RTT_Write
 .text.SEGGER_RTT_AllocUpBuffer
                0x0800de98      0x108 ./Thirdparty/SEGGER/SEGGER/SEGGER_RTT.o
                0x0800de98                SEGGER_RTT_AllocUpBuffer
 .text.SEGGER_RTT_ConfigDownBuffer
                0x0800dfa0       0x98 ./Thirdparty/SEGGER/SEGGER/SEGGER_RTT.o
                0x0800dfa0                SEGGER_RTT_ConfigDownBuffer
 .text._EncodeStr
                0x0800e038       0x60 ./Thirdparty/SEGGER/SEGGER/SEGGER_SYSVIEW.o
 .text._PreparePacket
                0x0800e098       0x18 ./Thirdparty/SEGGER/SEGGER/SEGGER_SYSVIEW.o
 .text._HandleIncomingPacket
                0x0800e0b0       0xdc ./Thirdparty/SEGGER/SEGGER/SEGGER_SYSVIEW.o
 .text._TrySendOverflowPacket
                0x0800e18c       0xe8 ./Thirdparty/SEGGER/SEGGER/SEGGER_SYSVIEW.o
 .text._SendPacket
                0x0800e274      0x2e0 ./Thirdparty/SEGGER/SEGGER/SEGGER_SYSVIEW.o
 .text.SEGGER_SYSVIEW_Init
                0x0800e554       0x88 ./Thirdparty/SEGGER/SEGGER/SEGGER_SYSVIEW.o
                0x0800e554                SEGGER_SYSVIEW_Init
 .text.SEGGER_SYSVIEW_SetRAMBase
                0x0800e5dc       0x20 ./Thirdparty/SEGGER/SEGGER/SEGGER_SYSVIEW.o
                0x0800e5dc                SEGGER_SYSVIEW_SetRAMBase
 .text.SEGGER_SYSVIEW_RecordVoid
                0x0800e5fc       0x3c ./Thirdparty/SEGGER/SEGGER/SEGGER_SYSVIEW.o
                0x0800e5fc                SEGGER_SYSVIEW_RecordVoid
 .text.SEGGER_SYSVIEW_RecordU32
                0x0800e638       0x78 ./Thirdparty/SEGGER/SEGGER/SEGGER_SYSVIEW.o
                0x0800e638                SEGGER_SYSVIEW_RecordU32
 .text.SEGGER_SYSVIEW_RecordU32x2
                0x0800e6b0       0xb4 ./Thirdparty/SEGGER/SEGGER/SEGGER_SYSVIEW.o
                0x0800e6b0                SEGGER_SYSVIEW_RecordU32x2
 .text.SEGGER_SYSVIEW_Start
                0x0800e764      0x178 ./Thirdparty/SEGGER/SEGGER/SEGGER_SYSVIEW.o
                0x0800e764                SEGGER_SYSVIEW_Start
 .text.SEGGER_SYSVIEW_Stop
                0x0800e8dc       0x4c ./Thirdparty/SEGGER/SEGGER/SEGGER_SYSVIEW.o
                0x0800e8dc                SEGGER_SYSVIEW_Stop
 .text.SEGGER_SYSVIEW_GetSysDesc
                0x0800e928      0x134 ./Thirdparty/SEGGER/SEGGER/SEGGER_SYSVIEW.o
                0x0800e928                SEGGER_SYSVIEW_GetSysDesc
 .text.SEGGER_SYSVIEW_SendTaskInfo
                0x0800ea5c      0x1c8 ./Thirdparty/SEGGER/SEGGER/SEGGER_SYSVIEW.o
                0x0800ea5c                SEGGER_SYSVIEW_SendTaskInfo
 .text.SEGGER_SYSVIEW_SendTaskList
                0x0800ec24       0x28 ./Thirdparty/SEGGER/SEGGER/SEGGER_SYSVIEW.o
                0x0800ec24                SEGGER_SYSVIEW_SendTaskList
 .text.SEGGER_SYSVIEW_SendSysDesc
                0x0800ec4c       0x48 ./Thirdparty/SEGGER/SEGGER/SEGGER_SYSVIEW.o
                0x0800ec4c                SEGGER_SYSVIEW_SendSysDesc
 .text.SEGGER_SYSVIEW_RecordSystime
                0x0800ec94       0x64 ./Thirdparty/SEGGER/SEGGER/SEGGER_SYSVIEW.o
                0x0800ec94                SEGGER_SYSVIEW_RecordSystime
 .text.SEGGER_SYSVIEW_RecordEnterISR
                0x0800ecf8       0x84 ./Thirdparty/SEGGER/SEGGER/SEGGER_SYSVIEW.o
                0x0800ecf8                SEGGER_SYSVIEW_RecordEnterISR
 .text.SEGGER_SYSVIEW_RecordExitISR
                0x0800ed7c       0x38 ./Thirdparty/SEGGER/SEGGER/SEGGER_SYSVIEW.o
                0x0800ed7c                SEGGER_SYSVIEW_RecordExitISR
 .text.SEGGER_SYSVIEW_RecordExitISRToScheduler
                0x0800edb4       0x38 ./Thirdparty/SEGGER/SEGGER/SEGGER_SYSVIEW.o
                0x0800edb4                SEGGER_SYSVIEW_RecordExitISRToScheduler
 .text.SEGGER_SYSVIEW_RecordEndCall
                0x0800edec       0x78 ./Thirdparty/SEGGER/SEGGER/SEGGER_SYSVIEW.o
                0x0800edec                SEGGER_SYSVIEW_RecordEndCall
 .text.SEGGER_SYSVIEW_RecordEndCallU32
                0x0800ee64       0xb0 ./Thirdparty/SEGGER/SEGGER/SEGGER_SYSVIEW.o
                0x0800ee64                SEGGER_SYSVIEW_RecordEndCallU32
 .text.SEGGER_SYSVIEW_OnIdle
                0x0800ef14       0x38 ./Thirdparty/SEGGER/SEGGER/SEGGER_SYSVIEW.o
                0x0800ef14                SEGGER_SYSVIEW_OnIdle
 .text.SEGGER_SYSVIEW_OnTaskCreate
                0x0800ef4c       0x84 ./Thirdparty/SEGGER/SEGGER/SEGGER_SYSVIEW.o
                0x0800ef4c                SEGGER_SYSVIEW_OnTaskCreate
 .text.SEGGER_SYSVIEW_OnTaskStartExec
                0x0800efd0       0x84 ./Thirdparty/SEGGER/SEGGER/SEGGER_SYSVIEW.o
                0x0800efd0                SEGGER_SYSVIEW_OnTaskStartExec
 .text.SEGGER_SYSVIEW_OnTaskStartReady
                0x0800f054       0x84 ./Thirdparty/SEGGER/SEGGER/SEGGER_SYSVIEW.o
                0x0800f054                SEGGER_SYSVIEW_OnTaskStartReady
 .text.SEGGER_SYSVIEW_OnTaskStopReady
                0x0800f0d8       0xc0 ./Thirdparty/SEGGER/SEGGER/SEGGER_SYSVIEW.o
                0x0800f0d8                SEGGER_SYSVIEW_OnTaskStopReady
 .text.SEGGER_SYSVIEW_ShrinkId
                0x0800f198       0x20 ./Thirdparty/SEGGER/SEGGER/SEGGER_SYSVIEW.o
                0x0800f198                SEGGER_SYSVIEW_ShrinkId
 .text.SEGGER_SYSVIEW_SendModule
                0x0800f1b8      0x114 ./Thirdparty/SEGGER/SEGGER/SEGGER_SYSVIEW.o
                0x0800f1b8                SEGGER_SYSVIEW_SendModule
 .text.SEGGER_SYSVIEW_SendModuleDescription
                0x0800f2cc       0x3c ./Thirdparty/SEGGER/SEGGER/SEGGER_SYSVIEW.o
                0x0800f2cc                SEGGER_SYSVIEW_SendModuleDescription
 .text.SEGGER_SYSVIEW_SendNumModules
                0x0800f308       0x7c ./Thirdparty/SEGGER/SEGGER/SEGGER_SYSVIEW.o
                0x0800f308                SEGGER_SYSVIEW_SendNumModules
 .text.SEGGER_SYSVIEW_Print
                0x0800f384       0xb8 ./Thirdparty/SEGGER/SEGGER/SEGGER_SYSVIEW.o
                0x0800f384                SEGGER_SYSVIEW_Print
 .text.SEGGER_SYSVIEW_Warn
                0x0800f43c       0xb8 ./Thirdparty/SEGGER/SEGGER/SEGGER_SYSVIEW.o
                0x0800f43c                SEGGER_SYSVIEW_Warn
 .text.SEGGER_SYSVIEW_Error
                0x0800f4f4       0xb8 ./Thirdparty/SEGGER/SEGGER/SEGGER_SYSVIEW.o
                0x0800f4f4                SEGGER_SYSVIEW_Error
 .text.SEGGER_SYSVIEW_IsStarted
                0x0800f5ac       0x5c ./Thirdparty/SEGGER/SEGGER/SEGGER_SYSVIEW.o
                0x0800f5ac                SEGGER_SYSVIEW_IsStarted
 .text._write_r
                0x0800f608       0x22 ./Thirdparty/SEGGER/SEGGER/Syscalls/SEGGER_RTT_Syscalls_GCC.o
                0x0800f608                _write_r
 .text.atof     0x0800f62a        0x6 C:/ST/STM32CubeIDE_1.19.0/STM32CubeIDE/plugins/com.st.stm32cube.ide.mcu.externaltools.gnu-tools-for-stm32.13.3.rel1.win32_1.0.100.202509120712/tools/bin/../lib/gcc/arm-none-eabi/13.3.1/../../../../arm-none-eabi/lib/thumb/v7e-m+fp/hard\libc_nano.a(libc_a-atof.o)
                0x0800f62a                atof
 .text.sulp     0x0800f630       0x3c C:/ST/STM32CubeIDE_1.19.0/STM32CubeIDE/plugins/com.st.stm32cube.ide.mcu.externaltools.gnu-tools-for-stm32.13.3.rel1.win32_1.0.100.202509120712/tools/bin/../lib/gcc/arm-none-eabi/13.3.1/../../../../arm-none-eabi/lib/thumb/v7e-m+fp/hard\libc_nano.a(libc_a-strtod.o)
 *fill*         0x0800f66c        0x4 
 .text._strtod_l
                0x0800f670      0xbc8 C:/ST/STM32CubeIDE_1.19.0/STM32CubeIDE/plugins/com.st.stm32cube.ide.mcu.externaltools.gnu-tools-for-stm32.13.3.rel1.win32_1.0.100.202509120712/tools/bin/../lib/gcc/arm-none-eabi/13.3.1/../../../../arm-none-eabi/lib/thumb/v7e-m+fp/hard\libc_nano.a(libc_a-strtod.o)
                0x0800f670                _strtod_l
 .text.strtod   0x08010238       0x18 C:/ST/STM32CubeIDE_1.19.0/STM32CubeIDE/plugins/com.st.stm32cube.ide.mcu.externaltools.gnu-tools-for-stm32.13.3.rel1.win32_1.0.100.202509120712/tools/bin/../lib/gcc/arm-none-eabi/13.3.1/../../../../arm-none-eabi/lib/thumb/v7e-m+fp/hard\libc_nano.a(libc_a-strtod.o)
                0x08010238                strtod
 .text.__cvt    0x08010250       0xca C:/ST/STM32CubeIDE_1.19.0/STM32CubeIDE/plugins/com.st.stm32cube.ide.mcu.externaltools.gnu-tools-for-stm32.13.3.rel1.win32_1.0.100.202509120712/tools/bin/../lib/gcc/arm-none-eabi/13.3.1/../../../../arm-none-eabi/lib/thumb/v7e-m+fp/hard\libc_nano.a(libc_a-nano-vfprintf_float.o)
                0x08010250                __cvt
 .text.__exponent
                0x0801031a       0x74 C:/ST/STM32CubeIDE_1.19.0/STM32CubeIDE/plugins/com.st.stm32cube.ide.mcu.externaltools.gnu-tools-for-stm32.13.3.rel1.win32_1.0.100.202509120712/tools/bin/../lib/gcc/arm-none-eabi/13.3.1/../../../../arm-none-eabi/lib/thumb/v7e-m+fp/hard\libc_nano.a(libc_a-nano-vfprintf_float.o)
                0x0801031a                __exponent
 *fill*         0x0801038e        0x2 
 .text._printf_float
                0x08010390      0x454 C:/ST/STM32CubeIDE_1.19.0/STM32CubeIDE/plugins/com.st.stm32cube.ide.mcu.externaltools.gnu-tools-for-stm32.13.3.rel1.win32_1.0.100.202509120712/tools/bin/../lib/gcc/arm-none-eabi/13.3.1/../../../../arm-none-eabi/lib/thumb/v7e-m+fp/hard\libc_nano.a(libc_a-nano-vfprintf_float.o)
                0x08010390                _printf_float
 .text._printf_common
                0x080107e4       0xda C:/ST/STM32CubeIDE_1.19.0/STM32CubeIDE/plugins/com.st.stm32cube.ide.mcu.externaltools.gnu-tools-for-stm32.13.3.rel1.win32_1.0.100.202509120712/tools/bin/../lib/gcc/arm-none-eabi/13.3.1/../../../../arm-none-eabi/lib/thumb/v7e-m+fp/hard\libc_nano.a(libc_a-nano-vfprintf_i.o)
                0x080107e4                _printf_common
 *fill*         0x080108be        0x2 
 .text._printf_i
                0x080108c0      0x23c C:/ST/STM32CubeIDE_1.19.0/STM32CubeIDE/plugins/com.st.stm32cube.ide.mcu.externaltools.gnu-tools-for-stm32.13.3.rel1.win32_1.0.100.202509120712/tools/bin/../lib/gcc/arm-none-eabi/13.3.1/../../../../arm-none-eabi/lib/thumb/v7e-m+fp/hard\libc_nano.a(libc_a-nano-vfprintf_i.o)
                0x080108c0                _printf_i
 .text.std      0x08010afc       0x6c C:/ST/STM32CubeIDE_1.19.0/STM32CubeIDE/plugins/com.st.stm32cube.ide.mcu.externaltools.gnu-tools-for-stm32.13.3.rel1.win32_1.0.100.202509120712/tools/bin/../lib/gcc/arm-none-eabi/13.3.1/../../../../arm-none-eabi/lib/thumb/v7e-m+fp/hard\libc_nano.a(libc_a-findfp.o)
 .text.stdio_exit_handler
                0x08010b68       0x18 C:/ST/STM32CubeIDE_1.19.0/STM32CubeIDE/plugins/com.st.stm32cube.ide.mcu.externaltools.gnu-tools-for-stm32.13.3.rel1.win32_1.0.100.202509120712/tools/bin/../lib/gcc/arm-none-eabi/13.3.1/../../../../arm-none-eabi/lib/thumb/v7e-m+fp/hard\libc_nano.a(libc_a-findfp.o)
 .text.cleanup_stdio
                0x08010b80       0x40 C:/ST/STM32CubeIDE_1.19.0/STM32CubeIDE/plugins/com.st.stm32cube.ide.mcu.externaltools.gnu-tools-for-stm32.13.3.rel1.win32_1.0.100.202509120712/tools/bin/../lib/gcc/arm-none-eabi/13.3.1/../../../../arm-none-eabi/lib/thumb/v7e-m+fp/hard\libc_nano.a(libc_a-findfp.o)
 .text.global_stdio_init.part.0
                0x08010bc0       0x3c C:/ST/STM32CubeIDE_1.19.0/STM32CubeIDE/plugins/com.st.stm32cube.ide.mcu.externaltools.gnu-tools-for-stm32.13.3.rel1.win32_1.0.100.202509120712/tools/bin/../lib/gcc/arm-none-eabi/13.3.1/../../../../arm-none-eabi/lib/thumb/v7e-m+fp/hard\libc_nano.a(libc_a-findfp.o)
 .text.__sfp_lock_acquire
                0x08010bfc        0xc C:/ST/STM32CubeIDE_1.19.0/STM32CubeIDE/plugins/com.st.stm32cube.ide.mcu.externaltools.gnu-tools-for-stm32.13.3.rel1.win32_1.0.100.202509120712/tools/bin/../lib/gcc/arm-none-eabi/13.3.1/../../../../arm-none-eabi/lib/thumb/v7e-m+fp/hard\libc_nano.a(libc_a-findfp.o)
                0x08010bfc                __sfp_lock_acquire
 .text.__sfp_lock_release
                0x08010c08        0xc C:/ST/STM32CubeIDE_1.19.0/STM32CubeIDE/plugins/com.st.stm32cube.ide.mcu.externaltools.gnu-tools-for-stm32.13.3.rel1.win32_1.0.100.202509120712/tools/bin/../lib/gcc/arm-none-eabi/13.3.1/../../../../arm-none-eabi/lib/thumb/v7e-m+fp/hard\libc_nano.a(libc_a-findfp.o)
                0x08010c08                __sfp_lock_release
 .text.__sinit  0x08010c14       0x30 C:/ST/STM32CubeIDE_1.19.0/STM32CubeIDE/plugins/com.st.stm32cube.ide.mcu.externaltools.gnu-tools-for-stm32.13.3.rel1.win32_1.0.100.202509120712/tools/bin/../lib/gcc/arm-none-eabi/13.3.1/../../../../arm-none-eabi/lib/thumb/v7e-m+fp/hard\libc_nano.a(libc_a-findfp.o)
                0x08010c14                __sinit
 .text._fwalk_sglue
                0x08010c44       0x3c C:/ST/STM32CubeIDE_1.19.0/STM32CubeIDE/plugins/com.st.stm32cube.ide.mcu.externaltools.gnu-tools-for-stm32.13.3.rel1.win32_1.0.100.202509120712/tools/bin/../lib/gcc/arm-none-eabi/13.3.1/../../../../arm-none-eabi/lib/thumb/v7e-m+fp/hard\libc_nano.a(libc_a-fwalk.o)
                0x08010c44                _fwalk_sglue
 .text.__sread  0x08010c80       0x22 C:/ST/STM32CubeIDE_1.19.0/STM32CubeIDE/plugins/com.st.stm32cube.ide.mcu.externaltools.gnu-tools-for-stm32.13.3.rel1.win32_1.0.100.202509120712/tools/bin/../lib/gcc/arm-none-eabi/13.3.1/../../../../arm-none-eabi/lib/thumb/v7e-m+fp/hard\libc_nano.a(libc_a-stdio.o)
                0x08010c80                __sread
 .text.__swrite
                0x08010ca2       0x38 C:/ST/STM32CubeIDE_1.19.0/STM32CubeIDE/plugins/com.st.stm32cube.ide.mcu.externaltools.gnu-tools-for-stm32.13.3.rel1.win32_1.0.100.202509120712/tools/bin/../lib/gcc/arm-none-eabi/13.3.1/../../../../arm-none-eabi/lib/thumb/v7e-m+fp/hard\libc_nano.a(libc_a-stdio.o)
                0x08010ca2                __swrite
 .text.__sseek  0x08010cda       0x24 C:/ST/STM32CubeIDE_1.19.0/STM32CubeIDE/plugins/com.st.stm32cube.ide.mcu.externaltools.gnu-tools-for-stm32.13.3.rel1.win32_1.0.100.202509120712/tools/bin/../lib/gcc/arm-none-eabi/13.3.1/../../../../arm-none-eabi/lib/thumb/v7e-m+fp/hard\libc_nano.a(libc_a-stdio.o)
                0x08010cda                __sseek
 .text.__sclose
                0x08010cfe        0x8 C:/ST/STM32CubeIDE_1.19.0/STM32CubeIDE/plugins/com.st.stm32cube.ide.mcu.externaltools.gnu-tools-for-stm32.13.3.rel1.win32_1.0.100.202509120712/tools/bin/../lib/gcc/arm-none-eabi/13.3.1/../../../../arm-none-eabi/lib/thumb/v7e-m+fp/hard\libc_nano.a(libc_a-stdio.o)
                0x08010cfe                __sclose
 .text.memcmp   0x08010d06       0x20 C:/ST/STM32CubeIDE_1.19.0/STM32CubeIDE/plugins/com.st.stm32cube.ide.mcu.externaltools.gnu-tools-for-stm32.13.3.rel1.win32_1.0.100.202509120712/tools/bin/../lib/gcc/arm-none-eabi/13.3.1/../../../../arm-none-eabi/lib/thumb/v7e-m+fp/hard\libc_nano.a(libc_a-memcmp.o)
                0x08010d06                memcmp
 .text.memset   0x08010d26       0x10 C:/ST/STM32CubeIDE_1.19.0/STM32CubeIDE/plugins/com.st.stm32cube.ide.mcu.externaltools.gnu-tools-for-stm32.13.3.rel1.win32_1.0.100.202509120712/tools/bin/../lib/gcc/arm-none-eabi/13.3.1/../../../../arm-none-eabi/lib/thumb/v7e-m+fp/hard\libc_nano.a(libc_a-memset.o)
                0x08010d26                memset
 .text.strncmp  0x08010d36       0x24 C:/ST/STM32CubeIDE_1.19.0/STM32CubeIDE/plugins/com.st.stm32cube.ide.mcu.externaltools.gnu-tools-for-stm32.13.3.rel1.win32_1.0.100.202509120712/tools/bin/../lib/gcc/arm-none-eabi/13.3.1/../../../../arm-none-eabi/lib/thumb/v7e-m+fp/hard\libc_nano.a(libc_a-strncmp.o)
                0x08010d36                strncmp
 *fill*         0x08010d5a        0x2 
 .text.strtok   0x08010d5c       0x68 C:/ST/STM32CubeIDE_1.19.0/STM32CubeIDE/plugins/com.st.stm32cube.ide.mcu.externaltools.gnu-tools-for-stm32.13.3.rel1.win32_1.0.100.202509120712/tools/bin/../lib/gcc/arm-none-eabi/13.3.1/../../../../arm-none-eabi/lib/thumb/v7e-m+fp/hard\libc_nano.a(libc_a-strtok.o)
                0x08010d5c                strtok
 .text.__strtok_r
                0x08010dc4       0x50 C:/ST/STM32CubeIDE_1.19.0/STM32CubeIDE/plugins/com.st.stm32cube.ide.mcu.externaltools.gnu-tools-for-stm32.13.3.rel1.win32_1.0.100.202509120712/tools/bin/../lib/gcc/arm-none-eabi/13.3.1/../../../../arm-none-eabi/lib/thumb/v7e-m+fp/hard\libc_nano.a(libc_a-strtok_r.o)
                0x08010dc4                __strtok_r
 .text._localeconv_r
                0x08010e14        0x8 C:/ST/STM32CubeIDE_1.19.0/STM32CubeIDE/plugins/com.st.stm32cube.ide.mcu.externaltools.gnu-tools-for-stm32.13.3.rel1.win32_1.0.100.202509120712/tools/bin/../lib/gcc/arm-none-eabi/13.3.1/../../../../arm-none-eabi/lib/thumb/v7e-m+fp/hard\libc_nano.a(libc_a-localeconv.o)
                0x08010e14                _localeconv_r
 .text._close_r
                0x08010e1c       0x20 C:/ST/STM32CubeIDE_1.19.0/STM32CubeIDE/plugins/com.st.stm32cube.ide.mcu.externaltools.gnu-tools-for-stm32.13.3.rel1.win32_1.0.100.202509120712/tools/bin/../lib/gcc/arm-none-eabi/13.3.1/../../../../arm-none-eabi/lib/thumb/v7e-m+fp/hard\libc_nano.a(libc_a-closer.o)
                0x08010e1c                _close_r
 .text._lseek_r
                0x08010e3c       0x24 C:/ST/STM32CubeIDE_1.19.0/STM32CubeIDE/plugins/com.st.stm32cube.ide.mcu.externaltools.gnu-tools-for-stm32.13.3.rel1.win32_1.0.100.202509120712/tools/bin/../lib/gcc/arm-none-eabi/13.3.1/../../../../arm-none-eabi/lib/thumb/v7e-m+fp/hard\libc_nano.a(libc_a-lseekr.o)
                0x08010e3c                _lseek_r
 .text._read_r  0x08010e60       0x24 C:/ST/STM32CubeIDE_1.19.0/STM32CubeIDE/plugins/com.st.stm32cube.ide.mcu.externaltools.gnu-tools-for-stm32.13.3.rel1.win32_1.0.100.202509120712/tools/bin/../lib/gcc/arm-none-eabi/13.3.1/../../../../arm-none-eabi/lib/thumb/v7e-m+fp/hard\libc_nano.a(libc_a-readr.o)
                0x08010e60                _read_r
 .text.__errno  0x08010e84        0xc C:/ST/STM32CubeIDE_1.19.0/STM32CubeIDE/plugins/com.st.stm32cube.ide.mcu.externaltools.gnu-tools-for-stm32.13.3.rel1.win32_1.0.100.202509120712/tools/bin/../lib/gcc/arm-none-eabi/13.3.1/../../../../arm-none-eabi/lib/thumb/v7e-m+fp/hard\libc_nano.a(libc_a-errno.o)
                0x08010e84                __errno
 .text.__libc_init_array
                0x08010e90       0x48 C:/ST/STM32CubeIDE_1.19.0/STM32CubeIDE/plugins/com.st.stm32cube.ide.mcu.externaltools.gnu-tools-for-stm32.13.3.rel1.win32_1.0.100.202509120712/tools/bin/../lib/gcc/arm-none-eabi/13.3.1/../../../../arm-none-eabi/lib/thumb/v7e-m+fp/hard\libc_nano.a(libc_a-init.o)
                0x08010e90                __libc_init_array
 .text.__retarget_lock_init_recursive
                0x08010ed8        0x2 C:/ST/STM32CubeIDE_1.19.0/STM32CubeIDE/plugins/com.st.stm32cube.ide.mcu.externaltools.gnu-tools-for-stm32.13.3.rel1.win32_1.0.100.202509120712/tools/bin/../lib/gcc/arm-none-eabi/13.3.1/../../../../arm-none-eabi/lib/thumb/v7e-m+fp/hard\libc_nano.a(libc_a-lock.o)
                0x08010ed8                __retarget_lock_init_recursive
 .text.__retarget_lock_acquire_recursive
                0x08010eda        0x2 C:/ST/STM32CubeIDE_1.19.0/STM32CubeIDE/plugins/com.st.stm32cube.ide.mcu.externaltools.gnu-tools-for-stm32.13.3.rel1.win32_1.0.100.202509120712/tools/bin/../lib/gcc/arm-none-eabi/13.3.1/../../../../arm-none-eabi/lib/thumb/v7e-m+fp/hard\libc_nano.a(libc_a-lock.o)
                0x08010eda                __retarget_lock_acquire_recursive
 .text.__retarget_lock_release_recursive
                0x08010edc        0x2 C:/ST/STM32CubeIDE_1.19.0/STM32CubeIDE/plugins/com.st.stm32cube.ide.mcu.externaltools.gnu-tools-for-stm32.13.3.rel1.win32_1.0.100.202509120712/tools/bin/../lib/gcc/arm-none-eabi/13.3.1/../../../../arm-none-eabi/lib/thumb/v7e-m+fp/hard\libc_nano.a(libc_a-lock.o)
                0x08010edc                __retarget_lock_release_recursive
 .text.strcpy   0x08010ede       0x10 C:/ST/STM32CubeIDE_1.19.0/STM32CubeIDE/plugins/com.st.stm32cube.ide.mcu.externaltools.gnu-tools-for-stm32.13.3.rel1.win32_1.0.100.202509120712/tools/bin/../lib/gcc/arm-none-eabi/13.3.1/../../../../arm-none-eabi/lib/thumb/v7e-m+fp/hard\libc_nano.a(libc_a-strcpy.o)
                0x08010ede                strcpy
 .text.memcpy   0x08010eee       0x1c C:/ST/STM32CubeIDE_1.19.0/STM32CubeIDE/plugins/com.st.stm32cube.ide.mcu.externaltools.gnu-tools-for-stm32.13.3.rel1.win32_1.0.100.202509120712/tools/bin/../lib/gcc/arm-none-eabi/13.3.1/../../../../arm-none-eabi/lib/thumb/v7e-m+fp/hard\libc_nano.a(libc_a-memcpy-stub.o)
                0x08010eee                memcpy
 *fill*         0x08010f0a        0x6 
 .text.nan      0x08010f10       0x10 C:/ST/STM32CubeIDE_1.19.0/STM32CubeIDE/plugins/com.st.stm32cube.ide.mcu.externaltools.gnu-tools-for-stm32.13.3.rel1.win32_1.0.100.202509120712/tools/bin/../lib/gcc/arm-none-eabi/13.3.1/../../../../arm-none-eabi/lib/thumb/v7e-m+fp/hard\libc_nano.a(libm_a-s_nan.o)
                0x08010f10                nan
 .text.__assert_func
                0x08010f20       0x3c C:/ST/STM32CubeIDE_1.19.0/STM32CubeIDE/plugins/com.st.stm32cube.ide.mcu.externaltools.gnu-tools-for-stm32.13.3.rel1.win32_1.0.100.202509120712/tools/bin/../lib/gcc/arm-none-eabi/13.3.1/../../../../arm-none-eabi/lib/thumb/v7e-m+fp/hard\libc_nano.a(libc_a-assert.o)
                0x08010f20                __assert_func
 .text.quorem   0x08010f5c      0x110 C:/ST/STM32CubeIDE_1.19.0/STM32CubeIDE/plugins/com.st.stm32cube.ide.mcu.externaltools.gnu-tools-for-stm32.13.3.rel1.win32_1.0.100.202509120712/tools/bin/../lib/gcc/arm-none-eabi/13.3.1/../../../../arm-none-eabi/lib/thumb/v7e-m+fp/hard\libc_nano.a(libc_a-dtoa.o)
 *fill*         0x0801106c        0x4 
 .text._dtoa_r  0x08011070      0xba0 C:/ST/STM32CubeIDE_1.19.0/STM32CubeIDE/plugins/com.st.stm32cube.ide.mcu.externaltools.gnu-tools-for-stm32.13.3.rel1.win32_1.0.100.202509120712/tools/bin/../lib/gcc/arm-none-eabi/13.3.1/../../../../arm-none-eabi/lib/thumb/v7e-m+fp/hard\libc_nano.a(libc_a-dtoa.o)
                0x08011070                _dtoa_r
 .text._free_r  0x08011c10       0x94 C:/ST/STM32CubeIDE_1.19.0/STM32CubeIDE/plugins/com.st.stm32cube.ide.mcu.externaltools.gnu-tools-for-stm32.13.3.rel1.win32_1.0.100.202509120712/tools/bin/../lib/gcc/arm-none-eabi/13.3.1/../../../../arm-none-eabi/lib/thumb/v7e-m+fp/hard\libc_nano.a(libc_a-freer.o)
                0x08011c10                _free_r
 .text.rshift   0x08011ca4       0xa4 C:/ST/STM32CubeIDE_1.19.0/STM32CubeIDE/plugins/com.st.stm32cube.ide.mcu.externaltools.gnu-tools-for-stm32.13.3.rel1.win32_1.0.100.202509120712/tools/bin/../lib/gcc/arm-none-eabi/13.3.1/../../../../arm-none-eabi/lib/thumb/v7e-m+fp/hard\libc_nano.a(libc_a-gdtoa-gethex.o)
 .text.__hexdig_fun
                0x08011d48       0x2a C:/ST/STM32CubeIDE_1.19.0/STM32CubeIDE/plugins/com.st.stm32cube.ide.mcu.externaltools.gnu-tools-for-stm32.13.3.rel1.win32_1.0.100.202509120712/tools/bin/../lib/gcc/arm-none-eabi/13.3.1/../../../../arm-none-eabi/lib/thumb/v7e-m+fp/hard\libc_nano.a(libc_a-gdtoa-gethex.o)
                0x08011d48                __hexdig_fun
 *fill*         0x08011d72        0x2 
 .text.__gethex
                0x08011d74      0x420 C:/ST/STM32CubeIDE_1.19.0/STM32CubeIDE/plugins/com.st.stm32cube.ide.mcu.externaltools.gnu-tools-for-stm32.13.3.rel1.win32_1.0.100.202509120712/tools/bin/../lib/gcc/arm-none-eabi/13.3.1/../../../../arm-none-eabi/lib/thumb/v7e-m+fp/hard\libc_nano.a(libc_a-gdtoa-gethex.o)
                0x08011d74                __gethex
 .text.L_shift  0x08012194       0x24 C:/ST/STM32CubeIDE_1.19.0/STM32CubeIDE/plugins/com.st.stm32cube.ide.mcu.externaltools.gnu-tools-for-stm32.13.3.rel1.win32_1.0.100.202509120712/tools/bin/../lib/gcc/arm-none-eabi/13.3.1/../../../../arm-none-eabi/lib/thumb/v7e-m+fp/hard\libc_nano.a(libc_a-gdtoa-hexnan.o)
 .text.__match  0x080121b8       0x28 C:/ST/STM32CubeIDE_1.19.0/STM32CubeIDE/plugins/com.st.stm32cube.ide.mcu.externaltools.gnu-tools-for-stm32.13.3.rel1.win32_1.0.100.202509120712/tools/bin/../lib/gcc/arm-none-eabi/13.3.1/../../../../arm-none-eabi/lib/thumb/v7e-m+fp/hard\libc_nano.a(libc_a-gdtoa-hexnan.o)
                0x080121b8                __match
 .text.__hexnan
                0x080121e0      0x136 C:/ST/STM32CubeIDE_1.19.0/STM32CubeIDE/plugins/com.st.stm32cube.ide.mcu.externaltools.gnu-tools-for-stm32.13.3.rel1.win32_1.0.100.202509120712/tools/bin/../lib/gcc/arm-none-eabi/13.3.1/../../../../arm-none-eabi/lib/thumb/v7e-m+fp/hard\libc_nano.a(libc_a-gdtoa-hexnan.o)
                0x080121e0                __hexnan
 *fill*         0x08012316        0x2 
 .text.malloc   0x08012318       0x10 C:/ST/STM32CubeIDE_1.19.0/STM32CubeIDE/plugins/com.st.stm32cube.ide.mcu.externaltools.gnu-tools-for-stm32.13.3.rel1.win32_1.0.100.202509120712/tools/bin/../lib/gcc/arm-none-eabi/13.3.1/../../../../arm-none-eabi/lib/thumb/v7e-m+fp/hard\libc_nano.a(libc_a-malloc.o)
                0x08012318                malloc
 .text.sbrk_aligned
                0x08012328       0x44 C:/ST/STM32CubeIDE_1.19.0/STM32CubeIDE/plugins/com.st.stm32cube.ide.mcu.externaltools.gnu-tools-for-stm32.13.3.rel1.win32_1.0.100.202509120712/tools/bin/../lib/gcc/arm-none-eabi/13.3.1/../../../../arm-none-eabi/lib/thumb/v7e-m+fp/hard\libc_nano.a(libc_a-mallocr.o)
 .text._malloc_r
                0x0801236c      0x100 C:/ST/STM32CubeIDE_1.19.0/STM32CubeIDE/plugins/com.st.stm32cube.ide.mcu.externaltools.gnu-tools-for-stm32.13.3.rel1.win32_1.0.100.202509120712/tools/bin/../lib/gcc/arm-none-eabi/13.3.1/../../../../arm-none-eabi/lib/thumb/v7e-m+fp/hard\libc_nano.a(libc_a-mallocr.o)
                0x0801236c                _malloc_r
 .text.__ascii_mbtowc
                0x0801246c       0x24 C:/ST/STM32CubeIDE_1.19.0/STM32CubeIDE/plugins/com.st.stm32cube.ide.mcu.externaltools.gnu-tools-for-stm32.13.3.rel1.win32_1.0.100.202509120712/tools/bin/../lib/gcc/arm-none-eabi/13.3.1/../../../../arm-none-eabi/lib/thumb/v7e-m+fp/hard\libc_nano.a(libc_a-mbtowc_r.o)
                0x0801246c                __ascii_mbtowc
 .text.__malloc_lock
                0x08012490        0xc C:/ST/STM32CubeIDE_1.19.0/STM32CubeIDE/plugins/com.st.stm32cube.ide.mcu.externaltools.gnu-tools-for-stm32.13.3.rel1.win32_1.0.100.202509120712/tools/bin/../lib/gcc/arm-none-eabi/13.3.1/../../../../arm-none-eabi/lib/thumb/v7e-m+fp/hard\libc_nano.a(libc_a-mlock.o)
                0x08012490                __malloc_lock
 .text.__malloc_unlock
                0x0801249c        0xc C:/ST/STM32CubeIDE_1.19.0/STM32CubeIDE/plugins/com.st.stm32cube.ide.mcu.externaltools.gnu-tools-for-stm32.13.3.rel1.win32_1.0.100.202509120712/tools/bin/../lib/gcc/arm-none-eabi/13.3.1/../../../../arm-none-eabi/lib/thumb/v7e-m+fp/hard\libc_nano.a(libc_a-mlock.o)
                0x0801249c                __malloc_unlock
 .text._Balloc  0x080124a8       0x80 C:/ST/STM32CubeIDE_1.19.0/STM32CubeIDE/plugins/com.st.stm32cube.ide.mcu.externaltools.gnu-tools-for-stm32.13.3.rel1.win32_1.0.100.202509120712/tools/bin/../lib/gcc/arm-none-eabi/13.3.1/../../../../arm-none-eabi/lib/thumb/v7e-m+fp/hard\libc_nano.a(libc_a-mprec.o)
                0x080124a8                _Balloc
 .text._Bfree   0x08012528       0x44 C:/ST/STM32CubeIDE_1.19.0/STM32CubeIDE/plugins/com.st.stm32cube.ide.mcu.externaltools.gnu-tools-for-stm32.13.3.rel1.win32_1.0.100.202509120712/tools/bin/../lib/gcc/arm-none-eabi/13.3.1/../../../../arm-none-eabi/lib/thumb/v7e-m+fp/hard\libc_nano.a(libc_a-mprec.o)
                0x08012528                _Bfree
 .text.__multadd
                0x0801256c       0x8c C:/ST/STM32CubeIDE_1.19.0/STM32CubeIDE/plugins/com.st.stm32cube.ide.mcu.externaltools.gnu-tools-for-stm32.13.3.rel1.win32_1.0.100.202509120712/tools/bin/../lib/gcc/arm-none-eabi/13.3.1/../../../../arm-none-eabi/lib/thumb/v7e-m+fp/hard\libc_nano.a(libc_a-mprec.o)
                0x0801256c                __multadd
 .text.__s2b    0x080125f8       0x94 C:/ST/STM32CubeIDE_1.19.0/STM32CubeIDE/plugins/com.st.stm32cube.ide.mcu.externaltools.gnu-tools-for-stm32.13.3.rel1.win32_1.0.100.202509120712/tools/bin/../lib/gcc/arm-none-eabi/13.3.1/../../../../arm-none-eabi/lib/thumb/v7e-m+fp/hard\libc_nano.a(libc_a-mprec.o)
                0x080125f8                __s2b
 .text.__hi0bits
                0x0801268c       0x3e C:/ST/STM32CubeIDE_1.19.0/STM32CubeIDE/plugins/com.st.stm32cube.ide.mcu.externaltools.gnu-tools-for-stm32.13.3.rel1.win32_1.0.100.202509120712/tools/bin/../lib/gcc/arm-none-eabi/13.3.1/../../../../arm-none-eabi/lib/thumb/v7e-m+fp/hard\libc_nano.a(libc_a-mprec.o)
                0x0801268c                __hi0bits
 .text.__lo0bits
                0x080126ca       0x5a C:/ST/STM32CubeIDE_1.19.0/STM32CubeIDE/plugins/com.st.stm32cube.ide.mcu.externaltools.gnu-tools-for-stm32.13.3.rel1.win32_1.0.100.202509120712/tools/bin/../lib/gcc/arm-none-eabi/13.3.1/../../../../arm-none-eabi/lib/thumb/v7e-m+fp/hard\libc_nano.a(libc_a-mprec.o)
                0x080126ca                __lo0bits
 .text.__i2b    0x08012724       0x2c C:/ST/STM32CubeIDE_1.19.0/STM32CubeIDE/plugins/com.st.stm32cube.ide.mcu.externaltools.gnu-tools-for-stm32.13.3.rel1.win32_1.0.100.202509120712/tools/bin/../lib/gcc/arm-none-eabi/13.3.1/../../../../arm-none-eabi/lib/thumb/v7e-m+fp/hard\libc_nano.a(libc_a-mprec.o)
                0x08012724                __i2b
 .text.__multiply
                0x08012750      0x144 C:/ST/STM32CubeIDE_1.19.0/STM32CubeIDE/plugins/com.st.stm32cube.ide.mcu.externaltools.gnu-tools-for-stm32.13.3.rel1.win32_1.0.100.202509120712/tools/bin/../lib/gcc/arm-none-eabi/13.3.1/../../../../arm-none-eabi/lib/thumb/v7e-m+fp/hard\libc_nano.a(libc_a-mprec.o)
                0x08012750                __multiply
 .text.__pow5mult
                0x08012894       0xb4 C:/ST/STM32CubeIDE_1.19.0/STM32CubeIDE/plugins/com.st.stm32cube.ide.mcu.externaltools.gnu-tools-for-stm32.13.3.rel1.win32_1.0.100.202509120712/tools/bin/../lib/gcc/arm-none-eabi/13.3.1/../../../../arm-none-eabi/lib/thumb/v7e-m+fp/hard\libc_nano.a(libc_a-mprec.o)
                0x08012894                __pow5mult
 .text.__lshift
                0x08012948       0xd8 C:/ST/STM32CubeIDE_1.19.0/STM32CubeIDE/plugins/com.st.stm32cube.ide.mcu.externaltools.gnu-tools-for-stm32.13.3.rel1.win32_1.0.100.202509120712/tools/bin/../lib/gcc/arm-none-eabi/13.3.1/../../../../arm-none-eabi/lib/thumb/v7e-m+fp/hard\libc_nano.a(libc_a-mprec.o)
                0x08012948                __lshift
 .text.__mcmp   0x08012a20       0x36 C:/ST/STM32CubeIDE_1.19.0/STM32CubeIDE/plugins/com.st.stm32cube.ide.mcu.externaltools.gnu-tools-for-stm32.13.3.rel1.win32_1.0.100.202509120712/tools/bin/../lib/gcc/arm-none-eabi/13.3.1/../../../../arm-none-eabi/lib/thumb/v7e-m+fp/hard\libc_nano.a(libc_a-mprec.o)
                0x08012a20                __mcmp
 *fill*         0x08012a56        0x2 
 .text.__mdiff  0x08012a58      0x128 C:/ST/STM32CubeIDE_1.19.0/STM32CubeIDE/plugins/com.st.stm32cube.ide.mcu.externaltools.gnu-tools-for-stm32.13.3.rel1.win32_1.0.100.202509120712/tools/bin/../lib/gcc/arm-none-eabi/13.3.1/../../../../arm-none-eabi/lib/thumb/v7e-m+fp/hard\libc_nano.a(libc_a-mprec.o)
                0x08012a58                __mdiff
 .text.__ulp    0x08012b80       0x4c C:/ST/STM32CubeIDE_1.19.0/STM32CubeIDE/plugins/com.st.stm32cube.ide.mcu.externaltools.gnu-tools-for-stm32.13.3.rel1.win32_1.0.100.202509120712/tools/bin/../lib/gcc/arm-none-eabi/13.3.1/../../../../arm-none-eabi/lib/thumb/v7e-m+fp/hard\libc_nano.a(libc_a-mprec.o)
                0x08012b80                __ulp
 .text.__b2d    0x08012bcc       0x94 C:/ST/STM32CubeIDE_1.19.0/STM32CubeIDE/plugins/com.st.stm32cube.ide.mcu.externaltools.gnu-tools-for-stm32.13.3.rel1.win32_1.0.100.202509120712/tools/bin/../lib/gcc/arm-none-eabi/13.3.1/../../../../arm-none-eabi/lib/thumb/v7e-m+fp/hard\libc_nano.a(libc_a-mprec.o)
                0x08012bcc                __b2d
 .text.__d2b    0x08012c60       0xb0 C:/ST/STM32CubeIDE_1.19.0/STM32CubeIDE/plugins/com.st.stm32cube.ide.mcu.externaltools.gnu-tools-for-stm32.13.3.rel1.win32_1.0.100.202509120712/tools/bin/../lib/gcc/arm-none-eabi/13.3.1/../../../../arm-none-eabi/lib/thumb/v7e-m+fp/hard\libc_nano.a(libc_a-mprec.o)
                0x08012c60                __d2b
 .text.__ratio  0x08012d10       0x64 C:/ST/STM32CubeIDE_1.19.0/STM32CubeIDE/plugins/com.st.stm32cube.ide.mcu.externaltools.gnu-tools-for-stm32.13.3.rel1.win32_1.0.100.202509120712/tools/bin/../lib/gcc/arm-none-eabi/13.3.1/../../../../arm-none-eabi/lib/thumb/v7e-m+fp/hard\libc_nano.a(libc_a-mprec.o)
                0x08012d10                __ratio
 .text.__copybits
                0x08012d74       0x46 C:/ST/STM32CubeIDE_1.19.0/STM32CubeIDE/plugins/com.st.stm32cube.ide.mcu.externaltools.gnu-tools-for-stm32.13.3.rel1.win32_1.0.100.202509120712/tools/bin/../lib/gcc/arm-none-eabi/13.3.1/../../../../arm-none-eabi/lib/thumb/v7e-m+fp/hard\libc_nano.a(libc_a-mprec.o)
                0x08012d74                __copybits
 .text.__any_on
                0x08012dba       0x42 C:/ST/STM32CubeIDE_1.19.0/STM32CubeIDE/plugins/com.st.stm32cube.ide.mcu.externaltools.gnu-tools-for-stm32.13.3.rel1.win32_1.0.100.202509120712/tools/bin/../lib/gcc/arm-none-eabi/13.3.1/../../../../arm-none-eabi/lib/thumb/v7e-m+fp/hard\libc_nano.a(libc_a-mprec.o)
                0x08012dba                __any_on
 .text.__ascii_wctomb
                0x08012dfc       0x1a C:/ST/STM32CubeIDE_1.19.0/STM32CubeIDE/plugins/com.st.stm32cube.ide.mcu.externaltools.gnu-tools-for-stm32.13.3.rel1.win32_1.0.100.202509120712/tools/bin/../lib/gcc/arm-none-eabi/13.3.1/../../../../arm-none-eabi/lib/thumb/v7e-m+fp/hard\libc_nano.a(libc_a-wctomb_r.o)
                0x08012dfc                __ascii_wctomb
 *fill*         0x08012e16        0x2 
 .text.__sflush_r
                0x08012e18      0x108 C:/ST/STM32CubeIDE_1.19.0/STM32CubeIDE/plugins/com.st.stm32cube.ide.mcu.externaltools.gnu-tools-for-stm32.13.3.rel1.win32_1.0.100.202509120712/tools/bin/../lib/gcc/arm-none-eabi/13.3.1/../../../../arm-none-eabi/lib/thumb/v7e-m+fp/hard\libc_nano.a(libc_a-fflush.o)
                0x08012e18                __sflush_r
 .text._fflush_r
                0x08012f20       0x50 C:/ST/STM32CubeIDE_1.19.0/STM32CubeIDE/plugins/com.st.stm32cube.ide.mcu.externaltools.gnu-tools-for-stm32.13.3.rel1.win32_1.0.100.202509120712/tools/bin/../lib/gcc/arm-none-eabi/13.3.1/../../../../arm-none-eabi/lib/thumb/v7e-m+fp/hard\libc_nano.a(libc_a-fflush.o)
                0x08012f20                _fflush_r
 .text.fprintf  0x08012f70       0x24 C:/ST/STM32CubeIDE_1.19.0/STM32CubeIDE/plugins/com.st.stm32cube.ide.mcu.externaltools.gnu-tools-for-stm32.13.3.rel1.win32_1.0.100.202509120712/tools/bin/../lib/gcc/arm-none-eabi/13.3.1/../../../../arm-none-eabi/lib/thumb/v7e-m+fp/hard\libc_nano.a(libc_a-fprintf.o)
                0x08012f70                fiprintf
                0x08012f70                fprintf
 .text._sbrk_r  0x08012f94       0x20 C:/ST/STM32CubeIDE_1.19.0/STM32CubeIDE/plugins/com.st.stm32cube.ide.mcu.externaltools.gnu-tools-for-stm32.13.3.rel1.win32_1.0.100.202509120712/tools/bin/../lib/gcc/arm-none-eabi/13.3.1/../../../../arm-none-eabi/lib/thumb/v7e-m+fp/hard\libc_nano.a(libc_a-sbrkr.o)
                0x08012f94                _sbrk_r